Archive member included to satisfy reference by file (symbol)

C:\Users\linyixin\Desktop\c2406\0708_code_lcd\0703_lcd_lib\Debug\lib0703_lcd_lib.a(Adafruit_GFX.o)
                              ./Core/Src/main+.o (Adafruit_GFX::fillScreen(unsigned short))
C:\Users\linyixin\Desktop\c2406\0708_code_lcd\0703_lcd_lib\Debug\lib0703_lcd_lib.a(Adafruit_SPITFT.o)
                              ./Core/Src/main+.o (Adafruit_SPITFT::drawPixel(short, short, unsigned short))
C:\Users\linyixin\Desktop\c2406\0708_code_lcd\0703_lcd_lib\Debug\lib0703_lcd_lib.a(Adafruit_ST7789.o)
                              ./Core/Src/main+.o (Adafruit_ST7789::setRotation(unsigned char))
C:\Users\linyixin\Desktop\c2406\0708_code_lcd\0703_lcd_lib\Debug\lib0703_lcd_lib.a(Adafruit_ST77xx.o)
                              C:\Users\linyixin\Desktop\c2406\0708_code_lcd\0703_lcd_lib\Debug\lib0703_lcd_lib.a(Adafruit_ST7789.o) (Adafruit_ST77xx::begin(unsigned long))
C:\Users\linyixin\Desktop\c2406\0708_code_lcd\0703_lcd_lib\Debug\lib0703_lcd_lib.a(Print.o)
                              C:\Users\linyixin\Desktop\c2406\0708_code_lcd\0703_lcd_lib\Debug\lib0703_lcd_lib.a(Adafruit_GFX.o) (Print::write(unsigned char const*, unsigned int))
C:/ST/STM32CubeIDE_1.15.1/STM32CubeIDE/plugins/com.st.stm32cube.ide.mcu.externaltools.gnu-tools-for-stm32.12.3.rel1.win32_1.0.200.202406191623/tools/bin/../lib/gcc/arm-none-eabi/12.3.1/../../../../arm-none-eabi/lib/thumb/v7e-m+fp/hard\libm.a(libm_a-sf_sin.o)
                              ./Core/Src/main.o (sinf)
C:/ST/STM32CubeIDE_1.15.1/STM32CubeIDE/plugins/com.st.stm32cube.ide.mcu.externaltools.gnu-tools-for-stm32.12.3.rel1.win32_1.0.200.202406191623/tools/bin/../lib/gcc/arm-none-eabi/12.3.1/../../../../arm-none-eabi/lib/thumb/v7e-m+fp/hard\libm.a(libm_a-kf_cos.o)
                              C:/ST/STM32CubeIDE_1.15.1/STM32CubeIDE/plugins/com.st.stm32cube.ide.mcu.externaltools.gnu-tools-for-stm32.12.3.rel1.win32_1.0.200.202406191623/tools/bin/../lib/gcc/arm-none-eabi/12.3.1/../../../../arm-none-eabi/lib/thumb/v7e-m+fp/hard\libm.a(libm_a-sf_sin.o) (__kernel_cosf)
C:/ST/STM32CubeIDE_1.15.1/STM32CubeIDE/plugins/com.st.stm32cube.ide.mcu.externaltools.gnu-tools-for-stm32.12.3.rel1.win32_1.0.200.202406191623/tools/bin/../lib/gcc/arm-none-eabi/12.3.1/../../../../arm-none-eabi/lib/thumb/v7e-m+fp/hard\libm.a(libm_a-kf_sin.o)
                              C:/ST/STM32CubeIDE_1.15.1/STM32CubeIDE/plugins/com.st.stm32cube.ide.mcu.externaltools.gnu-tools-for-stm32.12.3.rel1.win32_1.0.200.202406191623/tools/bin/../lib/gcc/arm-none-eabi/12.3.1/../../../../arm-none-eabi/lib/thumb/v7e-m+fp/hard\libm.a(libm_a-sf_sin.o) (__kernel_sinf)
C:/ST/STM32CubeIDE_1.15.1/STM32CubeIDE/plugins/com.st.stm32cube.ide.mcu.externaltools.gnu-tools-for-stm32.12.3.rel1.win32_1.0.200.202406191623/tools/bin/../lib/gcc/arm-none-eabi/12.3.1/../../../../arm-none-eabi/lib/thumb/v7e-m+fp/hard\libm.a(libm_a-ef_rem_pio2.o)
                              C:/ST/STM32CubeIDE_1.15.1/STM32CubeIDE/plugins/com.st.stm32cube.ide.mcu.externaltools.gnu-tools-for-stm32.12.3.rel1.win32_1.0.200.202406191623/tools/bin/../lib/gcc/arm-none-eabi/12.3.1/../../../../arm-none-eabi/lib/thumb/v7e-m+fp/hard\libm.a(libm_a-sf_sin.o) (__ieee754_rem_pio2f)
C:/ST/STM32CubeIDE_1.15.1/STM32CubeIDE/plugins/com.st.stm32cube.ide.mcu.externaltools.gnu-tools-for-stm32.12.3.rel1.win32_1.0.200.202406191623/tools/bin/../lib/gcc/arm-none-eabi/12.3.1/../../../../arm-none-eabi/lib/thumb/v7e-m+fp/hard\libm.a(libm_a-sf_fabs.o)
                              C:/ST/STM32CubeIDE_1.15.1/STM32CubeIDE/plugins/com.st.stm32cube.ide.mcu.externaltools.gnu-tools-for-stm32.12.3.rel1.win32_1.0.200.202406191623/tools/bin/../lib/gcc/arm-none-eabi/12.3.1/../../../../arm-none-eabi/lib/thumb/v7e-m+fp/hard\libm.a(libm_a-ef_rem_pio2.o) (fabsf)
C:/ST/STM32CubeIDE_1.15.1/STM32CubeIDE/plugins/com.st.stm32cube.ide.mcu.externaltools.gnu-tools-for-stm32.12.3.rel1.win32_1.0.200.202406191623/tools/bin/../lib/gcc/arm-none-eabi/12.3.1/../../../../arm-none-eabi/lib/thumb/v7e-m+fp/hard\libm.a(libm_a-kf_rem_pio2.o)
                              C:/ST/STM32CubeIDE_1.15.1/STM32CubeIDE/plugins/com.st.stm32cube.ide.mcu.externaltools.gnu-tools-for-stm32.12.3.rel1.win32_1.0.200.202406191623/tools/bin/../lib/gcc/arm-none-eabi/12.3.1/../../../../arm-none-eabi/lib/thumb/v7e-m+fp/hard\libm.a(libm_a-ef_rem_pio2.o) (__kernel_rem_pio2f)
C:/ST/STM32CubeIDE_1.15.1/STM32CubeIDE/plugins/com.st.stm32cube.ide.mcu.externaltools.gnu-tools-for-stm32.12.3.rel1.win32_1.0.200.202406191623/tools/bin/../lib/gcc/arm-none-eabi/12.3.1/../../../../arm-none-eabi/lib/thumb/v7e-m+fp/hard\libm.a(libm_a-sf_scalbn.o)
                              C:/ST/STM32CubeIDE_1.15.1/STM32CubeIDE/plugins/com.st.stm32cube.ide.mcu.externaltools.gnu-tools-for-stm32.12.3.rel1.win32_1.0.200.202406191623/tools/bin/../lib/gcc/arm-none-eabi/12.3.1/../../../../arm-none-eabi/lib/thumb/v7e-m+fp/hard\libm.a(libm_a-kf_rem_pio2.o) (scalbnf)
[...]
Memory Configuration

Name             Origin             Length             Attributes
RAM              0x20000000         0x00020000         xrw
FLASH            0x08000000         0x00080000         xr
*default*        0x00000000         0xffffffff

Linker script and memory map

LOAD C:/ST/STM32CubeIDE_1.15.1/STM32CubeIDE/plugins/com.st.stm32cube.ide.mcu.externaltools.gnu-tools-for-stm32.12.3.rel1.win32_1.0.200.202406191623/tools/bin/../lib/gcc/arm-none-eabi/12.3.1/thumb/v7e-m+fp/hard/crti.o
LOAD C:/ST/STM32CubeIDE_1.15.1/STM32CubeIDE/plugins/com.st.stm32cube.ide.mcu.externaltools.gnu-tools-for-stm32.12.3.rel1.win32_1.0.200.202406191623/tools/bin/../lib/gcc/arm-none-eabi/12.3.1/thumb/v7e-m+fp/hard/crtbegin.o
LOAD C:/ST/STM32CubeIDE_1.15.1/STM32CubeIDE/plugins/com.st.stm32cube.ide.mcu.externaltools.gnu-tools-for-stm32.12.3.rel1.win32_1.0.200.202406191623/tools/bin/../lib/gcc/arm-none-eabi/12.3.1/../../../../arm-none-eabi/lib/thumb/v7e-m+fp/hard/crt0.o
LOAD ./Core/Src/main+.o
LOAD ./Core/Src/main.o
LOAD ./Core/Src/stm32g4xx_hal_msp.o
LOAD ./Core/Src/stm32g4xx_it.o
LOAD ./Core/Src/syscalls.o
LOAD ./Core/Src/sysmem.o
LOAD ./Core/Src/system_stm32g4xx.o
LOAD ./Core/Src/tft18.o
LOAD ./Core/Startup/startup_stm32g474retx.o
LOAD ./Drivers/STM32G4xx_HAL_Driver/Src/stm32g4xx_hal.o
LOAD ./Drivers/STM32G4xx_HAL_Driver/Src/stm32g4xx_hal_cortex.o
LOAD ./Drivers/STM32G4xx_HAL_Driver/Src/stm32g4xx_hal_dac.o
LOAD ./Drivers/STM32G4xx_HAL_Driver/Src/stm32g4xx_hal_dac_ex.o
LOAD ./Drivers/STM32G4xx_HAL_Driver/Src/stm32g4xx_hal_dma.o
LOAD ./Drivers/STM32G4xx_HAL_Driver/Src/stm32g4xx_hal_dma_ex.o
LOAD ./Drivers/STM32G4xx_HAL_Driver/Src/stm32g4xx_hal_exti.o
LOAD ./Drivers/STM32G4xx_HAL_Driver/Src/stm32g4xx_hal_flash.o
LOAD ./Drivers/STM32G4xx_HAL_Driver/Src/stm32g4xx_hal_flash_ex.o
LOAD ./Drivers/STM32G4xx_HAL_Driver/Src/stm32g4xx_hal_flash_ramfunc.o
LOAD ./Drivers/STM32G4xx_HAL_Driver/Src/stm32g4xx_hal_gpio.o
LOAD ./Drivers/STM32G4xx_HAL_Driver/Src/stm32g4xx_hal_opamp.o
LOAD ./Drivers/STM32G4xx_HAL_Driver/Src/stm32g4xx_hal_opamp_ex.o
LOAD ./Drivers/STM32G4xx_HAL_Driver/Src/stm32g4xx_hal_pwr.o
LOAD ./Drivers/STM32G4xx_HAL_Driver/Src/stm32g4xx_hal_pwr_ex.o
LOAD ./Drivers/STM32G4xx_HAL_Driver/Src/stm32g4xx_hal_rcc.o
LOAD ./Drivers/STM32G4xx_HAL_Driver/Src/stm32g4xx_hal_rcc_ex.o
LOAD ./Drivers/STM32G4xx_HAL_Driver/Src/stm32g4xx_hal_spi.o
LOAD ./Drivers/STM32G4xx_HAL_Driver/Src/stm32g4xx_hal_spi_ex.o
LOAD ./Drivers/STM32G4xx_HAL_Driver/Src/stm32g4xx_hal_tim.o
LOAD ./Drivers/STM32G4xx_HAL_Driver/Src/stm32g4xx_hal_tim_ex.o
START GROUP
LOAD C:\Users\linyixin\Desktop\c2406\0708_code_lcd\0703_lcd_lib\Debug\lib0703_lcd_lib.a
END GROUP
START GROUP
LOAD C:/ST/STM32CubeIDE_1.15.1/STM32CubeIDE/plugins/com.st.stm32cube.ide.mcu.externaltools.gnu-tools-for-stm32.12.3.rel1.win32_1.0.200.202406191623/tools/bin/../lib/gcc/arm-none-eabi/12.3.1/../../../../arm-none-eabi/lib/thumb/v7e-m+fp/hard\libstdc++_nano.a
LOAD C:/ST/STM32CubeIDE_1.15.1/STM32CubeIDE/plugins/com.st.stm32cube.ide.mcu.externaltools.gnu-tools-for-stm32.12.3.rel1.win32_1.0.200.202406191623/tools/bin/../lib/gcc/arm-none-eabi/12.3.1/../../../../arm-none-eabi/lib/thumb/v7e-m+fp/hard\libsupc++_nano.a
END GROUP
LOAD C:/ST/STM32CubeIDE_1.15.1/STM32CubeIDE/plugins/com.st.stm32cube.ide.mcu.externaltools.gnu-tools-for-stm32.12.3.rel1.win32_1.0.200.202406191623/tools/bin/../lib/gcc/arm-none-eabi/12.3.1/../../../../arm-none-eabi/lib/thumb/v7e-m+fp/hard\libstdc++_nano.a
LOAD C:/ST/STM32CubeIDE_1.15.1/STM32CubeIDE/plugins/com.st.stm32cube.ide.mcu.externaltools.gnu-tools-for-stm32.12.3.rel1.win32_1.0.200.202406191623/tools/bin/../lib/gcc/arm-none-eabi/12.3.1/../../../../arm-none-eabi/lib/thumb/v7e-m+fp/hard\libm.a
LOAD C:/ST/STM32CubeIDE_1.15.1/STM32CubeIDE/plugins/com.st.stm32cube.ide.mcu.externaltools.gnu-tools-for-stm32.12.3.rel1.win32_1.0.200.202406191623/tools/bin/../lib/gcc/arm-none-eabi/12.3.1/../../../../arm-none-eabi/lib/thumb/v7e-m+fp/hard\libc_nano.a
START GROUP
LOAD C:/ST/STM32CubeIDE_1.15.1/STM32CubeIDE/plugins/com.st.stm32cube.ide.mcu.externaltools.gnu-tools-for-stm32.12.3.rel1.win32_1.0.200.202406191623/tools/bin/../lib/gcc/arm-none-eabi/12.3.1/thumb/v7e-m+fp/hard\libgcc.a
LOAD C:/ST/STM32CubeIDE_1.15.1/STM32CubeIDE/plugins/com.st.stm32cube.ide.mcu.externaltools.gnu-tools-for-stm32.12.3.rel1.win32_1.0.200.202406191623/tools/bin/../lib/gcc/arm-none-eabi/12.3.1/../../../../arm-none-eabi/lib/thumb/v7e-m+fp/hard\libc_nano.a
END GROUP
START GROUP
LOAD C:/ST/STM32CubeIDE_1.15.1/STM32CubeIDE/plugins/com.st.stm32cube.ide.mcu.externaltools.gnu-tools-for-stm32.12.3.rel1.win32_1.0.200.202406191623/tools/bin/../lib/gcc/arm-none-eabi/12.3.1/thumb/v7e-m+fp/hard\libgcc.a
LOAD C:/ST/STM32CubeIDE_1.15.1/STM32CubeIDE/plugins/com.st.stm32cube.ide.mcu.externaltools.gnu-tools-for-stm32.12.3.rel1.win32_1.0.200.202406191623/tools/bin/../lib/gcc/arm-none-eabi/12.3.1/../../../../arm-none-eabi/lib/thumb/v7e-m+fp/hard\libc_nano.a
LOAD C:/ST/STM32CubeIDE_1.15.1/STM32CubeIDE/plugins/com.st.stm32cube.ide.mcu.externaltools.gnu-tools-for-stm32.12.3.rel1.win32_1.0.200.202406191623/tools/bin/../lib/gcc/arm-none-eabi/12.3.1/../../../../arm-none-eabi/lib/thumb/v7e-m+fp/hard\libnosys.a
END GROUP
START GROUP
LOAD C:/ST/STM32CubeIDE_1.15.1/STM32CubeIDE/plugins/com.st.stm32cube.ide.mcu.externaltools.gnu-tools-for-stm32.12.3.rel1.win32_1.0.200.202406191623/tools/bin/../lib/gcc/arm-none-eabi/12.3.1/thumb/v7e-m+fp/hard\libgcc.a
LOAD C:/ST/STM32CubeIDE_1.15.1/STM32CubeIDE/plugins/com.st.stm32cube.ide.mcu.externaltools.gnu-tools-for-stm32.12.3.rel1.win32_1.0.200.202406191623/tools/bin/../lib/gcc/arm-none-eabi/12.3.1/../../../../arm-none-eabi/lib/thumb/v7e-m+fp/hard\libc_nano.a
LOAD C:/ST/STM32CubeIDE_1.15.1/STM32CubeIDE/plugins/com.st.stm32cube.ide.mcu.externaltools.gnu-tools-for-stm32.12.3.rel1.win32_1.0.200.202406191623/tools/bin/../lib/gcc/arm-none-eabi/12.3.1/../../../../arm-none-eabi/lib/thumb/v7e-m+fp/hard\libnosys.a
END GROUP
LOAD C:/ST/STM32CubeIDE_1.15.1/STM32CubeIDE/plugins/com.st.stm32cube.ide.mcu.externaltools.gnu-tools-for-stm32.12.3.rel1.win32_1.0.200.202406191623/tools/bin/../lib/gcc/arm-none-eabi/12.3.1/thumb/v7e-m+fp/hard/crtend.o
LOAD C:/ST/STM32CubeIDE_1.15.1/STM32CubeIDE/plugins/com.st.stm32cube.ide.mcu.externaltools.gnu-tools-for-stm32.12.3.rel1.win32_1.0.200.202406191623/tools/bin/../lib/gcc/arm-none-eabi/12.3.1/thumb/v7e-m+fp/hard/crtn.o
                0x20020000                        _estack = (ORIGIN (RAM) + LENGTH (RAM))
                0x00000200                        _Min_Heap_Size = 0x200
                0x00000400                        _Min_Stack_Size = 0x400

.isr_vector     0x08000000      0x1d8
                0x08000000                        . = ALIGN (0x4)
 *(.isr_vector)
 .isr_vector    0x08000000      0x1d8 ./Core/Startup/startup_stm32g474retx.o
                0x08000000                g_pfnVectors
                0x080001d8                        . = ALIGN (0x4)

.text           0x080001e0     0x8d88
                0x080001e0                        . = ALIGN (0x4)
 *(.text)
 .text          0x080001e0       0x40 C:/ST/STM32CubeIDE_1.15.1/STM32CubeIDE/plugins/com.st.stm32cube.ide.mcu.externaltools.gnu-tools-for-stm32.12.3.rel1.win32_1.0.200.202406191623/tools/bin/../lib/gcc/arm-none-eabi/12.3.1/thumb/v7e-m+fp/hard/crtbegin.o
 .text          0x08000220       0x10 C:/ST/STM32CubeIDE_1.15.1/STM32CubeIDE/plugins/com.st.stm32cube.ide.mcu.externaltools.gnu-tools-for-stm32.12.3.rel1.win32_1.0.200.202406191623/tools/bin/../lib/gcc/arm-none-eabi/12.3.1/../../../../arm-none-eabi/lib/thumb/v7e-m+fp/hard\libc_nano.a(libc_a-strlen.o)
                0x08000220                strlen
 .text          0x08000230       0xa0 C:/ST/STM32CubeIDE_1.15.1/STM32CubeIDE/plugins/com.st.stm32cube.ide.mcu.externaltools.gnu-tools-for-stm32.12.3.rel1.win32_1.0.200.202406191623/tools/bin/../lib/gcc/arm-none-eabi/12.3.1/../../../../arm-none-eabi/lib/thumb/v7e-m+fp/hard\libc_nano.a(libc_a-memchr.o)
                0x08000230                memchr
 .text          0x080002d0      0x378 C:/ST/STM32CubeIDE_1.15.1/STM32CubeIDE/plugins/com.st.stm32cube.ide.mcu.externaltools.gnu-tools-for-stm32.12.3.rel1.win32_1.0.200.202406191623/tools/bin/../lib/gcc/arm-none-eabi/12.3.1/thumb/v7e-m+fp/hard\libgcc.a(_arm_addsubdf3.o)
                0x080002d0                __aeabi_drsub
                0x080002d8                __aeabi_dsub
                0x080002d8                __subdf3
                0x080002dc                __aeabi_dadd
                0x080002dc                __adddf3
                0x08000554                __floatunsidf
                0x08000554                __aeabi_ui2d
                0x08000574                __floatsidf
                0x08000574                __aeabi_i2d
                0x08000598                __aeabi_f2d
                0x08000598                __extendsfdf2
                0x080005dc                __floatundidf
                0x080005dc                __aeabi_ul2d
                0x080005ec                __floatdidf
                0x080005ec                __aeabi_l2d
 .text          0x08000648      0x424 C:/ST/STM32CubeIDE_1.15.1/STM32CubeIDE/plugins/com.st.stm32cube.ide.mcu.externaltools.gnu-tools-for-stm32.12.3.rel1.win32_1.0.200.202406191623/tools/bin/../lib/gcc/arm-none-eabi/12.3.1/thumb/v7e-m+fp/hard\libgcc.a(_arm_muldivdf3.o)
                0x08000648                __aeabi_dmul
                0x08000648                __muldf3
                0x0800089c                __divdf3
                0x0800089c                __aeabi_ddiv
 .text          0x08000a6c       0xa0 C:/ST/STM32CubeIDE_1.15.1/STM32CubeIDE/plugins/com.st.stm32cube.ide.mcu.externaltools.gnu-tools-for-stm32.12.3.rel1.win32_1.0.200.202406191623/tools/bin/../lib/gcc/arm-none-eabi/12.3.1/thumb/v7e-m+fp/hard\libgcc.a(_arm_truncdfsf2.o)
                0x08000a6c                __truncdfsf2
                0x08000a6c                __aeabi_d2f
 .text          0x08000b0c       0xa0 C:/ST/STM32CubeIDE_1.15.1/STM32CubeIDE/plugins/com.st.stm32cube.ide.mcu.externaltools.gnu-tools-for-stm32.12.3.rel1.win32_1.0.200.202406191623/tools/bin/../lib/gcc/arm-none-eabi/12.3.1/thumb/v7e-m+fp/hard\libgcc.a(_aeabi_ldivmod.o)
                0x08000b0c                __aeabi_ldivmod
 .text          0x08000bac      0x2bc C:/ST/STM32CubeIDE_1.15.1/STM32CubeIDE/plugins/com.st.stm32cube.ide.mcu.externaltools.gnu-tools-for-stm32.12.3.rel1.win32_1.0.200.202406191623/tools/bin/../lib/gcc/arm-none-eabi/12.3.1/thumb/v7e-m+fp/hard\libgcc.a(_udivmoddi4.o)
                0x08000bac                __udivmoddi4
 .text          0x08000e68        0x4 C:/ST/STM32CubeIDE_1.15.1/STM32CubeIDE/plugins/com.st.stm32cube.ide.mcu.externaltools.gnu-tools-for-stm32.12.3.rel1.win32_1.0.200.202406191623/tools/bin/../lib/gcc/arm-none-eabi/12.3.1/thumb/v7e-m+fp/hard\libgcc.a(_dvmd_tls.o)
                0x08000e68                __aeabi_idiv0
                0x08000e68                __aeabi_ldiv0
 *(.text*)
 .text._ZN12Adafruit_GFX9setCursorEss
                0x08000e6c       0x28 ./Core/Src/main+.o
                0x08000e6c                Adafruit_GFX::setCursor(short, short)
 .text._ZN12Adafruit_GFX12setTextColorEtt
                0x08000e94       0x28 ./Core/Src/main+.o
                0x08000e94                Adafruit_GFX::setTextColor(unsigned short, unsigned short)
 .text._ZN15Adafruit_SPITFTD2Ev
                0x08000ebc       0x20 ./Core/Src/main+.o
                0x08000ebc                Adafruit_SPITFT::~Adafruit_SPITFT()
                0x08000ebc                Adafruit_SPITFT::~Adafruit_SPITFT()
 .text._Z12lcd_callbackN15Adafruit_SPITFT6SpiCmdEPhj
                0x08000edc       0x88 ./Core/Src/main+.o
                0x08000edc                lcd_callback(Adafruit_SPITFT::SpiCmd, unsigned char*, unsigned int)
 .text.setup    0x08000f64      0x180 ./Core/Src/main+.o
                0x08000f64                setup
 .text.lcd_show_picture
                0x080010e4       0x78 ./Core/Src/main+.o
                0x080010e4                lcd_show_picture
 .text.lcd_show_num
                0x0800115c       0x54 ./Core/Src/main+.o
                0x0800115c                lcd_show_num
 .text.lcd_show_str
                0x080011b0       0x4c ./Core/Src/main+.o
                0x080011b0                lcd_show_str
 .text.lcd_show_black
                0x080011fc       0x48 ./Core/Src/main+.o
                0x080011fc                lcd_show_black
 .text._ZN15Adafruit_ST77xxD2Ev
                0x08001244       0x24 ./Core/Src/main+.o
                0x08001244                Adafruit_ST77xx::~Adafruit_ST77xx()
                0x08001244                Adafruit_ST77xx::~Adafruit_ST77xx()
 .text._ZN15Adafruit_ST7789D2Ev
                0x08001268       0x24 ./Core/Src/main+.o
                0x08001268                Adafruit_ST7789::~Adafruit_ST7789()
                0x08001268                Adafruit_ST7789::~Adafruit_ST7789()
 .text._Z41__static_initialization_and_destruction_0ii
                0x0800128c       0x50 ./Core/Src/main+.o
 .text._GLOBAL__sub_I__Z12lcd_callbackN15Adafruit_SPITFT6SpiCmdEPhj
                0x080012dc       0x10 ./Core/Src/main+.o
 .text._GLOBAL__sub_D__Z12lcd_callbackN15Adafruit_SPITFT6SpiCmdEPhj
                0x080012ec       0x10 ./Core/Src/main+.o
 .text.AD9959_WriteData
                0x080012fc      0x114 ./Core/Src/main.o
                0x080012fc                AD9959_WriteData
 .text.Write_CFTW0
                0x08001410       0x70 ./Core/Src/main.o
                0x08001410                Write_CFTW0
 .text.AD9959_Set_Freq
                0x08001480       0x30 ./Core/Src/main.o
                0x08001480                AD9959_Set_Freq
 .text.Write_ACR
                0x080014b0       0x54 ./Core/Src/main.o
                0x080014b0                Write_ACR
 .text.AD9959_Set_Ampl
                0x08001504       0x68 ./Core/Src/main.o
                0x08001504                AD9959_Set_Ampl
 .text.Write_CPOW0
                0x0800156c       0x34 ./Core/Src/main.o
                0x0800156c                Write_CPOW0
 .text.AD9959_Set_Phase
                0x080015a0       0x36 ./Core/Src/main.o
                0x080015a0                AD9959_Set_Phase
 *fill*         0x080015d6        0x2 
 .text.AD9959_Init
                0x080015d8       0x48 ./Core/Src/main.o
                0x080015d8                AD9959_Init
 .text.IntReset
                0x08001620       0x38 ./Core/Src/main.o
                0x08001620                IntReset
 .text.Intserve
                0x08001658       0x8c ./Core/Src/main.o
                0x08001658                Intserve
 .text.IO_Update
                0x080016e4       0x38 ./Core/Src/main.o
                0x080016e4                IO_Update
 *fill*         0x0800171c        0x4 
 .text.set_dac  0x08001720      0x29c ./Core/Src/main.o
                0x08001720                set_dac
 .text.main     0x080019bc      0xdec ./Core/Src/main.o
                0x080019bc                main
 .text.SystemClock_Config
                0x080027a8       0x92 ./Core/Src/main.o
                0x080027a8                SystemClock_Config
 *fill*         0x0800283a        0x2 
 .text.MX_DAC3_Init
                0x0800283c       0x88 ./Core/Src/main.o
 .text.MX_OPAMP3_Init
                0x080028c4       0x4c ./Core/Src/main.o
 .text.MX_OPAMP6_Init
                0x08002910       0x4c ./Core/Src/main.o
 .text.MX_SPI1_Init
                0x0800295c       0x7c ./Core/Src/main.o
 .text.MX_TIM8_Init
                0x080029d8       0xb4 ./Core/Src/main.o
 .text.MX_TIM15_Init
                0x08002a8c       0xa0 ./Core/Src/main.o
 .text.MX_DMA_Init
                0x08002b2c       0x54 ./Core/Src/main.o
 .text.MX_GPIO_Init
                0x08002b80      0x12c ./Core/Src/main.o
 .text.Error_Handler
                0x08002cac        0xc ./Core/Src/main.o
                0x08002cac                Error_Handler
 .text.HAL_MspInit
                0x08002cb8       0x48 ./Core/Src/stm32g4xx_hal_msp.o
                0x08002cb8                HAL_MspInit
 .text.HAL_DAC_MspInit
                0x08002d00       0xf8 ./Core/Src/stm32g4xx_hal_msp.o
                0x08002d00                HAL_DAC_MspInit
 .text.HAL_OPAMP_MspInit
                0x08002df8       0xa8 ./Core/Src/stm32g4xx_hal_msp.o
                0x08002df8                HAL_OPAMP_MspInit
 .text.HAL_SPI_MspInit
                0x08002ea0       0xe0 ./Core/Src/stm32g4xx_hal_msp.o
                0x08002ea0                HAL_SPI_MspInit
 .text.HAL_TIM_Encoder_MspInit
                0x08002f80       0x88 ./Core/Src/stm32g4xx_hal_msp.o
                0x08002f80                HAL_TIM_Encoder_MspInit
 .text.HAL_TIM_Base_MspInit
                0x08003008       0x40 ./Core/Src/stm32g4xx_hal_msp.o
                0x08003008                HAL_TIM_Base_MspInit
 .text.NMI_Handler
                0x08003048        0x8 ./Core/Src/stm32g4xx_it.o
                0x08003048                NMI_Handler
 .text.HardFault_Handler
                0x08003050        0x8 ./Core/Src/stm32g4xx_it.o
                0x08003050                HardFault_Handler
 .text.MemManage_Handler
                0x08003058        0x8 ./Core/Src/stm32g4xx_it.o
                0x08003058                MemManage_Handler
 .text.BusFault_Handler
                0x08003060        0x8 ./Core/Src/stm32g4xx_it.o
                0x08003060                BusFault_Handler
 .text.UsageFault_Handler
                0x08003068        0x8 ./Core/Src/stm32g4xx_it.o
                0x08003068                UsageFault_Handler
 .text.SVC_Handler
                0x08003070        0xe ./Core/Src/stm32g4xx_it.o
                0x08003070                SVC_Handler
 .text.DebugMon_Handler
                0x0800307e        0xe ./Core/Src/stm32g4xx_it.o
                0x0800307e                DebugMon_Handler
 .text.PendSV_Handler
                0x0800308c        0xe ./Core/Src/stm32g4xx_it.o
                0x0800308c                PendSV_Handler
 .text.SysTick_Handler
                0x0800309a        0xc ./Core/Src/stm32g4xx_it.o
                0x0800309a                SysTick_Handler
 *fill*         0x080030a6        0x2 
 .text.DMA1_Channel1_IRQHandler
                0x080030a8       0x14 ./Core/Src/stm32g4xx_it.o
                0x080030a8                DMA1_Channel1_IRQHandler
 .text._sbrk    0x080030bc       0x6c ./Core/Src/sysmem.o
                0x080030bc                _sbrk
 .text.SystemInit
                0x08003128       0x24 ./Core/Src/system_stm32g4xx.o
                0x08003128                SystemInit
 .text.Reset_Handler
                0x0800314c       0x50 ./Core/Startup/startup_stm32g474retx.o
                0x0800314c                Reset_Handler
 .text.Default_Handler
                0x0800319c        0x2 ./Core/Startup/startup_stm32g474retx.o
                0x0800319c                RTC_Alarm_IRQHandler
                0x0800319c                EXTI2_IRQHandler
                0x0800319c                TIM8_TRG_COM_IRQHandler
                0x0800319c                TIM8_CC_IRQHandler
                0x0800319c                HRTIM1_Master_IRQHandler
                0x0800319c                SPI4_IRQHandler
                0x0800319c                FDCAN3_IT0_IRQHandler
                0x0800319c                TIM1_CC_IRQHandler
                0x0800319c                HRTIM1_FLT_IRQHandler
                0x0800319c                HRTIM1_TIMF_IRQHandler
                0x0800319c                USB_HP_IRQHandler
                0x0800319c                CORDIC_IRQHandler
                0x0800319c                HRTIM1_TIMD_IRQHandler
                0x0800319c                DMA2_Channel8_IRQHandler
                0x0800319c                EXTI3_IRQHandler
                0x0800319c                I2C3_ER_IRQHandler
                0x0800319c                EXTI0_IRQHandler
                0x0800319c                I2C2_EV_IRQHandler
                0x0800319c                FPU_IRQHandler
                0x0800319c                FDCAN1_IT1_IRQHandler
                0x0800319c                TIM1_UP_TIM16_IRQHandler
                0x0800319c                ADC1_2_IRQHandler
                0x0800319c                HRTIM1_TIME_IRQHandler
                0x0800319c                SPI1_IRQHandler
                0x0800319c                TIM6_DAC_IRQHandler
                0x0800319c                HRTIM1_TIMC_IRQHandler
                0x0800319c                TIM8_UP_IRQHandler
                0x0800319c                DMA2_Channel2_IRQHandler
                0x0800319c                DMA1_Channel4_IRQHandler
                0x0800319c                TIM20_TRG_COM_IRQHandler
                0x0800319c                USART3_IRQHandler
                0x0800319c                DMA1_Channel7_IRQHandler
                0x0800319c                UART5_IRQHandler
                0x0800319c                ADC3_IRQHandler
                0x0800319c                TIM4_IRQHandler
                0x0800319c                DMA2_Channel1_IRQHandler
                0x0800319c                QUADSPI_IRQHandler
                0x0800319c                I2C1_EV_IRQHandler
                0x0800319c                DMA1_Channel6_IRQHandler
                0x0800319c                UART4_IRQHandler
                0x0800319c                DMA2_Channel4_IRQHandler
                0x0800319c                TIM3_IRQHandler
                0x0800319c                RCC_IRQHandler
                0x0800319c                TIM20_UP_IRQHandler
                0x0800319c                Default_Handler
                0x0800319c                DMA2_Channel7_IRQHandler
                0x0800319c                RTC_TAMP_LSECSS_IRQHandler
                0x0800319c                FMAC_IRQHandler
                0x0800319c                EXTI15_10_IRQHandler
                0x0800319c                DMA1_Channel8_IRQHandler
                0x0800319c                HRTIM1_TIMA_IRQHandler
                0x0800319c                TIM7_DAC_IRQHandler
                0x0800319c                FDCAN3_IT1_IRQHandler
                0x0800319c                TIM5_IRQHandler
                0x0800319c                UCPD1_IRQHandler
                0x0800319c                I2C3_EV_IRQHandler
                0x0800319c                EXTI9_5_IRQHandler
                0x0800319c                RTC_WKUP_IRQHandler
                0x0800319c                PVD_PVM_IRQHandler
                0x0800319c                SPI2_IRQHandler
                0x0800319c                ADC5_IRQHandler
                0x0800319c                DMA2_Channel5_IRQHandler
                0x0800319c                CRS_IRQHandler
                0x0800319c                DMA1_Channel5_IRQHandler
                0x0800319c                USB_LP_IRQHandler
                0x0800319c                EXTI4_IRQHandler
                0x0800319c                RNG_IRQHandler
                0x0800319c                HRTIM1_TIMB_IRQHandler
                0x0800319c                TIM1_TRG_COM_TIM17_IRQHandler
                0x0800319c                FDCAN2_IT1_IRQHandler
                0x0800319c                DMA1_Channel3_IRQHandler
                0x0800319c                ADC4_IRQHandler
                0x0800319c                WWDG_IRQHandler
                0x0800319c                I2C4_EV_IRQHandler
                0x0800319c                FDCAN2_IT0_IRQHandler
                0x0800319c                LPUART1_IRQHandler
                0x0800319c                DMA2_Channel6_IRQHandler
                0x0800319c                FDCAN1_IT0_IRQHandler
                0x0800319c                TIM2_IRQHandler
                0x0800319c                COMP7_IRQHandler
                0x0800319c                COMP1_2_3_IRQHandler
                0x0800319c                EXTI1_IRQHandler
                0x0800319c                USART2_IRQHandler
                0x0800319c                COMP4_5_6_IRQHandler
                0x0800319c                TIM20_BRK_IRQHandler
                0x0800319c                I2C2_ER_IRQHandler
                0x0800319c                DMA1_Channel2_IRQHandler
                0x0800319c                TIM8_BRK_IRQHandler
                0x0800319c                FLASH_IRQHandler
                0x0800319c                TIM20_CC_IRQHandler
                0x0800319c                USART1_IRQHandler
                0x0800319c                SPI3_IRQHandler
                0x0800319c                I2C1_ER_IRQHandler
                0x0800319c                FMC_IRQHandler
                0x0800319c                LPTIM1_IRQHandler
                0x0800319c                DMAMUX_OVR_IRQHandler
                0x0800319c                I2C4_ER_IRQHandler
                0x0800319c                USBWakeUp_IRQHandler
                0x0800319c                SAI1_IRQHandler
                0x0800319c                DMA2_Channel3_IRQHandler
                0x0800319c                TIM1_BRK_TIM15_IRQHandler
 .text.HAL_Init
                0x0800319e       0x30 ./Drivers/STM32G4xx_HAL_Driver/Src/stm32g4xx_hal.o
                0x0800319e                HAL_Init
 *fill*         0x080031ce        0x2 
 .text.HAL_InitTick
                0x080031d0       0x74 ./Drivers/STM32G4xx_HAL_Driver/Src/stm32g4xx_hal.o
                0x080031d0                HAL_InitTick
 .text.HAL_IncTick
                0x08003244       0x24 ./Drivers/STM32G4xx_HAL_Driver/Src/stm32g4xx_hal.o
                0x08003244                HAL_IncTick
 .text.HAL_GetTick
                0x08003268       0x18 ./Drivers/STM32G4xx_HAL_Driver/Src/stm32g4xx_hal.o
                0x08003268                HAL_GetTick
 .text.HAL_Delay
                0x08003280       0x44 ./Drivers/STM32G4xx_HAL_Driver/Src/stm32g4xx_hal.o
                0x08003280                HAL_Delay
 .text.__NVIC_SetPriorityGrouping
                0x080032c4       0x48 ./Drivers/STM32G4xx_HAL_Driver/Src/stm32g4xx_hal_cortex.o
 .text.__NVIC_GetPriorityGrouping
                0x0800330c       0x1c ./Drivers/STM32G4xx_HAL_Driver/Src/stm32g4xx_hal_cortex.o
 .text.__NVIC_EnableIRQ
                0x08003328       0x3c ./Drivers/STM32G4xx_HAL_Driver/Src/stm32g4xx_hal_cortex.o
 .text.__NVIC_SetPriority
                0x08003364       0x54 ./Drivers/STM32G4xx_HAL_Driver/Src/stm32g4xx_hal_cortex.o
 .text.NVIC_EncodePriority
                0x080033b8       0x66 ./Drivers/STM32G4xx_HAL_Driver/Src/stm32g4xx_hal_cortex.o
 *fill*         0x0800341e        0x2 
 .text.SysTick_Config
                0x08003420       0x44 ./Drivers/STM32G4xx_HAL_Driver/Src/stm32g4xx_hal_cortex.o
 .text.HAL_NVIC_SetPriorityGrouping
                0x08003464       0x16 ./Drivers/STM32G4xx_HAL_Driver/Src/stm32g4xx_hal_cortex.o
                0x08003464                HAL_NVIC_SetPriorityGrouping
 .text.HAL_NVIC_SetPriority
                0x0800347a       0x34 ./Drivers/STM32G4xx_HAL_Driver/Src/stm32g4xx_hal_cortex.o
                0x0800347a                HAL_NVIC_SetPriority
 .text.HAL_NVIC_EnableIRQ
                0x080034ae       0x1c ./Drivers/STM32G4xx_HAL_Driver/Src/stm32g4xx_hal_cortex.o
                0x080034ae                HAL_NVIC_EnableIRQ
 .text.HAL_SYSTICK_Config
                0x080034ca       0x18 ./Drivers/STM32G4xx_HAL_Driver/Src/stm32g4xx_hal_cortex.o
                0x080034ca                HAL_SYSTICK_Config
 .text.HAL_DAC_Init
                0x080034e2       0x44 ./Drivers/STM32G4xx_HAL_Driver/Src/stm32g4xx_hal_dac.o
                0x080034e2                HAL_DAC_Init
 *fill*         0x08003526        0x2 
 .text.HAL_DAC_Start_DMA
                0x08003528      0x1a8 ./Drivers/STM32G4xx_HAL_Driver/Src/stm32g4xx_hal_dac.o
                0x08003528                HAL_DAC_Start_DMA
 .text.HAL_DAC_Stop_DMA
                0x080036d0       0x9a ./Drivers/STM32G4xx_HAL_Driver/Src/stm32g4xx_hal_dac.o
                0x080036d0                HAL_DAC_Stop_DMA
 .text.HAL_DAC_ConvCpltCallbackCh1
                0x0800376a       0x14 ./Drivers/STM32G4xx_HAL_Driver/Src/stm32g4xx_hal_dac.o
                0x0800376a                HAL_DAC_ConvCpltCallbackCh1
 .text.HAL_DAC_ConvHalfCpltCallbackCh1
                0x0800377e       0x14 ./Drivers/STM32G4xx_HAL_Driver/Src/stm32g4xx_hal_dac.o
                0x0800377e                HAL_DAC_ConvHalfCpltCallbackCh1
 .text.HAL_DAC_ErrorCallbackCh1
                0x08003792       0x14 ./Drivers/STM32G4xx_HAL_Driver/Src/stm32g4xx_hal_dac.o
                0x08003792                HAL_DAC_ErrorCallbackCh1
 *fill*         0x080037a6        0x2 
 .text.HAL_DAC_ConfigChannel
                0x080037a8      0x370 ./Drivers/STM32G4xx_HAL_Driver/Src/stm32g4xx_hal_dac.o
                0x080037a8                HAL_DAC_ConfigChannel
 .text.DAC_DMAConvCpltCh1
                0x08003b18       0x22 ./Drivers/STM32G4xx_HAL_Driver/Src/stm32g4xx_hal_dac.o
                0x08003b18                DAC_DMAConvCpltCh1
 .text.DAC_DMAHalfConvCpltCh1
                0x08003b3a       0x1c ./Drivers/STM32G4xx_HAL_Driver/Src/stm32g4xx_hal_dac.o
                0x08003b3a                DAC_DMAHalfConvCpltCh1
 .text.DAC_DMAErrorCh1
                0x08003b56       0x2e ./Drivers/STM32G4xx_HAL_Driver/Src/stm32g4xx_hal_dac.o
                0x08003b56                DAC_DMAErrorCh1
 .text.HAL_DACEx_ConvCpltCallbackCh2
                0x08003b84       0x14 ./Drivers/STM32G4xx_HAL_Driver/Src/stm32g4xx_hal_dac_ex.o
                0x08003b84                HAL_DACEx_ConvCpltCallbackCh2
 .text.HAL_DACEx_ConvHalfCpltCallbackCh2
                0x08003b98       0x14 ./Drivers/STM32G4xx_HAL_Driver/Src/stm32g4xx_hal_dac_ex.o
                0x08003b98                HAL_DACEx_ConvHalfCpltCallbackCh2
 .text.HAL_DACEx_ErrorCallbackCh2
                0x08003bac       0x14 ./Drivers/STM32G4xx_HAL_Driver/Src/stm32g4xx_hal_dac_ex.o
                0x08003bac                HAL_DACEx_ErrorCallbackCh2
 .text.DAC_DMAConvCpltCh2
                0x08003bc0       0x22 ./Drivers/STM32G4xx_HAL_Driver/Src/stm32g4xx_hal_dac_ex.o
                0x08003bc0                DAC_DMAConvCpltCh2
 .text.DAC_DMAHalfConvCpltCh2
                0x08003be2       0x1c ./Drivers/STM32G4xx_HAL_Driver/Src/stm32g4xx_hal_dac_ex.o
                0x08003be2                DAC_DMAHalfConvCpltCh2
 .text.DAC_DMAErrorCh2
                0x08003bfe       0x2e ./Drivers/STM32G4xx_HAL_Driver/Src/stm32g4xx_hal_dac_ex.o
                0x08003bfe                DAC_DMAErrorCh2
 .text.HAL_DMA_Init
                0x08003c2c      0x150 ./Drivers/STM32G4xx_HAL_Driver/Src/stm32g4xx_hal_dma.o
                0x08003c2c                HAL_DMA_Init
 .text.HAL_DMA_Start_IT
                0x08003d7c       0xf6 ./Drivers/STM32G4xx_HAL_Driver/Src/stm32g4xx_hal_dma.o
                0x08003d7c                HAL_DMA_Start_IT
 .text.HAL_DMA_Abort
                0x08003e72       0xb2 ./Drivers/STM32G4xx_HAL_Driver/Src/stm32g4xx_hal_dma.o
                0x08003e72                HAL_DMA_Abort
 .text.HAL_DMA_IRQHandler
                0x08003f24      0x15e ./Drivers/STM32G4xx_HAL_Driver/Src/stm32g4xx_hal_dma.o
                0x08003f24                HAL_DMA_IRQHandler
 .text.DMA_SetConfig
                0x08004082       0x7c ./Drivers/STM32G4xx_HAL_Driver/Src/stm32g4xx_hal_dma.o
 *fill*         0x080040fe        0x2 
 .text.DMA_CalcDMAMUXChannelBaseAndMask
                0x08004100       0x7c ./Drivers/STM32G4xx_HAL_Driver/Src/stm32g4xx_hal_dma.o
 .text.DMA_CalcDMAMUXRequestGenBaseAndMask
                0x0800417c       0x48 ./Drivers/STM32G4xx_HAL_Driver/Src/stm32g4xx_hal_dma.o
 .text.HAL_GPIO_Init
                0x080041c4      0x304 ./Drivers/STM32G4xx_HAL_Driver/Src/stm32g4xx_hal_gpio.o
                0x080041c4                HAL_GPIO_Init
 .text.HAL_GPIO_ReadPin
                0x080044c8       0x30 ./Drivers/STM32G4xx_HAL_Driver/Src/stm32g4xx_hal_gpio.o
                0x080044c8                HAL_GPIO_ReadPin
 .text.HAL_GPIO_WritePin
                0x080044f8       0x30 ./Drivers/STM32G4xx_HAL_Driver/Src/stm32g4xx_hal_gpio.o
                0x080044f8                HAL_GPIO_WritePin
 .text.HAL_OPAMP_Init
                0x08004528      0x1a0 ./Drivers/STM32G4xx_HAL_Driver/Src/stm32g4xx_hal_opamp.o
                0x08004528                HAL_OPAMP_Init
 .text.HAL_OPAMP_Start
                0x080046c8       0x62 ./Drivers/STM32G4xx_HAL_Driver/Src/stm32g4xx_hal_opamp.o
                0x080046c8                HAL_OPAMP_Start
 *fill*         0x0800472a        0x2 
 .text.HAL_PWREx_ControlVoltageScaling
                0x0800472c      0x148 ./Drivers/STM32G4xx_HAL_Driver/Src/stm32g4xx_hal_pwr_ex.o
                0x0800472c                HAL_PWREx_ControlVoltageScaling
 .text.HAL_PWREx_DisableUCPDDeadBattery
                0x08004874       0x20 ./Drivers/STM32G4xx_HAL_Driver/Src/stm32g4xx_hal_pwr_ex.o
                0x08004874                HAL_PWREx_DisableUCPDDeadBattery
 .text.HAL_RCC_OscConfig
                0x08004894      0x624 ./Drivers/STM32G4xx_HAL_Driver/Src/stm32g4xx_hal_rcc.o
                0x08004894                HAL_RCC_OscConfig
 .text.HAL_RCC_ClockConfig
                0x08004eb8      0x278 ./Drivers/STM32G4xx_HAL_Driver/Src/stm32g4xx_hal_rcc.o
                0x08004eb8                HAL_RCC_ClockConfig
 .text.HAL_RCC_GetSysClockFreq
                0x08005130       0xc4 ./Drivers/STM32G4xx_HAL_Driver/Src/stm32g4xx_hal_rcc.o
                0x08005130                HAL_RCC_GetSysClockFreq
 .text.HAL_RCC_GetHCLKFreq
                0x080051f4       0x18 ./Drivers/STM32G4xx_HAL_Driver/Src/stm32g4xx_hal_rcc.o
                0x080051f4                HAL_RCC_GetHCLKFreq
 .text.RCC_GetSysClockFreqFromPLLSource
                0x0800520c       0x8c ./Drivers/STM32G4xx_HAL_Driver/Src/stm32g4xx_hal_rcc.o
 .text.HAL_SPI_Init
                0x08005298      0x156 ./Drivers/STM32G4xx_HAL_Driver/Src/stm32g4xx_hal_spi.o
                0x08005298                HAL_SPI_Init
 .text.HAL_SPI_Transmit
                0x080053ee      0x2ea ./Drivers/STM32G4xx_HAL_Driver/Src/stm32g4xx_hal_spi.o
                0x080053ee                HAL_SPI_Transmit
 .text.SPI_WaitFlagStateUntilTimeout
                0x080056d8      0x110 ./Drivers/STM32G4xx_HAL_Driver/Src/stm32g4xx_hal_spi.o
 .text.SPI_WaitFifoStateUntilTimeout
                0x080057e8      0x12c ./Drivers/STM32G4xx_HAL_Driver/Src/stm32g4xx_hal_spi.o
 .text.SPI_EndRxTxTransaction
                0x08005914       0x8c ./Drivers/STM32G4xx_HAL_Driver/Src/stm32g4xx_hal_spi.o
 .text.HAL_TIM_Base_Init
                0x080059a0       0xae ./Drivers/STM32G4xx_HAL_Driver/Src/stm32g4xx_hal_tim.o
                0x080059a0                HAL_TIM_Base_Init
 *fill*         0x08005a4e        0x2 
 .text.HAL_TIM_Base_Start
                0x08005a50       0xe0 ./Drivers/STM32G4xx_HAL_Driver/Src/stm32g4xx_hal_tim.o
                0x08005a50                HAL_TIM_Base_Start
 .text.HAL_TIM_Base_Stop
                0x08005b30       0x4e ./Drivers/STM32G4xx_HAL_Driver/Src/stm32g4xx_hal_tim.o
                0x08005b30                HAL_TIM_Base_Stop
 .text.HAL_TIM_Encoder_Init
                0x08005b7e      0x14c ./Drivers/STM32G4xx_HAL_Driver/Src/stm32g4xx_hal_tim.o
                0x08005b7e                HAL_TIM_Encoder_Init
 .text.HAL_TIM_Encoder_Start
                0x08005cca      0x11c ./Drivers/STM32G4xx_HAL_Driver/Src/stm32g4xx_hal_tim.o
                0x08005cca                HAL_TIM_Encoder_Start
 *fill*         0x08005de6        0x2 
 .text.HAL_TIM_ConfigClockSource
                0x08005de8      0x22c ./Drivers/STM32G4xx_HAL_Driver/Src/stm32g4xx_hal_tim.o
                0x08005de8                HAL_TIM_ConfigClockSource
 .text.TIM_Base_SetConfig
                0x08006014      0x168 ./Drivers/STM32G4xx_HAL_Driver/Src/stm32g4xx_hal_tim.o
                0x08006014                TIM_Base_SetConfig
 .text.TIM_TI1_ConfigInputStage
                0x0800617c       0x5e ./Drivers/STM32G4xx_HAL_Driver/Src/stm32g4xx_hal_tim.o
 .text.TIM_TI2_ConfigInputStage
                0x080061da       0x60 ./Drivers/STM32G4xx_HAL_Driver/Src/stm32g4xx_hal_tim.o
 .text.TIM_ITRx_SetConfig
                0x0800623a       0x3a ./Drivers/STM32G4xx_HAL_Driver/Src/stm32g4xx_hal_tim.o
 .text.TIM_ETR_SetConfig
                0x08006274       0x40 ./Drivers/STM32G4xx_HAL_Driver/Src/stm32g4xx_hal_tim.o
                0x08006274                TIM_ETR_SetConfig
 .text.TIM_CCxChannelCmd
                0x080062b4       0x4a ./Drivers/STM32G4xx_HAL_Driver/Src/stm32g4xx_hal_tim.o
                0x080062b4                TIM_CCxChannelCmd
 *fill*         0x080062fe        0x2 
 .text.HAL_TIMEx_MasterConfigSynchronization
                0x08006300      0x12c ./Drivers/STM32G4xx_HAL_Driver/Src/stm32g4xx_hal_tim_ex.o
                0x08006300                HAL_TIMEx_MasterConfigSynchronization
 .text._ZN5Print17availableForWriteEv
                0x0800642c        0x4 C:\Users\linyixin\Desktop\c2406\0708_code_lcd\0703_lcd_lib\Debug\lib0703_lcd_lib.a(Adafruit_GFX.o)
                0x0800642c                Print::availableForWrite()
 .text._ZN5Print5flushEv
                0x08006430        0x4 C:\Users\linyixin\Desktop\c2406\0708_code_lcd\0703_lcd_lib\Debug\lib0703_lcd_lib.a(Adafruit_GFX.o)
                0x08006430                Print::flush()
 .text._ZN12Adafruit_GFX10startWriteEv
                0x08006434        0x4 C:\Users\linyixin\Desktop\c2406\0708_code_lcd\0703_lcd_lib\Debug\lib0703_lcd_lib.a(Adafruit_GFX.o)
                0x08006434                Adafruit_GFX::startWrite()
                0x08006434                Adafruit_GFX::endWrite()
 .text._ZN12Adafruit_GFX10writePixelEsst
                0x08006438       0x10 C:\Users\linyixin\Desktop\c2406\0708_code_lcd\0703_lcd_lib\Debug\lib0703_lcd_lib.a(Adafruit_GFX.o)
                0x08006438                Adafruit_GFX::writePixel(short, short, unsigned short)
 .text._ZN12Adafruit_GFX14writeFastVLineEssst
                0x08006448       0x14 C:\Users\linyixin\Desktop\c2406\0708_code_lcd\0703_lcd_lib\Debug\lib0703_lcd_lib.a(Adafruit_GFX.o)
                0x08006448                Adafruit_GFX::writeFastVLine(short, short, short, unsigned short)
 .text._ZN12Adafruit_GFX14writeFastHLineEssst
                0x0800645c       0x14 C:\Users\linyixin\Desktop\c2406\0708_code_lcd\0703_lcd_lib\Debug\lib0703_lcd_lib.a(Adafruit_GFX.o)
                0x0800645c                Adafruit_GFX::writeFastHLine(short, short, short, unsigned short)
 .text._ZN12Adafruit_GFX13invertDisplayEb
                0x08006470        0x4 C:\Users\linyixin\Desktop\c2406\0708_code_lcd\0703_lcd_lib\Debug\lib0703_lcd_lib.a(Adafruit_GFX.o)
                0x08006470                Adafruit_GFX::invertDisplay(bool)
 .text._ZN12Adafruit_GFX11setRotationEh
                0x08006474       0x20 C:\Users\linyixin\Desktop\c2406\0708_code_lcd\0703_lcd_lib\Debug\lib0703_lcd_lib.a(Adafruit_GFX.o)
                0x08006474                Adafruit_GFX::setRotation(unsigned char)
 .text._ZN12Adafruit_GFX13drawFastVLineEssst
                0x08006494       0x58 C:\Users\linyixin\Desktop\c2406\0708_code_lcd\0703_lcd_lib\Debug\lib0703_lcd_lib.a(Adafruit_GFX.o)
                0x08006494                Adafruit_GFX::drawFastVLine(short, short, short, unsigned short)
 .text._ZN12Adafruit_GFX13drawFastHLineEssst
                0x080064ec       0x54 C:\Users\linyixin\Desktop\c2406\0708_code_lcd\0703_lcd_lib\Debug\lib0703_lcd_lib.a(Adafruit_GFX.o)
                0x080064ec                Adafruit_GFX::drawFastHLine(short, short, short, unsigned short)
 .text._ZN12Adafruit_GFX8drawLineEsssst
                0x08006540       0x9c C:\Users\linyixin\Desktop\c2406\0708_code_lcd\0703_lcd_lib\Debug\lib0703_lcd_lib.a(Adafruit_GFX.o)
                0x08006540                Adafruit_GFX::drawLine(short, short, short, short, unsigned short)
 .text._ZN12Adafruit_GFX8fillRectEsssst
                0x080065dc       0x98 C:\Users\linyixin\Desktop\c2406\0708_code_lcd\0703_lcd_lib\Debug\lib0703_lcd_lib.a(Adafruit_GFX.o)
                0x080065dc                Adafruit_GFX::fillRect(short, short, short, short, unsigned short)
 .text._ZN12Adafruit_GFX9writeLineEsssst
                0x08006674      0x14c C:\Users\linyixin\Desktop\c2406\0708_code_lcd\0703_lcd_lib\Debug\lib0703_lcd_lib.a(Adafruit_GFX.o)
                0x08006674                Adafruit_GFX::writeLine(short, short, short, short, unsigned short)
 .text._ZN12Adafruit_GFX8drawRectEsssst
                0x080067c0       0xd4 C:\Users\linyixin\Desktop\c2406\0708_code_lcd\0703_lcd_lib\Debug\lib0703_lcd_lib.a(Adafruit_GFX.o)
                0x080067c0                Adafruit_GFX::drawRect(short, short, short, short, unsigned short)
 .text._ZN12Adafruit_GFX13writeFillRectEsssst
                0x08006894       0x9c C:\Users\linyixin\Desktop\c2406\0708_code_lcd\0703_lcd_lib\Debug\lib0703_lcd_lib.a(Adafruit_GFX.o)
                0x08006894                Adafruit_GFX::writeFillRect(short, short, short, short, unsigned short)
 .text._ZN12Adafruit_GFX10fillScreenEt
                0x08006930       0xb4 C:\Users\linyixin\Desktop\c2406\0708_code_lcd\0703_lcd_lib\Debug\lib0703_lcd_lib.a(Adafruit_GFX.o)
                0x08006930                Adafruit_GFX::fillScreen(unsigned short)
 .text._ZN12Adafruit_GFXC2Ess
                0x080069e4       0x38 C:\Users\linyixin\Desktop\c2406\0708_code_lcd\0703_lcd_lib\Debug\lib0703_lcd_lib.a(Adafruit_GFX.o)
                0x080069e4                Adafruit_GFX::Adafruit_GFX(short, short)
                0x080069e4                Adafruit_GFX::Adafruit_GFX(short, short)
 .text._ZN12Adafruit_GFX8drawCharEsshtthh
                0x08006a1c      0x3f8 C:\Users\linyixin\Desktop\c2406\0708_code_lcd\0703_lcd_lib\Debug\lib0703_lcd_lib.a(Adafruit_GFX.o)
                0x08006a1c                Adafruit_GFX::drawChar(short, short, unsigned char, unsigned short, unsigned short, unsigned char, unsigned char)
 .text._ZN12Adafruit_GFX5writeEh
                0x08006e14      0x10c C:\Users\linyixin\Desktop\c2406\0708_code_lcd\0703_lcd_lib\Debug\lib0703_lcd_lib.a(Adafruit_GFX.o)
                0x08006e14                Adafruit_GFX::write(unsigned char)
 .text._ZN12Adafruit_GFX11setTextSizeEh
                0x08006f20       0x18 C:\Users\linyixin\Desktop\c2406\0708_code_lcd\0703_lcd_lib\Debug\lib0703_lcd_lib.a(Adafruit_GFX.o)
                0x08006f20                Adafruit_GFX::setTextSize(unsigned char)
 .text._ZN15Adafruit_SPITFT10startWriteEv
                0x08006f38        0xc C:\Users\linyixin\Desktop\c2406\0708_code_lcd\0703_lcd_lib\Debug\lib0703_lcd_lib.a(Adafruit_SPITFT.o)
                0x08006f38                Adafruit_SPITFT::startWrite()
 .text._ZN15Adafruit_SPITFT8endWriteEv
                0x08006f44        0xc C:\Users\linyixin\Desktop\c2406\0708_code_lcd\0703_lcd_lib\Debug\lib0703_lcd_lib.a(Adafruit_SPITFT.o)
                0x08006f44                Adafruit_SPITFT::endWrite()
 .text._ZN15Adafruit_SPITFT10writePixelEsst
                0x08006f50       0x44 C:\Users\linyixin\Desktop\c2406\0708_code_lcd\0703_lcd_lib\Debug\lib0703_lcd_lib.a(Adafruit_SPITFT.o)
                0x08006f50                Adafruit_SPITFT::writePixel(short, short, unsigned short)
 .text._ZN15Adafruit_SPITFT13invertDisplayEb
                0x08006f94       0x7c C:\Users\linyixin\Desktop\c2406\0708_code_lcd\0703_lcd_lib\Debug\lib0703_lcd_lib.a(Adafruit_SPITFT.o)
                0x08006f94                Adafruit_SPITFT::invertDisplay(bool)
 .text._ZN15Adafruit_SPITFT14writeFastVLineEssst
                0x08007010       0xa0 C:\Users\linyixin\Desktop\c2406\0708_code_lcd\0703_lcd_lib\Debug\lib0703_lcd_lib.a(Adafruit_SPITFT.o)
                0x08007010                Adafruit_SPITFT::writeFastVLine(short, short, short, unsigned short)
 .text._ZN15Adafruit_SPITFT14writeFastHLineEssst
                0x080070b0       0xa4 C:\Users\linyixin\Desktop\c2406\0708_code_lcd\0703_lcd_lib\Debug\lib0703_lcd_lib.a(Adafruit_SPITFT.o)
                0x080070b0                Adafruit_SPITFT::writeFastHLine(short, short, short, unsigned short)
 .text._ZN15Adafruit_SPITFT9drawPixelEsst
                0x08007154       0x8c C:\Users\linyixin\Desktop\c2406\0708_code_lcd\0703_lcd_lib\Debug\lib0703_lcd_lib.a(Adafruit_SPITFT.o)
                0x08007154                Adafruit_SPITFT::drawPixel(short, short, unsigned short)
 .text._ZN15Adafruit_SPITFT13writeFillRectEsssst
                0x080071e0      0x104 C:\Users\linyixin\Desktop\c2406\0708_code_lcd\0703_lcd_lib\Debug\lib0703_lcd_lib.a(Adafruit_SPITFT.o)
                0x080071e0                Adafruit_SPITFT::writeFillRect(short, short, short, short, unsigned short)
 .text._ZN15Adafruit_SPITFT13drawFastVLineEssst
                0x080072e4       0xd8 C:\Users\linyixin\Desktop\c2406\0708_code_lcd\0703_lcd_lib\Debug\lib0703_lcd_lib.a(Adafruit_SPITFT.o)
                0x080072e4                Adafruit_SPITFT::drawFastVLine(short, short, short, unsigned short)
 .text._ZN15Adafruit_SPITFT13drawFastHLineEssst
                0x080073bc       0xd8 C:\Users\linyixin\Desktop\c2406\0708_code_lcd\0703_lcd_lib\Debug\lib0703_lcd_lib.a(Adafruit_SPITFT.o)
                0x080073bc                Adafruit_SPITFT::drawFastHLine(short, short, short, unsigned short)
 .text._ZN15Adafruit_SPITFT8fillRectEsssst
                0x08007494      0x14c C:\Users\linyixin\Desktop\c2406\0708_code_lcd\0703_lcd_lib\Debug\lib0703_lcd_lib.a(Adafruit_SPITFT.o)
                0x08007494                Adafruit_SPITFT::fillRect(short, short, short, short, unsigned short)
 .text._ZN15Adafruit_SPITFTC2EttPFvNS_6SpiCmdEPhjE
                0x080075e0       0x24 C:\Users\linyixin\Desktop\c2406\0708_code_lcd\0703_lcd_lib\Debug\lib0703_lcd_lib.a(Adafruit_SPITFT.o)
                0x080075e0                Adafruit_SPITFT::Adafruit_SPITFT(unsigned short, unsigned short, void (*)(Adafruit_SPITFT::SpiCmd, unsigned char*, unsigned int))
                0x080075e0                Adafruit_SPITFT::Adafruit_SPITFT(unsigned short, unsigned short, void (*)(Adafruit_SPITFT::SpiCmd, unsigned char*, unsigned int))
 .text._ZN15Adafruit_SPITFT11sendCommandEhPhh
                0x08007604       0x68 C:\Users\linyixin\Desktop\c2406\0708_code_lcd\0703_lcd_lib\Debug\lib0703_lcd_lib.a(Adafruit_SPITFT.o)
                0x08007604                Adafruit_SPITFT::sendCommand(unsigned char, unsigned char*, unsigned char)
 .text._ZN15Adafruit_SPITFT11sendCommandEhPKhh
                0x0800766c       0x68 C:\Users\linyixin\Desktop\c2406\0708_code_lcd\0703_lcd_lib\Debug\lib0703_lcd_lib.a(Adafruit_SPITFT.o)
                0x0800766c                Adafruit_SPITFT::sendCommand(unsigned char, unsigned char const*, unsigned char)
 .text._ZN15Adafruit_SPITFT12writeCommandEh
                0x080076d4       0x34 C:\Users\linyixin\Desktop\c2406\0708_code_lcd\0703_lcd_lib\Debug\lib0703_lcd_lib.a(Adafruit_SPITFT.o)
                0x080076d4                Adafruit_SPITFT::writeCommand(unsigned char)
 .text._ZN15Adafruit_SPITFT11SPI_WRITE32Em
                0x08007708       0x1c C:\Users\linyixin\Desktop\c2406\0708_code_lcd\0703_lcd_lib\Debug\lib0703_lcd_lib.a(Adafruit_SPITFT.o)
                0x08007708                Adafruit_SPITFT::SPI_WRITE32(unsigned long)
 .text._ZN15Adafruit_ST778911setRotationEh
                0x08007724       0x94 C:\Users\linyixin\Desktop\c2406\0708_code_lcd\0703_lcd_lib\Debug\lib0703_lcd_lib.a(Adafruit_ST7789.o)
                0x08007724                Adafruit_ST7789::setRotation(unsigned char)
 .text._ZN15Adafruit_ST7789C2EttPFvN15Adafruit_SPITFT6SpiCmdEPhjE
                0x080077b8       0x18 C:\Users\linyixin\Desktop\c2406\0708_code_lcd\0703_lcd_lib\Debug\lib0703_lcd_lib.a(Adafruit_ST7789.o)
                0x080077b8                Adafruit_ST7789::Adafruit_ST7789(unsigned short, unsigned short, void (*)(Adafruit_SPITFT::SpiCmd, unsigned char*, unsigned int))
                0x080077b8                Adafruit_ST7789::Adafruit_ST7789(unsigned short, unsigned short, void (*)(Adafruit_SPITFT::SpiCmd, unsigned char*, unsigned int))
 .text._ZN15Adafruit_ST77894initEtt
                0x080077d0       0xb0 C:\Users\linyixin\Desktop\c2406\0708_code_lcd\0703_lcd_lib\Debug\lib0703_lcd_lib.a(Adafruit_ST7789.o)
                0x080077d0                Adafruit_ST7789::init(unsigned short, unsigned short)
 .text._ZN15Adafruit_ST77xx5beginEm
                0x08007880       0x18 C:\Users\linyixin\Desktop\c2406\0708_code_lcd\0703_lcd_lib\Debug\lib0703_lcd_lib.a(Adafruit_ST77xx.o)
                0x08007880                Adafruit_ST77xx::begin(unsigned long)
 .text._ZN15Adafruit_ST77xx13setAddrWindowEtttt
                0x08007898       0x50 C:\Users\linyixin\Desktop\c2406\0708_code_lcd\0703_lcd_lib\Debug\lib0703_lcd_lib.a(Adafruit_ST77xx.o)
                0x08007898                Adafruit_ST77xx::setAddrWindow(unsigned short, unsigned short, unsigned short, unsigned short)
 .text._ZN15Adafruit_ST77xx11setRotationEh
                0x080078e8       0x70 C:\Users\linyixin\Desktop\c2406\0708_code_lcd\0703_lcd_lib\Debug\lib0703_lcd_lib.a(Adafruit_ST77xx.o)
                0x080078e8                Adafruit_ST77xx::setRotation(unsigned char)
 .text._ZN15Adafruit_ST77xxC2EttPFvN15Adafruit_SPITFT6SpiCmdEPhjE
                0x08007958       0x18 C:\Users\linyixin\Desktop\c2406\0708_code_lcd\0703_lcd_lib\Debug\lib0703_lcd_lib.a(Adafruit_ST77xx.o)
                0x08007958                Adafruit_ST77xx::Adafruit_ST77xx(unsigned short, unsigned short, void (*)(Adafruit_SPITFT::SpiCmd, unsigned char*, unsigned int))
                0x08007958                Adafruit_ST77xx::Adafruit_ST77xx(unsigned short, unsigned short, void (*)(Adafruit_SPITFT::SpiCmd, unsigned char*, unsigned int))
 .text._ZN15Adafruit_ST77xx11displayInitEPKh
                0x08007970       0x54 C:\Users\linyixin\Desktop\c2406\0708_code_lcd\0703_lcd_lib\Debug\lib0703_lcd_lib.a(Adafruit_ST77xx.o)
                0x08007970                Adafruit_ST77xx::displayInit(unsigned char const*)
 .text._ZN15Adafruit_ST77xx10commonInitEPKh
                0x080079c4       0x7c C:\Users\linyixin\Desktop\c2406\0708_code_lcd\0703_lcd_lib\Debug\lib0703_lcd_lib.a(Adafruit_ST77xx.o)
                0x080079c4                Adafruit_ST77xx::commonInit(unsigned char const*)
 .text._ZN5Print5writeEPKhj
                0x08007a40       0x2c C:\Users\linyixin\Desktop\c2406\0708_code_lcd\0703_lcd_lib\Debug\lib0703_lcd_lib.a(Print.o)
                0x08007a40                Print::write(unsigned char const*, unsigned int)
 .text._ZN5Print6printfEPKcz
                0x08007a6c       0x64 C:\Users\linyixin\Desktop\c2406\0708_code_lcd\0703_lcd_lib\Debug\lib0703_lcd_lib.a(Print.o)
                0x08007a6c                Print::printf(char const*, ...)
 .text._ZN5Print11printNumberEmh
                0x08007ad0       0x88 C:\Users\linyixin\Desktop\c2406\0708_code_lcd\0703_lcd_lib\Debug\lib0703_lcd_lib.a(Print.o)
                0x08007ad0                Print::printNumber(unsigned long, unsigned char)
 .text._ZN5Print5printEii
                0x08007b58       0x44 C:\Users\linyixin\Desktop\c2406\0708_code_lcd\0703_lcd_lib\Debug\lib0703_lcd_lib.a(Print.o)
                0x08007b58                Print::print(int, int)
 .text.sinf     0x08007b9c       0x8c C:/ST/STM32CubeIDE_1.15.1/STM32CubeIDE/plugins/com.st.stm32cube.ide.mcu.externaltools.gnu-tools-for-stm32.12.3.rel1.win32_1.0.200.202406191623/tools/bin/../lib/gcc/arm-none-eabi/12.3.1/../../../../arm-none-eabi/lib/thumb/v7e-m+fp/hard\libm.a(libm_a-sf_sin.o)
                0x08007b9c                sinf
 .text.__kernel_cosf
                0x08007c28       0xb0 C:/ST/STM32CubeIDE_1.15.1/STM32CubeIDE/plugins/com.st.stm32cube.ide.mcu.externaltools.gnu-tools-for-stm32.12.3.rel1.win32_1.0.200.202406191623/tools/bin/../lib/gcc/arm-none-eabi/12.3.1/../../../../arm-none-eabi/lib/thumb/v7e-m+fp/hard\libm.a(libm_a-kf_cos.o)
                0x08007c28                __kernel_cosf
 .text.__kernel_sinf
                0x08007cd8       0x90 C:/ST/STM32CubeIDE_1.15.1/STM32CubeIDE/plugins/com.st.stm32cube.ide.mcu.externaltools.gnu-tools-for-stm32.12.3.rel1.win32_1.0.200.202406191623/tools/bin/../lib/gcc/arm-none-eabi/12.3.1/../../../../arm-none-eabi/lib/thumb/v7e-m+fp/hard\libm.a(libm_a-kf_sin.o)
                0x08007cd8                __kernel_sinf
 .text.__ieee754_rem_pio2f
                0x08007d68      0x260 C:/ST/STM32CubeIDE_1.15.1/STM32CubeIDE/plugins/com.st.stm32cube.ide.mcu.externaltools.gnu-tools-for-stm32.12.3.rel1.win32_1.0.200.202406191623/tools/bin/../lib/gcc/arm-none-eabi/12.3.1/../../../../arm-none-eabi/lib/thumb/v7e-m+fp/hard\libm.a(libm_a-ef_rem_pio2.o)
                0x08007d68                __ieee754_rem_pio2f
 .text.fabsf    0x08007fc8        0xe C:/ST/STM32CubeIDE_1.15.1/STM32CubeIDE/plugins/com.st.stm32cube.ide.mcu.externaltools.gnu-tools-for-stm32.12.3.rel1.win32_1.0.200.202406191623/tools/bin/../lib/gcc/arm-none-eabi/12.3.1/../../../../arm-none-eabi/lib/thumb/v7e-m+fp/hard\libm.a(libm_a-sf_fabs.o)
                0x08007fc8                fabsf
 *fill*         0x08007fd6        0x2 
 .text.__kernel_rem_pio2f
                0x08007fd8      0x4e4 C:/ST/STM32CubeIDE_1.15.1/STM32CubeIDE/plugins/com.st.stm32cube.ide.mcu.externaltools.gnu-tools-for-stm32.12.3.rel1.win32_1.0.200.202406191623/tools/bin/../lib/gcc/arm-none-eabi/12.3.1/../../../../arm-none-eabi/lib/thumb/v7e-m+fp/hard\libm.a(libm_a-kf_rem_pio2.o)
                0x08007fd8                __kernel_rem_pio2f
 .text.scalbnf  0x080084bc       0xcc C:/ST/STM32CubeIDE_1.15.1/STM32CubeIDE/plugins/com.st.stm32cube.ide.mcu.externaltools.gnu-tools-for-stm32.12.3.rel1.win32_1.0.200.202406191623/tools/bin/../lib/gcc/arm-none-eabi/12.3.1/../../../../arm-none-eabi/lib/thumb/v7e-m+fp/hard\libm.a(libm_a-sf_scalbn.o)
                0x080084bc                scalbnf
 .text.floorf   0x08008588       0x88 C:/ST/STM32CubeIDE_1.15.1/STM32CubeIDE/plugins/com.st.stm32cube.ide.mcu.externaltools.gnu-tools-for-stm32.12.3.rel1.win32_1.0.200.202406191623/tools/bin/../lib/gcc/arm-none-eabi/12.3.1/../../../../arm-none-eabi/lib/thumb/v7e-m+fp/hard\libm.a(libm_a-sf_floor.o)
                0x08008588                floorf
 .text.sbrk_aligned
                0x08008610       0x44 C:/ST/STM32CubeIDE_1.15.1/STM32CubeIDE/plugins/com.st.stm32cube.ide.mcu.externaltools.gnu-tools-for-stm32.12.3.rel1.win32_1.0.200.202406191623/tools/bin/../lib/gcc/arm-none-eabi/12.3.1/../../../../arm-none-eabi/lib/thumb/v7e-m+fp/hard\libc_nano.a(libc_a-mallocr.o)
 .text._malloc_r
                0x08008654      0x100 C:/ST/STM32CubeIDE_1.15.1/STM32CubeIDE/plugins/com.st.stm32cube.ide.mcu.externaltools.gnu-tools-for-stm32.12.3.rel1.win32_1.0.200.202406191623/tools/bin/../lib/gcc/arm-none-eabi/12.3.1/../../../../arm-none-eabi/lib/thumb/v7e-m+fp/hard\libc_nano.a(libc_a-mallocr.o)
                0x08008654                _malloc_r
 .text.__malloc_lock
                0x08008754        0xc C:/ST/STM32CubeIDE_1.15.1/STM32CubeIDE/plugins/com.st.stm32cube.ide.mcu.externaltools.gnu-tools-for-stm32.12.3.rel1.win32_1.0.200.202406191623/tools/bin/../lib/gcc/arm-none-eabi/12.3.1/../../../../arm-none-eabi/lib/thumb/v7e-m+fp/hard\libc_nano.a(libc_a-mlock.o)
                0x08008754                __malloc_lock
 .text.__malloc_unlock
                0x08008760        0xc C:/ST/STM32CubeIDE_1.15.1/STM32CubeIDE/plugins/com.st.stm32cube.ide.mcu.externaltools.gnu-tools-for-stm32.12.3.rel1.win32_1.0.200.202406191623/tools/bin/../lib/gcc/arm-none-eabi/12.3.1/../../../../arm-none-eabi/lib/thumb/v7e-m+fp/hard\libc_nano.a(libc_a-mlock.o)
                0x08008760                __malloc_unlock
 .text._vsprintf_r
                0x0800876c       0x2c C:/ST/STM32CubeIDE_1.15.1/STM32CubeIDE/plugins/com.st.stm32cube.ide.mcu.externaltools.gnu-tools-for-stm32.12.3.rel1.win32_1.0.200.202406191623/tools/bin/../lib/gcc/arm-none-eabi/12.3.1/../../../../arm-none-eabi/lib/thumb/v7e-m+fp/hard\libc_nano.a(libc_a-vsprintf.o)
                0x0800876c                _vsprintf_r
                0x0800876c                _vsiprintf_r
 .text.vsprintf
                0x08008798       0x14 C:/ST/STM32CubeIDE_1.15.1/STM32CubeIDE/plugins/com.st.stm32cube.ide.mcu.externaltools.gnu-tools-for-stm32.12.3.rel1.win32_1.0.200.202406191623/tools/bin/../lib/gcc/arm-none-eabi/12.3.1/../../../../arm-none-eabi/lib/thumb/v7e-m+fp/hard\libc_nano.a(libc_a-vsprintf.o)
                0x08008798                vsiprintf
                0x08008798                vsprintf
 .text.memset   0x080087ac       0x10 C:/ST/STM32CubeIDE_1.15.1/STM32CubeIDE/plugins/com.st.stm32cube.ide.mcu.externaltools.gnu-tools-for-stm32.12.3.rel1.win32_1.0.200.202406191623/tools/bin/../lib/gcc/arm-none-eabi/12.3.1/../../../../arm-none-eabi/lib/thumb/v7e-m+fp/hard\libc_nano.a(libc_a-memset.o)
                0x080087ac                memset
 .text._sbrk_r  0x080087bc       0x20 C:/ST/STM32CubeIDE_1.15.1/STM32CubeIDE/plugins/com.st.stm32cube.ide.mcu.externaltools.gnu-tools-for-stm32.12.3.rel1.win32_1.0.200.202406191623/tools/bin/../lib/gcc/arm-none-eabi/12.3.1/../../../../arm-none-eabi/lib/thumb/v7e-m+fp/hard\libc_nano.a(libc_a-sbrkr.o)
                0x080087bc                _sbrk_r
 .text.__errno  0x080087dc        0xc C:/ST/STM32CubeIDE_1.15.1/STM32CubeIDE/plugins/com.st.stm32cube.ide.mcu.externaltools.gnu-tools-for-stm32.12.3.rel1.win32_1.0.200.202406191623/tools/bin/../lib/gcc/arm-none-eabi/12.3.1/../../../../arm-none-eabi/lib/thumb/v7e-m+fp/hard\libc_nano.a(libc_a-errno.o)
                0x080087dc                __errno
 .text.__libc_init_array
                0x080087e8       0x48 C:/ST/STM32CubeIDE_1.15.1/STM32CubeIDE/plugins/com.st.stm32cube.ide.mcu.externaltools.gnu-tools-for-stm32.12.3.rel1.win32_1.0.200.202406191623/tools/bin/../lib/gcc/arm-none-eabi/12.3.1/../../../../arm-none-eabi/lib/thumb/v7e-m+fp/hard\libc_nano.a(libc_a-init.o)
                0x080087e8                __libc_init_array
 .text.__retarget_lock_acquire_recursive
                0x08008830        0x2 C:/ST/STM32CubeIDE_1.15.1/STM32CubeIDE/plugins/com.st.stm32cube.ide.mcu.externaltools.gnu-tools-for-stm32.12.3.rel1.win32_1.0.200.202406191623/tools/bin/../lib/gcc/arm-none-eabi/12.3.1/../../../../arm-none-eabi/lib/thumb/v7e-m+fp/hard\libc_nano.a(libc_a-lock.o)
                0x08008830                __retarget_lock_acquire_recursive
 .text.__retarget_lock_release_recursive
                0x08008832        0x2 C:/ST/STM32CubeIDE_1.15.1/STM32CubeIDE/plugins/com.st.stm32cube.ide.mcu.externaltools.gnu-tools-for-stm32.12.3.rel1.win32_1.0.200.202406191623/tools/bin/../lib/gcc/arm-none-eabi/12.3.1/../../../../arm-none-eabi/lib/thumb/v7e-m+fp/hard\libc_nano.a(libc_a-lock.o)
                0x08008832                __retarget_lock_release_recursive
 .text._free_r  0x08008834       0x94 C:/ST/STM32CubeIDE_1.15.1/STM32CubeIDE/plugins/com.st.stm32cube.ide.mcu.externaltools.gnu-tools-for-stm32.12.3.rel1.win32_1.0.200.202406191623/tools/bin/../lib/gcc/arm-none-eabi/12.3.1/../../../../arm-none-eabi/lib/thumb/v7e-m+fp/hard\libc_nano.a(libc_a-freer.o)
                0x08008834                _free_r
 .text.__ssputs_r
                0x080088c8       0xb6 C:/ST/STM32CubeIDE_1.15.1/STM32CubeIDE/plugins/com.st.stm32cube.ide.mcu.externaltools.gnu-tools-for-stm32.12.3.rel1.win32_1.0.200.202406191623/tools/bin/../lib/gcc/arm-none-eabi/12.3.1/../../../../arm-none-eabi/lib/thumb/v7e-m+fp/hard\libc_nano.a(libc_a-nano-svfprintf.o)
                0x080088c8                __ssputs_r
 *fill*         0x0800897e        0x2 
 .text._svfprintf_r
                0x08008980      0x1f8 C:/ST/STM32CubeIDE_1.15.1/STM32CubeIDE/plugins/com.st.stm32cube.ide.mcu.externaltools.gnu-tools-for-stm32.12.3.rel1.win32_1.0.200.202406191623/tools/bin/../lib/gcc/arm-none-eabi/12.3.1/../../../../arm-none-eabi/lib/thumb/v7e-m+fp/hard\libc_nano.a(libc_a-nano-svfprintf.o)
                0x08008980                _svfiprintf_r
                0x08008980                _svfprintf_r
 .text._printf_common
                0x08008b78       0xda C:/ST/STM32CubeIDE_1.15.1/STM32CubeIDE/plugins/com.st.stm32cube.ide.mcu.externaltools.gnu-tools-for-stm32.12.3.rel1.win32_1.0.200.202406191623/tools/bin/../lib/gcc/arm-none-eabi/12.3.1/../../../../arm-none-eabi/lib/thumb/v7e-m+fp/hard\libc_nano.a(libc_a-nano-vfprintf_i.o)
                0x08008b78                _printf_common
 *fill*         0x08008c52        0x2 
 .text._printf_i
                0x08008c54      0x240 C:/ST/STM32CubeIDE_1.15.1/STM32CubeIDE/plugins/com.st.stm32cube.ide.mcu.externaltools.gnu-tools-for-stm32.12.3.rel1.win32_1.0.200.202406191623/tools/bin/../lib/gcc/arm-none-eabi/12.3.1/../../../../arm-none-eabi/lib/thumb/v7e-m+fp/hard\libc_nano.a(libc_a-nano-vfprintf_i.o)
                0x08008c54                _printf_i
 .text.memmove  0x08008e94       0x34 C:/ST/STM32CubeIDE_1.15.1/STM32CubeIDE/plugins/com.st.stm32cube.ide.mcu.externaltools.gnu-tools-for-stm32.12.3.rel1.win32_1.0.200.202406191623/tools/bin/../lib/gcc/arm-none-eabi/12.3.1/../../../../arm-none-eabi/lib/thumb/v7e-m+fp/hard\libc_nano.a(libc_a-memmove.o)
                0x08008e94                memmove
 .text.memcpy   0x08008ec8       0x1c C:/ST/STM32CubeIDE_1.15.1/STM32CubeIDE/plugins/com.st.stm32cube.ide.mcu.externaltools.gnu-tools-for-stm32.12.3.rel1.win32_1.0.200.202406191623/tools/bin/../lib/gcc/arm-none-eabi/12.3.1/../../../../arm-none-eabi/lib/thumb/v7e-m+fp/hard\libc_nano.a(libc_a-memcpy-stub.o)
                0x08008ec8                memcpy
 .text._realloc_r
                0x08008ee4       0x5c C:/ST/STM32CubeIDE_1.15.1/STM32CubeIDE/plugins/com.st.stm32cube.ide.mcu.externaltools.gnu-tools-for-stm32.12.3.rel1.win32_1.0.200.202406191623/tools/bin/../lib/gcc/arm-none-eabi/12.3.1/../../../../arm-none-eabi/lib/thumb/v7e-m+fp/hard\libc_nano.a(libc_a-reallocr.o)
                0x08008ee4                _realloc_r
 .text._malloc_usable_size_r
                0x08008f40       0x10 C:/ST/STM32CubeIDE_1.15.1/STM32CubeIDE/plugins/com.st.stm32cube.ide.mcu.externaltools.gnu-tools-for-stm32.12.3.rel1.win32_1.0.200.202406191623/tools/bin/../lib/gcc/arm-none-eabi/12.3.1/../../../../arm-none-eabi/lib/thumb/v7e-m+fp/hard\libc_nano.a(libc_a-msizer.o)
                0x08008f40                _malloc_usable_size_r
 *(.glue_7)
 .glue_7        0x08008f50        0x0 linker stubs
 *(.glue_7t)
 .glue_7t       0x08008f50        0x0 linker stubs
 *(.eh_frame)
 .eh_frame      0x08008f50        0x0 C:/ST/STM32CubeIDE_1.15.1/STM32CubeIDE/plugins/com.st.stm32cube.ide.mcu.externaltools.gnu-tools-for-stm32.12.3.rel1.win32_1.0.200.202406191623/tools/bin/../lib/gcc/arm-none-eabi/12.3.1/thumb/v7e-m+fp/hard/crtbegin.o
 *(.init)
 .init          0x08008f50        0x4 C:/ST/STM32CubeIDE_1.15.1/STM32CubeIDE/plugins/com.st.stm32cube.ide.mcu.externaltools.gnu-tools-for-stm32.12.3.rel1.win32_1.0.200.202406191623/tools/bin/../lib/gcc/arm-none-eabi/12.3.1/thumb/v7e-m+fp/hard/crti.o
                0x08008f50                _init
 .init          0x08008f54        0x8 C:/ST/STM32CubeIDE_1.15.1/STM32CubeIDE/plugins/com.st.stm32cube.ide.mcu.externaltools.gnu-tools-for-stm32.12.3.rel1.win32_1.0.200.202406191623/tools/bin/../lib/gcc/arm-none-eabi/12.3.1/thumb/v7e-m+fp/hard/crtn.o
 *(.fini)
 .fini          0x08008f5c        0x4 C:/ST/STM32CubeIDE_1.15.1/STM32CubeIDE/plugins/com.st.stm32cube.ide.mcu.externaltools.gnu-tools-for-stm32.12.3.rel1.win32_1.0.200.202406191623/tools/bin/../lib/gcc/arm-none-eabi/12.3.1/thumb/v7e-m+fp/hard/crti.o
                0x08008f5c                _fini
 .fini          0x08008f60        0x8 C:/ST/STM32CubeIDE_1.15.1/STM32CubeIDE/plugins/com.st.stm32cube.ide.mcu.externaltools.gnu-tools-for-stm32.12.3.rel1.win32_1.0.200.202406191623/tools/bin/../lib/gcc/arm-none-eabi/12.3.1/thumb/v7e-m+fp/hard/crtn.o
                0x08008f68                        . = ALIGN (0x4)
                0x08008f68                        _etext = .

.vfp11_veneer   0x08008f68        0x0
 .vfp11_veneer  0x08008f68        0x0 linker stubs

.v4_bx          0x08008f68        0x0
 .v4_bx         0x08008f68        0x0 linker stubs

.iplt           0x08008f68        0x0
 .iplt          0x08008f68        0x0 C:/ST/STM32CubeIDE_1.15.1/STM32CubeIDE/plugins/com.st.stm32cube.ide.mcu.externaltools.gnu-tools-for-stm32.12.3.rel1.win32_1.0.200.202406191623/tools/bin/../lib/gcc/arm-none-eabi/12.3.1/thumb/v7e-m+fp/hard/crtbegin.o

.rodata         0x08008f68     0x2cb0
                0x08008f68                        . = ALIGN (0x4)
 *(.rodata)
 .rodata        0x08008f68       0x78 ./Core/Src/main+.o
 .rodata        0x08008fe0       0x7e ./Core/Src/main.o
 *(.rodata*)
 *fill*         0x0800905e        0x2 
 .rodata.AHBPrescTable
                0x08009060       0x10 ./Core/Src/system_stm32g4xx.o
                0x08009060                AHBPrescTable
 .rodata.gImage_elec
                0x08009070     0x1d4c ./Core/Src/tft18.o
                0x08009070                gImage_elec
 .rodata.MenuCursor16x16
                0x0800adbc      0x1e0 ./Core/Src/tft18.o
                0x0800adbc                MenuCursor16x16
 .rodata.gImage_black
                0x0800af9c      0x1e0 ./Core/Src/tft18.o
                0x0800af9c                gImage_black
 .rodata._ZTV12Adafruit_GFX
                0x0800b17c       0x58 C:\Users\linyixin\Desktop\c2406\0708_code_lcd\0703_lcd_lib\Debug\lib0703_lcd_lib.a(Adafruit_GFX.o)
                0x0800b17c                vtable for Adafruit_GFX
 .rodata._ZL4font
                0x0800b1d4      0x500 C:\Users\linyixin\Desktop\c2406\0708_code_lcd\0703_lcd_lib\Debug\lib0703_lcd_lib.a(Adafruit_GFX.o)
 .rodata._ZTV15Adafruit_SPITFT
                0x0800b6d4       0x60 C:\Users\linyixin\Desktop\c2406\0708_code_lcd\0703_lcd_lib\Debug\lib0703_lcd_lib.a(Adafruit_SPITFT.o)
                0x0800b6d4                vtable for Adafruit_SPITFT
 .rodata._ZTV15Adafruit_ST7789
                0x0800b734       0x60 C:\Users\linyixin\Desktop\c2406\0708_code_lcd\0703_lcd_lib\Debug\lib0703_lcd_lib.a(Adafruit_ST7789.o)
                0x0800b734                vtable for Adafruit_ST7789
 .rodata._ZL17st7789_without_cs
                0x0800b794       0x20 C:\Users\linyixin\Desktop\c2406\0708_code_lcd\0703_lcd_lib\Debug\lib0703_lcd_lib.a(Adafruit_ST7789.o)
 .rodata._ZTV15Adafruit_ST77xx
                0x0800b7b4       0x60 C:\Users\linyixin\Desktop\c2406\0708_code_lcd\0703_lcd_lib\Debug\lib0703_lcd_lib.a(Adafruit_ST77xx.o)
                0x0800b7b4                vtable for Adafruit_ST77xx
 .rodata.npio2_hw
                0x0800b814       0x80 C:/ST/STM32CubeIDE_1.15.1/STM32CubeIDE/plugins/com.st.stm32cube.ide.mcu.externaltools.gnu-tools-for-stm32.12.3.rel1.win32_1.0.200.202406191623/tools/bin/../lib/gcc/arm-none-eabi/12.3.1/../../../../arm-none-eabi/lib/thumb/v7e-m+fp/hard\libm.a(libm_a-ef_rem_pio2.o)
 .rodata.two_over_pi
                0x0800b894      0x318 C:/ST/STM32CubeIDE_1.15.1/STM32CubeIDE/plugins/com.st.stm32cube.ide.mcu.externaltools.gnu-tools-for-stm32.12.3.rel1.win32_1.0.200.202406191623/tools/bin/../lib/gcc/arm-none-eabi/12.3.1/../../../../arm-none-eabi/lib/thumb/v7e-m+fp/hard\libm.a(libm_a-ef_rem_pio2.o)
 .rodata.PIo2   0x0800bbac       0x2c C:/ST/STM32CubeIDE_1.15.1/STM32CubeIDE/plugins/com.st.stm32cube.ide.mcu.externaltools.gnu-tools-for-stm32.12.3.rel1.win32_1.0.200.202406191623/tools/bin/../lib/gcc/arm-none-eabi/12.3.1/../../../../arm-none-eabi/lib/thumb/v7e-m+fp/hard\libm.a(libm_a-kf_rem_pio2.o)
 .rodata.init_jk
                0x0800bbd8        0xc C:/ST/STM32CubeIDE_1.15.1/STM32CubeIDE/plugins/com.st.stm32cube.ide.mcu.externaltools.gnu-tools-for-stm32.12.3.rel1.win32_1.0.200.202406191623/tools/bin/../lib/gcc/arm-none-eabi/12.3.1/../../../../arm-none-eabi/lib/thumb/v7e-m+fp/hard\libm.a(libm_a-kf_rem_pio2.o)
 .rodata._svfprintf_r.str1.1
                0x0800bbe4       0x11 C:/ST/STM32CubeIDE_1.15.1/STM32CubeIDE/plugins/com.st.stm32cube.ide.mcu.externaltools.gnu-tools-for-stm32.12.3.rel1.win32_1.0.200.202406191623/tools/bin/../lib/gcc/arm-none-eabi/12.3.1/../../../../arm-none-eabi/lib/thumb/v7e-m+fp/hard\libc_nano.a(libc_a-nano-svfprintf.o)
 .rodata._printf_i.str1.1
                0x0800bbf5       0x22 C:/ST/STM32CubeIDE_1.15.1/STM32CubeIDE/plugins/com.st.stm32cube.ide.mcu.externaltools.gnu-tools-for-stm32.12.3.rel1.win32_1.0.200.202406191623/tools/bin/../lib/gcc/arm-none-eabi/12.3.1/../../../../arm-none-eabi/lib/thumb/v7e-m+fp/hard\libc_nano.a(libc_a-nano-vfprintf_i.o)
                0x0800bc18                        . = ALIGN (0x4)
 *fill*         0x0800bc17        0x1 

.ARM.extab      0x0800bc18        0x0
                0x0800bc18                        . = ALIGN (0x4)
 *(.ARM.extab* .gnu.linkonce.armextab.*)
                0x0800bc18                        . = ALIGN (0x4)

.ARM            0x0800bc18        0x8
                0x0800bc18                        . = ALIGN (0x4)
                0x0800bc18                        __exidx_start = .
 *(.ARM.exidx*)
 .ARM.exidx     0x0800bc18        0x8 C:/ST/STM32CubeIDE_1.15.1/STM32CubeIDE/plugins/com.st.stm32cube.ide.mcu.externaltools.gnu-tools-for-stm32.12.3.rel1.win32_1.0.200.202406191623/tools/bin/../lib/gcc/arm-none-eabi/12.3.1/../../../../arm-none-eabi/lib/thumb/v7e-m+fp/hard\libc_nano.a(libc_a-strlen.o)
 .ARM.exidx     0x0800bc20        0x0 C:/ST/STM32CubeIDE_1.15.1/STM32CubeIDE/plugins/com.st.stm32cube.ide.mcu.externaltools.gnu-tools-for-stm32.12.3.rel1.win32_1.0.200.202406191623/tools/bin/../lib/gcc/arm-none-eabi/12.3.1/../../../../arm-none-eabi/lib/thumb/v7e-m+fp/hard\libc_nano.a(libc_a-memchr.o)
                                  0x8 (size before relaxing)
 .ARM.exidx     0x0800bc20        0x0 C:/ST/STM32CubeIDE_1.15.1/STM32CubeIDE/plugins/com.st.stm32cube.ide.mcu.externaltools.gnu-tools-for-stm32.12.3.rel1.win32_1.0.200.202406191623/tools/bin/../lib/gcc/arm-none-eabi/12.3.1/thumb/v7e-m+fp/hard\libgcc.a(_udivmoddi4.o)
                                  0x8 (size before relaxing)
                0x0800bc20                        __exidx_end = .
                0x0800bc20                        . = ALIGN (0x4)

.rel.dyn        0x0800bc20        0x0
 .rel.iplt      0x0800bc20        0x0 C:/ST/STM32CubeIDE_1.15.1/STM32CubeIDE/plugins/com.st.stm32cube.ide.mcu.externaltools.gnu-tools-for-stm32.12.3.rel1.win32_1.0.200.202406191623/tools/bin/../lib/gcc/arm-none-eabi/12.3.1/thumb/v7e-m+fp/hard/crtbegin.o

.preinit_array  0x0800bc20        0x0
                0x0800bc20                        . = ALIGN (0x4)
                0x0800bc20                        PROVIDE (__preinit_array_start = .)
 *(.preinit_array*)
                0x0800bc20                        PROVIDE (__preinit_array_end = .)
                0x0800bc20                        . = ALIGN (0x4)

.init_array     0x0800bc20        0x8
                0x0800bc20                        . = ALIGN (0x4)
                0x0800bc20                        PROVIDE (__init_array_start = .)
 *(SORT_BY_NAME(.init_array.*))
 *(.init_array*)
 .init_array    0x0800bc20        0x4 C:/ST/STM32CubeIDE_1.15.1/STM32CubeIDE/plugins/com.st.stm32cube.ide.mcu.externaltools.gnu-tools-for-stm32.12.3.rel1.win32_1.0.200.202406191623/tools/bin/../lib/gcc/arm-none-eabi/12.3.1/thumb/v7e-m+fp/hard/crtbegin.o
 .init_array    0x0800bc24        0x4 ./Core/Src/main+.o
                0x0800bc28                        PROVIDE (__init_array_end = .)
                0x0800bc28                        . = ALIGN (0x4)

.fini_array     0x0800bc28        0x8
                0x0800bc28                        . = ALIGN (0x4)
                [!provide]                        PROVIDE (__fini_array_start = .)
 *(SORT_BY_NAME(.fini_array.*))
 *(.fini_array*)
 .fini_array    0x0800bc28        0x4 C:/ST/STM32CubeIDE_1.15.1/STM32CubeIDE/plugins/com.st.stm32cube.ide.mcu.externaltools.gnu-tools-for-stm32.12.3.rel1.win32_1.0.200.202406191623/tools/bin/../lib/gcc/arm-none-eabi/12.3.1/thumb/v7e-m+fp/hard/crtbegin.o
 .fini_array    0x0800bc2c        0x4 ./Core/Src/main+.o
                [!provide]                        PROVIDE (__fini_array_end = .)
                0x0800bc30                        . = ALIGN (0x4)
                0x0800bc30                        _sidata = LOADADDR (.data)

.data           0x20000000       0xc8 load address 0x0800bc30
                0x20000000                        . = ALIGN (0x4)
                0x20000000                        _sdata = .
 *(.data)
 *(.data*)
 .data.ampl     0x20000000        0x4 ./Core/Src/main.o
                0x20000000                ampl
 .data.ampl_t   0x20000004        0x4 ./Core/Src/main.o
                0x20000004                ampl_t
 .data.freq     0x20000008        0x4 ./Core/Src/main.o
                0x20000008                freq
 .data.freq_t   0x2000000c        0x4 ./Core/Src/main.o
                0x2000000c                freq_t
 .data.init_phase
                0x20000010        0x4 ./Core/Src/main.o
                0x20000010                init_phase
 .data.freq_acu
                0x20000014       0x2c ./Core/Src/main.o
                0x20000014                freq_acu
 .data.DB       0x20000040       0x2c ./Core/Src/main.o
                0x20000040                DB
 .data.SystemCoreClock
                0x2000006c        0x4 ./Core/Src/system_stm32g4xx.o
                0x2000006c                SystemCoreClock
 .data.uwTickPrio
                0x20000070        0x4 ./Drivers/STM32G4xx_HAL_Driver/Src/stm32g4xx_hal.o
                0x20000070                uwTickPrio
 .data.uwTickFreq
                0x20000074        0x4 ./Drivers/STM32G4xx_HAL_Driver/Src/stm32g4xx_hal.o
                0x20000074                uwTickFreq
 .data._impure_ptr
                0x20000078        0x4 C:/ST/STM32CubeIDE_1.15.1/STM32CubeIDE/plugins/com.st.stm32cube.ide.mcu.externaltools.gnu-tools-for-stm32.12.3.rel1.win32_1.0.200.202406191623/tools/bin/../lib/gcc/arm-none-eabi/12.3.1/../../../../arm-none-eabi/lib/thumb/v7e-m+fp/hard\libc_nano.a(libc_a-impure.o)
                0x20000078                _impure_ptr
 .data._impure_data
                0x2000007c       0x4c C:/ST/STM32CubeIDE_1.15.1/STM32CubeIDE/plugins/com.st.stm32cube.ide.mcu.externaltools.gnu-tools-for-stm32.12.3.rel1.win32_1.0.200.202406191623/tools/bin/../lib/gcc/arm-none-eabi/12.3.1/../../../../arm-none-eabi/lib/thumb/v7e-m+fp/hard\libc_nano.a(libc_a-impure.o)
                0x2000007c                _impure_data
 *(.RamFunc)
 *(.RamFunc*)
                0x200000c8                        . = ALIGN (0x4)
                0x200000c8                        _edata = .

.igot.plt       0x200000c8        0x0 load address 0x0800bcf8
 .igot.plt      0x200000c8        0x0 C:/ST/STM32CubeIDE_1.15.1/STM32CubeIDE/plugins/com.st.stm32cube.ide.mcu.externaltools.gnu-tools-for-stm32.12.3.rel1.win32_1.0.200.202406191623/tools/bin/../lib/gcc/arm-none-eabi/12.3.1/thumb/v7e-m+fp/hard/crtbegin.o
                0x200000c8                        . = ALIGN (0x4)

.bss            0x200000c8      0x49c load address 0x0800bcf8
                0x200000c8                        _sbss = .
                0x200000c8                        __bss_start__ = _sbss
 *(.bss)
 .bss           0x200000c8       0x1c C:/ST/STM32CubeIDE_1.15.1/STM32CubeIDE/plugins/com.st.stm32cube.ide.mcu.externaltools.gnu-tools-for-stm32.12.3.rel1.win32_1.0.200.202406191623/tools/bin/../lib/gcc/arm-none-eabi/12.3.1/thumb/v7e-m+fp/hard/crtbegin.o
 *(.bss*)
 .bss.lcd       0x200000e4       0x3c ./Core/Src/main+.o
                0x200000e4                lcd
 .bss.hdac3     0x20000120       0x14 ./Core/Src/main.o
                0x20000120                hdac3
 .bss.hdma_dac3_ch1
                0x20000134       0x60 ./Core/Src/main.o
                0x20000134                hdma_dac3_ch1
 .bss.hdma_dac3_ch2
                0x20000194       0x60 ./Core/Src/main.o
                0x20000194                hdma_dac3_ch2
 .bss.hopamp3   0x200001f4       0x3c ./Core/Src/main.o
                0x200001f4                hopamp3
 .bss.hopamp6   0x20000230       0x3c ./Core/Src/main.o
                0x20000230                hopamp6
 .bss.hspi1     0x2000026c       0x64 ./Core/Src/main.o
                0x2000026c                hspi1
 .bss.hdma_spi1_tx
                0x200002d0       0x60 ./Core/Src/main.o
                0x200002d0                hdma_spi1_tx
 .bss.htim8     0x20000330       0x4c ./Core/Src/main.o
                0x20000330                htim8
 .bss.htim15    0x2000037c       0x4c ./Core/Src/main.o
                0x2000037c                htim15
 .bss.mode      0x200003c8        0x4 ./Core/Src/main.o
                0x200003c8                mode
 .bss.mode_t    0x200003cc        0x4 ./Core/Src/main.o
                0x200003cc                mode_t
 .bss.modual    0x200003d0        0x4 ./Core/Src/main.o
                0x200003d0                modual
 .bss.modual_t  0x200003d4        0x4 ./Core/Src/main.o
                0x200003d4                modual_t
 .bss.delay     0x200003d8        0x4 ./Core/Src/main.o
                0x200003d8                delay
 .bss.delay_t   0x200003dc        0x4 ./Core/Src/main.o
                0x200003dc                delay_t
 .bss.atten     0x200003e0        0x4 ./Core/Src/main.o
                0x200003e0                atten
 .bss.atten_t   0x200003e4        0x4 ./Core/Src/main.o
                0x200003e4                atten_t
 .bss.phase     0x200003e8        0x4 ./Core/Src/main.o
                0x200003e8                phase
 .bss.phase_t   0x200003ec        0x4 ./Core/Src/main.o
                0x200003ec                phase_t
 .bss.dac_phase
                0x200003f0        0x4 ./Core/Src/main.o
                0x200003f0                dac_phase
 .bss.dds_phase
                0x200003f4        0x4 ./Core/Src/main.o
                0x200003f4                dds_phase
 .bss.dac_phase_1
                0x200003f8        0x4 ./Core/Src/main.o
                0x200003f8                dac_phase_1
 .bss.dds_phase_1
                0x200003fc        0x4 ./Core/Src/main.o
                0x200003fc                dds_phase_1
 .bss.total     0x20000400        0x4 ./Core/Src/main.o
                0x20000400                total
 .bss.scaled_sine_wave_table_Sd
                0x20000404        0x8 ./Core/Src/main.o
                0x20000404                scaled_sine_wave_table_Sd
 .bss.scaled_sine_wave_table_Sm
                0x2000040c        0x8 ./Core/Src/main.o
                0x2000040c                scaled_sine_wave_table_Sm
 .bss.__sbrk_heap_end
                0x20000414        0x4 ./Core/Src/sysmem.o
 .bss.uwTick    0x20000418        0x4 ./Drivers/STM32G4xx_HAL_Driver/Src/stm32g4xx_hal.o
                0x20000418                uwTick
 .bss.__malloc_sbrk_start
                0x2000041c        0x4 C:/ST/STM32CubeIDE_1.15.1/STM32CubeIDE/plugins/com.st.stm32cube.ide.mcu.externaltools.gnu-tools-for-stm32.12.3.rel1.win32_1.0.200.202406191623/tools/bin/../lib/gcc/arm-none-eabi/12.3.1/../../../../arm-none-eabi/lib/thumb/v7e-m+fp/hard\libc_nano.a(libc_a-mallocr.o)
                0x2000041c                __malloc_sbrk_start
 .bss.__malloc_free_list
                0x20000420        0x4 C:/ST/STM32CubeIDE_1.15.1/STM32CubeIDE/plugins/com.st.stm32cube.ide.mcu.externaltools.gnu-tools-for-stm32.12.3.rel1.win32_1.0.200.202406191623/tools/bin/../lib/gcc/arm-none-eabi/12.3.1/../../../../arm-none-eabi/lib/thumb/v7e-m+fp/hard\libc_nano.a(libc_a-mallocr.o)
                0x20000420                __malloc_free_list
 .bss.__sf      0x20000424      0x138 C:/ST/STM32CubeIDE_1.15.1/STM32CubeIDE/plugins/com.st.stm32cube.ide.mcu.externaltools.gnu-tools-for-stm32.12.3.rel1.win32_1.0.200.202406191623/tools/bin/../lib/gcc/arm-none-eabi/12.3.1/../../../../arm-none-eabi/lib/thumb/v7e-m+fp/hard\libc_nano.a(libc_a-findfp.o)
                0x20000424                __sf
 .bss.errno     0x2000055c        0x4 C:/ST/STM32CubeIDE_1.15.1/STM32CubeIDE/plugins/com.st.stm32cube.ide.mcu.externaltools.gnu-tools-for-stm32.12.3.rel1.win32_1.0.200.202406191623/tools/bin/../lib/gcc/arm-none-eabi/12.3.1/../../../../arm-none-eabi/lib/thumb/v7e-m+fp/hard\libc_nano.a(libc_a-reent.o)
                0x2000055c                errno
 .bss.__lock___malloc_recursive_mutex
                0x20000560        0x1 C:/ST/STM32CubeIDE_1.15.1/STM32CubeIDE/plugins/com.st.stm32cube.ide.mcu.externaltools.gnu-tools-for-stm32.12.3.rel1.win32_1.0.200.202406191623/tools/bin/../lib/gcc/arm-none-eabi/12.3.1/../../../../arm-none-eabi/lib/thumb/v7e-m+fp/hard\libc_nano.a(libc_a-lock.o)
                0x20000560                __lock___malloc_recursive_mutex
 *(COMMON)
                0x20000564                        . = ALIGN (0x4)
 *fill*         0x20000561        0x3 
                0x20000564                        _ebss = .
                0x20000564                        __bss_end__ = _ebss

._user_heap_stack
                0x20000564      0x604 load address 0x0800bcf8
                0x20000568                        . = ALIGN (0x8)
 *fill*         0x20000564        0x4 
                [!provide]                        PROVIDE (end = .)
                0x20000568                        PROVIDE (_end = .)
                0x20000768                        . = (. + _Min_Heap_Size)
 *fill*         0x20000568      0x200 
                0x20000b68                        . = (. + _Min_Stack_Size)
 *fill*         0x20000768      0x400 
                0x20000b68                        . = ALIGN (0x8)

/DISCARD/
 libc.a(*)
 libm.a(*)
 libgcc.a(*)

.ARM.attributes
                0x00000000       0x30
 *(.ARM.attributes)
 .ARM.attributes
                0x00000000       0x22 C:/ST/STM32CubeIDE_1.15.1/STM32CubeIDE/plugins/com.st.stm32cube.ide.mcu.externaltools.gnu-tools-for-stm32.12.3.rel1.win32_1.0.200.202406191623/tools/bin/../lib/gcc/arm-none-eabi/12.3.1/thumb/v7e-m+fp/hard/crti.o
 .ARM.attributes
                0x00000022       0x34 C:/ST/STM32CubeIDE_1.15.1/STM32CubeIDE/plugins/com.st.stm32cube.ide.mcu.externaltools.gnu-tools-for-stm32.12.3.rel1.win32_1.0.200.202406191623/tools/bin/../lib/gcc/arm-none-eabi/12.3.1/thumb/v7e-m+fp/hard/crtbegin.o
 .ARM.attributes
                0x00000056       0x34 ./Core/Src/main+.o
 .ARM.attributes
                0x0000008a       0x34 ./Core/Src/main.o
 .ARM.attributes
                0x000000be       0x34 ./Core/Src/stm32g4xx_hal_msp.o
 .ARM.attributes
                0x000000f2       0x34 ./Core/Src/stm32g4xx_it.o
 .ARM.attributes
                0x00000126       0x34 ./Core/Src/sysmem.o
 .ARM.attributes
                0x0000015a       0x34 ./Core/Src/system_stm32g4xx.o
 .ARM.attributes
                0x0000018e       0x34 ./Core/Src/tft18.o
 .ARM.attributes
                0x000001c2       0x21 ./Core/Startup/startup_stm32g474retx.o
 .ARM.attributes
                0x000001e3       0x34 ./Drivers/STM32G4xx_HAL_Driver/Src/stm32g4xx_hal.o
 .ARM.attributes
                0x00000217       0x34 ./Drivers/STM32G4xx_HAL_Driver/Src/stm32g4xx_hal_cortex.o
 .ARM.attributes
                0x0000024b       0x34 ./Drivers/STM32G4xx_HAL_Driver/Src/stm32g4xx_hal_dac.o
 .ARM.attributes
                0x0000027f       0x34 ./Drivers/STM32G4xx_HAL_Driver/Src/stm32g4xx_hal_dac_ex.o
 .ARM.attributes
                0x000002b3       0x34 ./Drivers/STM32G4xx_HAL_Driver/Src/stm32g4xx_hal_dma.o
 .ARM.attributes
                0x000002e7       0x34 ./Drivers/STM32G4xx_HAL_Driver/Src/stm32g4xx_hal_gpio.o
 .ARM.attributes
                0x0000031b       0x34 ./Drivers/STM32G4xx_HAL_Driver/Src/stm32g4xx_hal_opamp.o
 .ARM.attributes
                0x0000034f       0x34 ./Drivers/STM32G4xx_HAL_Driver/Src/stm32g4xx_hal_pwr_ex.o
 .ARM.attributes
                0x00000383       0x34 ./Drivers/STM32G4xx_HAL_Driver/Src/stm32g4xx_hal_rcc.o
 .ARM.attributes
                0x000003b7       0x34 ./Drivers/STM32G4xx_HAL_Driver/Src/stm32g4xx_hal_spi.o
 .ARM.attributes
                0x000003eb       0x34 ./Drivers/STM32G4xx_HAL_Driver/Src/stm32g4xx_hal_tim.o
 .ARM.attributes
                0x0000041f       0x34 ./Drivers/STM32G4xx_HAL_Driver/Src/stm32g4xx_hal_tim_ex.o
 .ARM.attributes
                0x00000453       0x34 C:\Users\linyixin\Desktop\c2406\0708_code_lcd\0703_lcd_lib\Debug\lib0703_lcd_lib.a(Adafruit_GFX.o)
 .ARM.attributes
                0x00000487       0x34 C:\Users\linyixin\Desktop\c2406\0708_code_lcd\0703_lcd_lib\Debug\lib0703_lcd_lib.a(Adafruit_SPITFT.o)
 .ARM.attributes
                0x000004bb       0x34 C:\Users\linyixin\Desktop\c2406\0708_code_lcd\0703_lcd_lib\Debug\lib0703_lcd_lib.a(Adafruit_ST7789.o)
 .ARM.attributes
                0x000004ef       0x34 C:\Users\linyixin\Desktop\c2406\0708_code_lcd\0703_lcd_lib\Debug\lib0703_lcd_lib.a(Adafruit_ST77xx.o)
 .ARM.attributes
                0x00000523       0x34 C:\Users\linyixin\Desktop\c2406\0708_code_lcd\0703_lcd_lib\Debug\lib0703_lcd_lib.a(Print.o)
 .ARM.attributes
                0x00000557       0x34 C:/ST/STM32CubeIDE_1.15.1/STM32CubeIDE/plugins/com.st.stm32cube.ide.mcu.externaltools.gnu-tools-for-stm32.12.3.rel1.win32_1.0.200.202406191623/tools/bin/../lib/gcc/arm-none-eabi/12.3.1/../../../../arm-none-eabi/lib/thumb/v7e-m+fp/hard\libm.a(libm_a-sf_sin.o)
 .ARM.attributes
                0x0000058b       0x34 C:/ST/STM32CubeIDE_1.15.1/STM32CubeIDE/plugins/com.st.stm32cube.ide.mcu.externaltools.gnu-tools-for-stm32.12.3.rel1.win32_1.0.200.202406191623/tools/bin/../lib/gcc/arm-none-eabi/12.3.1/../../../../arm-none-eabi/lib/thumb/v7e-m+fp/hard\libm.a(libm_a-kf_cos.o)
 .ARM.attributes
                0x000005bf       0x34 C:/ST/STM32CubeIDE_1.15.1/STM32CubeIDE/plugins/com.st.stm32cube.ide.mcu.externaltools.gnu-tools-for-stm32.12.3.rel1.win32_1.0.200.202406191623/tools/bin/../lib/gcc/arm-none-eabi/12.3.1/../../../../arm-none-eabi/lib/thumb/v7e-m+fp/hard\libm.a(libm_a-kf_sin.o)
 .ARM.attributes
                0x000005f3       0x34 C:/ST/STM32CubeIDE_1.15.1/STM32CubeIDE/plugins/com.st.stm32cube.ide.mcu.externaltools.gnu-tools-for-stm32.12.3.rel1.win32_1.0.200.202406191623/tools/bin/../lib/gcc/arm-none-eabi/12.3.1/../../../../arm-none-eabi/lib/thumb/v7e-m+fp/hard\libm.a(libm_a-ef_rem_pio2.o)
 .ARM.attributes
                0x00000627       0x34 C:/ST/STM32CubeIDE_1.15.1/STM32CubeIDE/plugins/com.st.stm32cube.ide.mcu.externaltools.gnu-tools-for-stm32.12.3.rel1.win32_1.0.200.202406191623/tools/bin/../lib/gcc/arm-none-eabi/12.3.1/../../../../arm-none-eabi/lib/thumb/v7e-m+fp/hard\libm.a(libm_a-sf_fabs.o)
 .ARM.attributes
                0x0000065b       0x34 C:/ST/STM32CubeIDE_1.15.1/STM32CubeIDE/plugins/com.st.stm32cube.ide.mcu.externaltools.gnu-tools-for-stm32.12.3.rel1.win32_1.0.200.202406191623/tools/bin/../lib/gcc/arm-none-eabi/12.3.1/../../../../arm-none-eabi/lib/thumb/v7e-m+fp/hard\libm.a(libm_a-kf_rem_pio2.o)
 .ARM.attributes
                0x0000068f       0x34 C:/ST/STM32CubeIDE_1.15.1/STM32CubeIDE/plugins/com.st.stm32cube.ide.mcu.externaltools.gnu-tools-for-stm32.12.3.rel1.win32_1.0.200.202406191623/tools/bin/../lib/gcc/arm-none-eabi/12.3.1/../../../../arm-none-eabi/lib/thumb/v7e-m+fp/hard\libm.a(libm_a-sf_scalbn.o)
 .ARM.attributes
                0x000006c3       0x34 C:/ST/STM32CubeIDE_1.15.1/STM32CubeIDE/plugins/com.st.stm32cube.ide.mcu.externaltools.gnu-tools-for-stm32.12.3.rel1.win32_1.0.200.202406191623/tools/bin/../lib/gcc/arm-none-eabi/12.3.1/../../../../arm-none-eabi/lib/thumb/v7e-m+fp/hard\libm.a(libm_a-sf_floor.o)
 .ARM.attributes
                0x000006f7       0x34 C:/ST/STM32CubeIDE_1.15.1/STM32CubeIDE/plugins/com.st.stm32cube.ide.mcu.externaltools.gnu-tools-for-stm32.12.3.rel1.win32_1.0.200.202406191623/tools/bin/../lib/gcc/arm-none-eabi/12.3.1/../../../../arm-none-eabi/lib/thumb/v7e-m+fp/hard\libc_nano.a(libc_a-mallocr.o)
 .ARM.attributes
                0x0000072b       0x34 C:/ST/STM32CubeIDE_1.15.1/STM32CubeIDE/plugins/com.st.stm32cube.ide.mcu.externaltools.gnu-tools-for-stm32.12.3.rel1.win32_1.0.200.202406191623/tools/bin/../lib/gcc/arm-none-eabi/12.3.1/../../../../arm-none-eabi/lib/thumb/v7e-m+fp/hard\libc_nano.a(libc_a-mlock.o)
 .ARM.attributes
                0x0000075f       0x34 C:/ST/STM32CubeIDE_1.15.1/STM32CubeIDE/plugins/com.st.stm32cube.ide.mcu.externaltools.gnu-tools-for-stm32.12.3.rel1.win32_1.0.200.202406191623/tools/bin/../lib/gcc/arm-none-eabi/12.3.1/../../../../arm-none-eabi/lib/thumb/v7e-m+fp/hard\libc_nano.a(libc_a-findfp.o)
 .ARM.attributes
                0x00000793       0x34 C:/ST/STM32CubeIDE_1.15.1/STM32CubeIDE/plugins/com.st.stm32cube.ide.mcu.externaltools.gnu-tools-for-stm32.12.3.rel1.win32_1.0.200.202406191623/tools/bin/../lib/gcc/arm-none-eabi/12.3.1/../../../../arm-none-eabi/lib/thumb/v7e-m+fp/hard\libc_nano.a(libc_a-vsprintf.o)
 .ARM.attributes
                0x000007c7       0x34 C:/ST/STM32CubeIDE_1.15.1/STM32CubeIDE/plugins/com.st.stm32cube.ide.mcu.externaltools.gnu-tools-for-stm32.12.3.rel1.win32_1.0.200.202406191623/tools/bin/../lib/gcc/arm-none-eabi/12.3.1/../../../../arm-none-eabi/lib/thumb/v7e-m+fp/hard\libc_nano.a(libc_a-memset.o)
 .ARM.attributes
                0x000007fb       0x34 C:/ST/STM32CubeIDE_1.15.1/STM32CubeIDE/plugins/com.st.stm32cube.ide.mcu.externaltools.gnu-tools-for-stm32.12.3.rel1.win32_1.0.200.202406191623/tools/bin/../lib/gcc/arm-none-eabi/12.3.1/../../../../arm-none-eabi/lib/thumb/v7e-m+fp/hard\libc_nano.a(libc_a-reent.o)
 .ARM.attributes
                0x0000082f       0x34 C:/ST/STM32CubeIDE_1.15.1/STM32CubeIDE/plugins/com.st.stm32cube.ide.mcu.externaltools.gnu-tools-for-stm32.12.3.rel1.win32_1.0.200.202406191623/tools/bin/../lib/gcc/arm-none-eabi/12.3.1/../../../../arm-none-eabi/lib/thumb/v7e-m+fp/hard\libc_nano.a(libc_a-impure.o)
 .ARM.attributes
                0x00000863       0x34 C:/ST/STM32CubeIDE_1.15.1/STM32CubeIDE/plugins/com.st.stm32cube.ide.mcu.externaltools.gnu-tools-for-stm32.12.3.rel1.win32_1.0.200.202406191623/tools/bin/../lib/gcc/arm-none-eabi/12.3.1/../../../../arm-none-eabi/lib/thumb/v7e-m+fp/hard\libc_nano.a(libc_a-sbrkr.o)
 .ARM.attributes
                0x00000897       0x34 C:/ST/STM32CubeIDE_1.15.1/STM32CubeIDE/plugins/com.st.stm32cube.ide.mcu.externaltools.gnu-tools-for-stm32.12.3.rel1.win32_1.0.200.202406191623/tools/bin/../lib/gcc/arm-none-eabi/12.3.1/../../../../arm-none-eabi/lib/thumb/v7e-m+fp/hard\libc_nano.a(libc_a-errno.o)
 .ARM.attributes
                0x000008cb       0x34 C:/ST/STM32CubeIDE_1.15.1/STM32CubeIDE/plugins/com.st.stm32cube.ide.mcu.externaltools.gnu-tools-for-stm32.12.3.rel1.win32_1.0.200.202406191623/tools/bin/../lib/gcc/arm-none-eabi/12.3.1/../../../../arm-none-eabi/lib/thumb/v7e-m+fp/hard\libc_nano.a(libc_a-init.o)
 .ARM.attributes
                0x000008ff       0x34 C:/ST/STM32CubeIDE_1.15.1/STM32CubeIDE/plugins/com.st.stm32cube.ide.mcu.externaltools.gnu-tools-for-stm32.12.3.rel1.win32_1.0.200.202406191623/tools/bin/../lib/gcc/arm-none-eabi/12.3.1/../../../../arm-none-eabi/lib/thumb/v7e-m+fp/hard\libc_nano.a(libc_a-lock.o)
 .ARM.attributes
                0x00000933       0x17 C:/ST/STM32CubeIDE_1.15.1/STM32CubeIDE/plugins/com.st.stm32cube.ide.mcu.externaltools.gnu-tools-for-stm32.12.3.rel1.win32_1.0.200.202406191623/tools/bin/../lib/gcc/arm-none-eabi/12.3.1/../../../../arm-none-eabi/lib/thumb/v7e-m+fp/hard\libc_nano.a(libc_a-strlen.o)
 .ARM.attributes
                0x0000094a       0x34 C:/ST/STM32CubeIDE_1.15.1/STM32CubeIDE/plugins/com.st.stm32cube.ide.mcu.externaltools.gnu-tools-for-stm32.12.3.rel1.win32_1.0.200.202406191623/tools/bin/../lib/gcc/arm-none-eabi/12.3.1/../../../../arm-none-eabi/lib/thumb/v7e-m+fp/hard\libc_nano.a(libc_a-freer.o)
 .ARM.attributes
                0x0000097e       0x34 C:/ST/STM32CubeIDE_1.15.1/STM32CubeIDE/plugins/com.st.stm32cube.ide.mcu.externaltools.gnu-tools-for-stm32.12.3.rel1.win32_1.0.200.202406191623/tools/bin/../lib/gcc/arm-none-eabi/12.3.1/../../../../arm-none-eabi/lib/thumb/v7e-m+fp/hard\libc_nano.a(libc_a-nano-svfprintf.o)
 .ARM.attributes
                0x000009b2       0x34 C:/ST/STM32CubeIDE_1.15.1/STM32CubeIDE/plugins/com.st.stm32cube.ide.mcu.externaltools.gnu-tools-for-stm32.12.3.rel1.win32_1.0.200.202406191623/tools/bin/../lib/gcc/arm-none-eabi/12.3.1/../../../../arm-none-eabi/lib/thumb/v7e-m+fp/hard\libc_nano.a(libc_a-nano-vfprintf_i.o)
 .ARM.attributes
                0x000009e6       0x34 C:/ST/STM32CubeIDE_1.15.1/STM32CubeIDE/plugins/com.st.stm32cube.ide.mcu.externaltools.gnu-tools-for-stm32.12.3.rel1.win32_1.0.200.202406191623/tools/bin/../lib/gcc/arm-none-eabi/12.3.1/../../../../arm-none-eabi/lib/thumb/v7e-m+fp/hard\libc_nano.a(libc_a-memmove.o)
 .ARM.attributes
                0x00000a1a       0x1c C:/ST/STM32CubeIDE_1.15.1/STM32CubeIDE/plugins/com.st.stm32cube.ide.mcu.externaltools.gnu-tools-for-stm32.12.3.rel1.win32_1.0.200.202406191623/tools/bin/../lib/gcc/arm-none-eabi/12.3.1/../../../../arm-none-eabi/lib/thumb/v7e-m+fp/hard\libc_nano.a(libc_a-memchr.o)
 .ARM.attributes
                0x00000a36       0x34 C:/ST/STM32CubeIDE_1.15.1/STM32CubeIDE/plugins/com.st.stm32cube.ide.mcu.externaltools.gnu-tools-for-stm32.12.3.rel1.win32_1.0.200.202406191623/tools/bin/../lib/gcc/arm-none-eabi/12.3.1/../../../../arm-none-eabi/lib/thumb/v7e-m+fp/hard\libc_nano.a(libc_a-memcpy-stub.o)
 .ARM.attributes
                0x00000a6a       0x34 C:/ST/STM32CubeIDE_1.15.1/STM32CubeIDE/plugins/com.st.stm32cube.ide.mcu.externaltools.gnu-tools-for-stm32.12.3.rel1.win32_1.0.200.202406191623/tools/bin/../lib/gcc/arm-none-eabi/12.3.1/../../../../arm-none-eabi/lib/thumb/v7e-m+fp/hard\libc_nano.a(libc_a-reallocr.o)
 .ARM.attributes
                0x00000a9e       0x34 C:/ST/STM32CubeIDE_1.15.1/STM32CubeIDE/plugins/com.st.stm32cube.ide.mcu.externaltools.gnu-tools-for-stm32.12.3.rel1.win32_1.0.200.202406191623/tools/bin/../lib/gcc/arm-none-eabi/12.3.1/../../../../arm-none-eabi/lib/thumb/v7e-m+fp/hard\libc_nano.a(libc_a-msizer.o)
 .ARM.attributes
                0x00000ad2       0x22 C:/ST/STM32CubeIDE_1.15.1/STM32CubeIDE/plugins/com.st.stm32cube.ide.mcu.externaltools.gnu-tools-for-stm32.12.3.rel1.win32_1.0.200.202406191623/tools/bin/../lib/gcc/arm-none-eabi/12.3.1/thumb/v7e-m+fp/hard\libgcc.a(_arm_addsubdf3.o)
 .ARM.attributes
                0x00000af4       0x22 C:/ST/STM32CubeIDE_1.15.1/STM32CubeIDE/plugins/com.st.stm32cube.ide.mcu.externaltools.gnu-tools-for-stm32.12.3.rel1.win32_1.0.200.202406191623/tools/bin/../lib/gcc/arm-none-eabi/12.3.1/thumb/v7e-m+fp/hard\libgcc.a(_arm_muldivdf3.o)
 .ARM.attributes
                0x00000b16       0x22 C:/ST/STM32CubeIDE_1.15.1/STM32CubeIDE/plugins/com.st.stm32cube.ide.mcu.externaltools.gnu-tools-for-stm32.12.3.rel1.win32_1.0.200.202406191623/tools/bin/../lib/gcc/arm-none-eabi/12.3.1/thumb/v7e-m+fp/hard\libgcc.a(_arm_truncdfsf2.o)
 .ARM.attributes