../Core/Src/main.c:76:6:LED_Init	8	static
../Core/Src/main.c:82:6:Input_Fix	8	static
../Core/Src/main.c:93:6:Generate_Bytes	36	static
../Core/Src/main.c:111:6:LED_Display_6Byte_SPI	48	static
../Core/Src/main.c:134:6:LED_Display_Color	64	static
../Core/Src/main.c:193:6:caculate_rad	8	static
../Core/Src/main.c:198:6:caculate_theta	0	static
../Core/Src/main.c:294:6:SystemClock_Config	80	static,ignoring_inline_asm
../Core/Src/main.c:214:5:main	80	static,ignoring_inline_asm
../Core/Src/main.c:586:6:Error_Handler	0	static,ignoring_inline_asm
