../Core/Src/main.c:60:6:LED_Init	8	static
../Core/Src/main.c:66:6:Input_Fix	32	static
../Core/Src/main.c:76:6:Generate_Bytes	24	static
../Core/Src/main.c:94:6:LED_Display_6Byte_SPI	32	static
../Core/Src/main.c:117:6:LED_Display_Color	72	static
../Core/Src/main.c:187:5:main	48	static
../Core/Src/main.c:244:6:SystemClock_Config	88	static
../Core/Src/main.c:289:13:MX_RTC_Init	32	static
../Core/Src/main.c:362:13:MX_SPI1_Init	8	static
../Core/Src/main.c:402:13:MX_USART1_UART_Init	8	static
../Core/Src/main.c:450:13:MX_GPIO_Init	48	static
../Core/Src/main.c:493:6:Error_Handler	8	static,ignoring_inline_asm
