../Core/Src/stm32g0xx_hal_msp.c:63:6:HAL_MspInit	8	static
../Core/Src/stm32g0xx_hal_msp.c:86:6:HAL_RTC_MspInit	40	static
../Core/Src/stm32g0xx_hal_msp.c:121:6:HAL_RTC_MspDeInit	0	static
../Core/Src/stm32g0xx_hal_msp.c:144:6:HAL_SPI_MspInit	40	static
../Core/Src/stm32g0xx_hal_msp.c:180:6:HAL_SPI_MspDeInit	8	static
../Core/Src/stm32g0xx_hal_msp.c:209:6:HAL_TIM_Base_MspInit	16	static
../Core/Src/stm32g0xx_hal_msp.c:234:6:HAL_TIM_Base_MspDeInit	8	static
../Core/Src/stm32g0xx_hal_msp.c:259:6:HAL_UART_MspInit	64	static
../Core/Src/stm32g0xx_hal_msp.c:306:6:HAL_UART_MspDeInit	8	static
