../Core/Src/stm32g0xx_it.c:194:6:caculate_rad	16	static
../Core/Src/stm32g0xx_it.c:198:6:caculate_theta	8	static
../Core/Src/stm32g0xx_it.c:202:6:show_num	16	static
../Core/Src/stm32g0xx_it.c:249:6:HAL_GPIO_EXTI_Falling_Callback	16	static
../Core/Src/stm32g0xx_it.c:297:6:NMI_Handler	8	static
../Core/Src/stm32g0xx_it.c:312:6:HardFault_Handler	8	static
../Core/Src/stm32g0xx_it.c:327:6:SVC_Handler	8	static
../Core/Src/stm32g0xx_it.c:340:6:PendSV_Handler	8	static
../Core/Src/stm32g0xx_it.c:353:6:SysTick_Handler	8	static
../Core/Src/stm32g0xx_it.c:377:6:EXTI0_1_IRQHandler	8	static
