../Core/Src/main.c:104:8:getd	4	static
../Core/Src/main.c:113:5:isempty	4	static
../Core/Src/main.c:122:6:setxdigit	40	static
../Core/Src/main.c:151:6:getFirstFourDigits	24	static
../Core/Src/main.c:166:9:get_char	16	static
../Core/Src/main.c:199:6:close	16	static
../Core/Src/main.c:213:6:keep_char	16	static
../Core/Src/main.c:237:15:jac_read_pin	24	static
../Core/Src/main.c:253:6:show_4char	16	static
../Core/Src/main.c:271:6:push	16	static
../Core/Src/main.c:280:6:pop	4	static
../Core/Src/main.c:290:9:get	8	static
../Core/Src/main.c:294:6:calculate	48	static
../Core/Src/main.c:352:5:precedence	16	static
../Core/Src/main.c:364:8:calresult	48	static
../Core/Src/main.c:388:6:show_result	16	static
../Core/Src/main.c:412:5:main	416	static
../Core/Src/main.c:491:6:SystemClock_Config	88	static
../Core/Src/main.c:532:13:MX_GPIO_Init	48	static
../Core/Src/main.c:607:6:Error_Handler	4	static,ignoring_inline_asm
