../Core/Src/main.c:74:6:i2c_handler	48	static
../Core/Src/main.c:100:6:send_data	16	static
../Core/Src/main.c:106:6:i2c_write	32	static
../Core/Src/main.c:111:6:i2c_read	40	static
../Core/Src/main.c:123:6:multisynth_program	72	static
../Core/Src/main.c:156:6:pll_freq	56	static
../Core/Src/main.c:204:5:main	16	static
../Core/Src/main.c:260:6:SystemClock_Config	88	static
../Core/Src/main.c:307:13:MX_CRC_Init	8	static
../Core/Src/main.c:341:13:MX_DAC3_Init	56	static
../Core/Src/main.c:388:13:MX_I2C1_Init	8	static
../Core/Src/main.c:436:13:MX_SPI3_Init	8	static
../Core/Src/main.c:476:13:MX_TIM1_Init	120	static
../Core/Src/main.c:558:13:MX_TIM8_Init	40	static
../Core/Src/main.c:605:13:MX_USART2_UART_Init	8	static
../Core/Src/main.c:651:13:MX_DMA_Init	16	static
../Core/Src/main.c:670:13:MX_GPIO_Init	48	static
../Core/Src/main.c:712:6:Error_Handler	4	static,ignoring_inline_asm
