../Core/Src/main.c:84:6:i2c_handler	48	static
../Core/Src/main.c:110:6:send_data	16	static
../Core/Src/main.c:116:6:i2c_write	32	static
../Core/Src/main.c:121:6:i2c_read	40	static
../Core/Src/main.c:133:6:multisynth_program	72	static
../Core/Src/main.c:166:6:pll_freq	56	static
../Core/Src/main.c:204:6:set_dac	192	static
../Core/Src/main.c:259:5:main	16	static
../Core/Src/main.c:341:6:SystemClock_Config	88	static
../Core/Src/main.c:388:13:MX_CORDIC_Init	8	static
../Core/Src/main.c:414:13:MX_CRC_Init	8	static
../Core/Src/main.c:448:13:MX_DAC2_Init	56	static
../Core/Src/main.c:495:13:MX_DAC3_Init	56	static
../Core/Src/main.c:542:13:MX_I2C1_Init	8	static
../Core/Src/main.c:590:13:MX_OPAMP1_Init	8	static
../Core/Src/main.c:622:13:MX_SPI3_Init	8	static
../Core/Src/main.c:662:13:MX_TIM1_Init	120	static
../Core/Src/main.c:744:13:MX_TIM15_Init	40	static
../Core/Src/main.c:790:13:MX_USART2_UART_Init	8	static
../Core/Src/main.c:836:13:MX_DMA_Init	24	static
../Core/Src/main.c:856:13:MX_GPIO_Init	48	static
../Core/Src/main.c:898:6:Error_Handler	4	static,ignoring_inline_asm
