../Core/Src/main.c:167:6:AD9959_WriteData	24	static
../Core/Src/main.c:207:6:Write_CFTW0	24	static
../Core/Src/main.c:218:6:AD9959_Set_Fre	24	static
../Core/Src/main.c:226:6:IntReset	8	static
../Core/Src/main.c:234:6:Intserve	8	static
../Core/Src/main.c:257:6:Write_ACR	24	static
../Core/Src/main.c:268:6:AD9959_Set_Amp	24	static
../Core/Src/main.c:276:6:Write_CPOW0	24	static
../Core/Src/main.c:285:6:AD9959_Set_Phase	24	static
../Core/Src/main.c:294:6:AD9959_Init	16	static
../Core/Src/main.c:325:6:IO_Update	8	static
../Core/Src/main.c:334:6:set_dac	144	static
../Core/Src/main.c:389:5:main	16	static
../Core/Src/main.c:452:6:SystemClock_Config	88	static
../Core/Src/main.c:499:13:MX_CORDIC_Init	8	static
../Core/Src/main.c:525:13:MX_DAC3_Init	56	static
../Core/Src/main.c:572:13:MX_OPAMP6_Init	8	static
../Core/Src/main.c:604:13:MX_TIM15_Init	40	static
../Core/Src/main.c:648:13:MX_DMA_Init	16	static
../Core/Src/main.c:662:13:MX_GPIO_Init	48	static
../Core/Src/main.c:723:6:Error_Handler	4	static,ignoring_inline_asm
