../Core/Src/main.c:170:6:AD9959_WriteData	32	static
../Core/Src/main.c:210:6:Write_CFTW0	16	static
../Core/Src/main.c:221:6:AD9959_Set_Fre	16	static
../Core/Src/main.c:229:6:IntReset	8	static
../Core/Src/main.c:237:6:Intserve	8	static
../Core/Src/main.c:260:6:Write_ACR	16	static
../Core/Src/main.c:271:6:AD9959_Set_Amp	16	static
../Core/Src/main.c:279:6:Write_CPOW0	16	static
../Core/Src/main.c:288:6:AD9959_Set_Phase	16	static
../Core/Src/main.c:297:6:AD9959_Init	16	static
../Core/Src/main.c:328:6:IO_Update	8	static
../Core/Src/main.c:338:6:set_dac	24	static
../Core/Src/main.c:395:6:dac_set	0	static
../Core/Src/main.c:474:6:SystemClock_Config	88	static,ignoring_inline_asm
../Core/Src/main.c:410:5:main	112	static,ignoring_inline_asm
../Core/Src/main.c:784:6:Error_Handler	0	static,ignoring_inline_asm
