../Core/Src/stm32g4xx_hal_msp.c:67:6:HAL_MspInit	16	static
../Core/Src/stm32g4xx_hal_msp.c:94:6:HAL_CORDIC_MspInit	8	static
../Core/Src/stm32g4xx_hal_msp.c:117:6:HAL_CORDIC_MspDeInit	0	static
../Core/Src/stm32g4xx_hal_msp.c:139:6:HAL_DAC_MspInit	16	static
../Core/Src/stm32g4xx_hal_msp.c:198:6:HAL_DAC_MspDeInit	8	static
../Core/Src/stm32g4xx_hal_msp.c:224:6:HAL_OPAMP_MspInit	40	static
../Core/Src/stm32g4xx_hal_msp.c:274:6:HAL_OPAMP_MspDeInit	8	static
../Core/Src/stm32g4xx_hal_msp.c:315:6:HAL_TIM_Base_MspInit	8	static
../Core/Src/stm32g4xx_hal_msp.c:338:6:HAL_TIM_Base_MspDeInit	0	static
