../Core/Src/main.c:98:6:AFE_Gain	24	static
../Core/Src/main.c:119:6:AFE_Offset	24	static
../Core/Src/main.c:136:6:sigma_delta	32	static
../Core/Src/main.c:156:6:AWG_Offset	16	static
../Core/Src/main.c:167:6:AWG_Offset_Init	16	static
../Core/Src/main.c:172:6:AWG_Offset_Stop	8	static
../Core/Src/main.c:178:6:AWG_Gain	24	static
../Core/Src/main.c:204:5:main	8	static
../Core/Src/main.c:256:6:SystemClock_Config	88	static
../Core/Src/main.c:305:13:MX_CRC_Init	8	static
../Core/Src/main.c:339:13:MX_DAC1_Init	56	static
../Core/Src/main.c:386:13:MX_SPI3_Init	8	static
../Core/Src/main.c:426:13:MX_TIM6_Init	24	static
../Core/Src/main.c:464:13:MX_TIM7_Init	24	static
../Core/Src/main.c:502:13:MX_USART2_UART_Init	8	static
../Core/Src/main.c:548:13:MX_DMA_Init	24	static
../Core/Src/main.c:571:13:MX_GPIO_Init	48	static
../Core/Src/main.c:627:6:Error_Handler	4	static,ignoring_inline_asm
