../Core/Src/main.c:102:6:AD9959_WriteData	24	static
../Core/Src/main.c:139:6:Write_CFTW0	24	static
../Core/Src/main.c:150:6:AD9959_Set_Freq	24	static
../Core/Src/main.c:158:6:Write_ACR	24	static
../Core/Src/main.c:168:6:AD9959_Set_Ampl	24	static
../Core/Src/main.c:175:6:Write_CPOW0	24	static
../Core/Src/main.c:183:6:AD9959_Set_Phase	24	static
../Core/Src/main.c:191:6:AD9959_Init	16	static
../Core/Src/main.c:201:6:IntReset	8	static
../Core/Src/main.c:209:6:Intserve	8	static
../Core/Src/main.c:224:6:IO_Update	8	static
../Core/Src/main.c:238:5:main	56	static
../Core/Src/main.c:525:6:SystemClock_Config	88	static
../Core/Src/main.c:571:13:MX_SPI1_Init	8	static
../Core/Src/main.c:611:13:MX_TIM8_Init	56	static
../Core/Src/main.c:660:13:MX_DMA_Init	16	static
../Core/Src/main.c:679:13:MX_GPIO_Init	48	static
../Core/Src/main.c:742:6:Error_Handler	4	static,ignoring_inline_asm
