D:/my_write_stm32cube/Eigen/Eigen/src/Core/products/GeneralMatrixVector.h:327:42:static void Eigen::internal::general_matrix_vector_product<Index, LhsScalar, LhsMapper, 1, ConjugateLhs, RhsScalar, RhsMapper, ConjugateRhs, Version>::run(Index, Index, const LhsMapper&, const RhsMapper&, ResScalar*, Index, ResScalar) [with Index = int; LhsScalar = float; LhsMapper = Eigen::internal::const_blas_data_mapper<float, int, 1>; bool ConjugateLhs = false; RhsScalar = float; RhsMapper = Eigen::internal::const_blas_data_mapper<float, int, 0>; bool ConjugateRhs = false; int Version = 0]	96	static
D:/my_write_stm32cube/Eigen/Eigen/src/Core/products/GeneralMatrixVector.h:108:42:static void Eigen::internal::general_matrix_vector_product<Index, LhsScalar, LhsMapper, 0, ConjugateLhs, RhsScalar, RhsMapper, ConjugateRhs, Version>::run(Index, Index, const LhsMapper&, const RhsMapper&, ResScalar*, Index, RhsScalar) [with Index = int; LhsScalar = float; LhsMapper = Eigen::internal::const_blas_data_mapper<float, int, 0>; bool ConjugateLhs = false; RhsScalar = float; RhsMapper = Eigen::internal::const_blas_data_mapper<float, int, 0>; bool ConjugateRhs = false; int Version = 0]	104	static
D:/my_write_stm32cube/Eigen/Eigen/src/Core/GeneralProduct.h:307:15:static void Eigen::internal::gemv_dense_selector<2, 1, true>::run(const Lhs&, const Rhs&, Dest&, const typename Dest::Scalar&) [with Lhs = Eigen::Transpose<const Eigen::Block<Eigen::Block<Eigen::Matrix<float, -1, -1>, -1, -1, false>, -1, -1, false> >; Rhs = Eigen::Transpose<const Eigen::Transpose<const Eigen::Block<Eigen::Block<Eigen::Matrix<float, -1, -1>, -1, 1, true>, -1, 1, false> > >; Dest = Eigen::Transpose<Eigen::Map<Eigen::Matrix<float, 1, -1>, 0, Eigen::Stride<0, 0> > >]	216	dynamic
D:/my_write_stm32cube/Eigen/Eigen/src/Core/ProductEvaluators.h:272:24:void Eigen::internal::outer_product_selector_run(Dst&, const Lhs&, const Rhs&, const Func&, const false_type&) [with Dst = Eigen::Block<Eigen::Block<Eigen::Matrix<float, -1, -1>, -1, -1, false>, -1, -1, false>; Lhs = Eigen::CwiseBinaryOp<scalar_product_op<float, float>, const Eigen::CwiseNullaryOp<scalar_constant_op<float>, const Eigen::Matrix<float, -1, 1> >, const Eigen::Block<Eigen::Block<Eigen::Matrix<float, -1, -1>, -1, 1, true>, -1, 1, false> >; Rhs = Eigen::Map<Eigen::Matrix<float, 1, -1>, 0, Eigen::Stride<0, 0> >; Func = generic_product_impl<Eigen::CwiseBinaryOp<scalar_product_op<float, float>, const Eigen::CwiseNullaryOp<scalar_constant_op<float>, const Eigen::Matrix<float, -1, 1> >, const Eigen::Block<Eigen::Block<Eigen::Matrix<float, -1, -1>, -1, 1, true>, -1, 1, false> >, Eigen::Map<Eigen::Matrix<float, 1, -1>, 0, Eigen::Stride<0, 0> >, Eigen::DenseShape, Eigen::DenseShape, 5>::sub]	40	dynamic
D:/my_write_stm32cube/Eigen/Eigen/src/Householder/Householder.h:116:6:void Eigen::MatrixBase<Derived>::applyHouseholderOnTheLeft(const EssentialPart&, const Scalar&, Scalar*) [with EssentialPart = Eigen::VectorBlock<Eigen::Block<Eigen::Matrix<float, -1, -1>, -1, 1, true>, -1>; Derived = Eigen::Block<Eigen::Matrix<float, -1, -1>, -1, -1, false>]	520	static
D:/my_write_stm32cube/Eigen/Eigen/src/Householder/Householder.h:67:6:void Eigen::MatrixBase<Derived>::makeHouseholder(EssentialPart&, Scalar&, RealScalar&) const [with EssentialPart = Eigen::VectorBlock<Eigen::Block<Eigen::Block<Eigen::Matrix<float, -1, -1>, -1, 1, true>, -1, 1, false>, -1>; Derived = Eigen::Block<Eigen::Block<Eigen::Matrix<float, -1, -1>, -1, 1, true>, -1, 1, false>]	40	static
D:/my_write_stm32cube/Eigen/Eigen/src/Householder/Householder.h:43:6:void Eigen::MatrixBase<Derived>::makeHouseholderInPlace(Scalar&, RealScalar&) [with Derived = Eigen::Block<Eigen::Block<Eigen::Matrix<float, -1, -1>, -1, 1, true>, -1, 1, false>]	104	static
D:/my_write_stm32cube/Eigen/Eigen/src/QR/ColPivHouseholderQR.h:482:6:void Eigen::ColPivHouseholderQR<MatrixType>::computeInPlace() [with _MatrixType = Eigen::Matrix<float, -1, -1>]	216	static
D:/my_write_stm32cube/Eigen/Eigen/src/Householder/Householder.h:116:6:void Eigen::MatrixBase<Derived>::applyHouseholderOnTheLeft(const EssentialPart&, const Scalar&, Scalar*) [with EssentialPart = Eigen::Block<const Eigen::Matrix<float, -1, -1>, -1, 1, false>; Derived = Eigen::Block<Eigen::Matrix<float, -1, 1>, -1, -1, false>]	256	static
D:/my_write_stm32cube/Eigen/Eigen/src/Core/products/TriangularSolverVector.h:94:15:static void Eigen::internal::triangular_solve_vector<LhsScalar, RhsScalar, Index, 1, Mode, Conjugate, 0>::run(Index, const LhsScalar*, Index, RhsScalar*) [with LhsScalar = float; RhsScalar = float; Index = int; int Mode = 2; bool Conjugate = false]	104	static
D:/my_write_stm32cube/Eigen/Eigen/src/Core/SolveTriangular.h:57:33:static void Eigen::internal::triangular_solver_selector<Lhs, Rhs, Side, Mode, 0, 1>::run(const Lhs&, Rhs&) [with Lhs = const Eigen::Block<const Eigen::Matrix<float, -1, -1>, -1, -1, false>; Rhs = Eigen::Block<Eigen::Matrix<float, -1, 1>, -1, 1, false>; int Side = 1; int Mode = 2]	32	dynamic
D:/my_write_stm32cube/Eigen/Eigen/src/QR/ColPivHouseholderQR.h:587:6:void Eigen::ColPivHouseholderQR<MatrixType>::_solve_impl(const RhsType&, DstType&) const [with RhsType = Eigen::Matrix<float, -1, 1>; DstType = Eigen::Matrix<float, 2, 1>; _MatrixType = Eigen::Matrix<float, -1, -1>]	104	static
../Core/Src/fitting.cpp:15:7:float ic_fitting(uint32_t*, uint16_t)	136	static
