../Core/Src/main.c:90:6:gpio_handler	4	static
../Core/Src/main.c:142:6:spi_handler	0	static
../Core/Src/main.c:174:6:i2c_handler	40	static
../Core/Src/main.c:202:6:HAL_ADC_ConvCpltCallback	8	static
../Core/Src/main.c:213:6:split	8	static
../Core/Src/main.c:222:6:HAL_TIM_IC_CaptureCallback	0	static
../Core/Src/main.c:341:6:SystemClock_Config	88	static,ignoring_inline_asm
../Core/Src/main.c:241:5:main	10264	static,ignoring_inline_asm
../Core/Src/main.c:937:6:Error_Handler	0	static,ignoring_inline_asm
