../Core/Src/main.c:90:6:gpio_handler	4	static
../Core/Src/main.c:174:6:i2c_handler	40	static
../Core/Src/main.c:142:6:spi_handler	0	static
../Core/Src/main.c:202:6:HAL_ADC_ConvCpltCallback	8	static
../Core/Src/main.c:213:6:split	8	static
../Core/Src/main.c:222:6:HAL_TIM_IC_CaptureCallback	0	static
../Core/Src/main.c:230:6:HAL_TIM_PeriodElapsedCallback	0	static
../Core/Src/main.c:238:6:uart_transmit_f	16	static
../Core/Src/main.c:374:6:SystemClock_Config	88	static,ignoring_inline_asm
../Core/Src/main.c:259:5:main	5760	static,ignoring_inline_asm
../Core/Src/main.c:970:6:Error_Handler	0	static,ignoring_inline_asm
