../Core/Src/stm32g4xx_hal_msp.c:69:6:HAL_MspInit	8	static
../Core/Src/stm32g4xx_hal_msp.c:96:6:HAL_ADC_MspInit	128	static
../Core/Src/stm32g4xx_hal_msp.c:159:6:HAL_ADC_MspDeInit	8	static
../Core/Src/stm32g4xx_hal_msp.c:189:6:HAL_COMP_MspInit	40	static
../Core/Src/stm32g4xx_hal_msp.c:230:6:HAL_COMP_MspDeInit	8	static
../Core/Src/stm32g4xx_hal_msp.c:259:6:HAL_CRC_MspInit	8	static
../Core/Src/stm32g4xx_hal_msp.c:282:6:HAL_CRC_MspDeInit	0	static
../Core/Src/stm32g4xx_hal_msp.c:304:6:HAL_DAC_MspInit	8	static
../Core/Src/stm32g4xx_hal_msp.c:327:6:HAL_DAC_MspDeInit	0	static
../Core/Src/stm32g4xx_hal_msp.c:349:6:HAL_I2C_MspInit	144	static
../Core/Src/stm32g4xx_hal_msp.c:404:6:HAL_I2C_MspDeInit	8	static
../Core/Src/stm32g4xx_hal_msp.c:435:6:HAL_SPI_MspInit	40	static
../Core/Src/stm32g4xx_hal_msp.c:472:6:HAL_SPI_MspDeInit	0	static
../Core/Src/stm32g4xx_hal_msp.c:501:6:HAL_TIM_Base_MspInit	32	static
../Core/Src/stm32g4xx_hal_msp.c:564:6:HAL_TIM_Base_MspDeInit	0	static
../Core/Src/stm32g4xx_hal_msp.c:611:6:HAL_UART_MspInit	128	static
../Core/Src/stm32g4xx_hal_msp.c:680:6:HAL_UART_MspDeInit	8	static
