../Core/Src/main.c:144:6:HAL_ADC_ConvCpltCallback	16	static
../Core/Src/main.c:153:6:send_ad9834	16	static
../Core/Src/main.c:160:6:send_ad9833	16	static
../Core/Src/main.c:169:6:fankui	4952	static
../Core/Src/main.c:211:6:get_nop	40	static
../Core/Src/main.c:219:6:HAL_TIM_PeriodElapsedCallback	16	static
../Core/Src/main.c:226:6:AFE_Offset_LDAC_Init	16	static
../Core/Src/main.c:238:6:AFE_Gain	32	static
../Core/Src/main.c:259:6:AFE_Offset	24	static
../Core/Src/main.c:271:5:roundToNearest5	24	static
../Core/Src/main.c:288:5:main	14632	static
../Core/Src/main.c:597:6:SystemClock_Config	88	static
../Core/Src/main.c:644:13:MX_ADC1_Init	56	static
../Core/Src/main.c:712:13:MX_COMP3_Init	8	static
../Core/Src/main.c:744:13:MX_CRC_Init	8	static
../Core/Src/main.c:778:13:MX_DAC1_Init	56	static
../Core/Src/main.c:825:13:MX_I2C1_Init	8	static
../Core/Src/main.c:873:13:MX_SPI1_Init	8	static
../Core/Src/main.c:913:13:MX_SPI3_Init	8	static
../Core/Src/main.c:953:13:MX_TIM2_Init	56	static
../Core/Src/main.c:1015:13:MX_TIM3_Init	40	static
../Core/Src/main.c:1060:13:MX_TIM6_Init	24	static
../Core/Src/main.c:1098:13:MX_TIM7_Init	24	static
../Core/Src/main.c:1136:13:MX_TIM15_Init	40	static
../Core/Src/main.c:1182:13:MX_USART2_UART_Init	8	static
../Core/Src/main.c:1228:13:MX_DMA_Init	24	static
../Core/Src/main.c:1254:13:MX_GPIO_Init	48	static
../Core/Src/main.c:1332:6:Error_Handler	4	static,ignoring_inline_asm
