../Core/Src/main.c:129:6:HAL_ADC_ConvCpltCallback	16	static
../Core/Src/main.c:137:6:AFE_Offset_LDAC_Init	16	static
../Core/Src/main.c:149:6:AFE_Gain	24	static
../Core/Src/main.c:168:6:AFE_Offset	24	static
../Core/Src/main.c:189:5:main	18544	static
../Core/Src/main.c:321:6:SystemClock_Config	88	static
../Core/Src/main.c:368:13:MX_ADC1_Init	56	static
../Core/Src/main.c:436:13:MX_COMP3_Init	8	static
../Core/Src/main.c:468:13:MX_CRC_Init	8	static
../Core/Src/main.c:502:13:MX_DAC1_Init	56	static
../Core/Src/main.c:549:13:MX_I2C1_Init	8	static
../Core/Src/main.c:597:13:MX_SPI3_Init	8	static
../Core/Src/main.c:637:13:MX_TIM2_Init	56	static
../Core/Src/main.c:699:13:MX_TIM3_Init	40	static
../Core/Src/main.c:744:13:MX_TIM6_Init	24	static
../Core/Src/main.c:782:13:MX_TIM7_Init	24	static
../Core/Src/main.c:820:13:MX_USART2_UART_Init	8	static
../Core/Src/main.c:866:13:MX_DMA_Init	24	static
../Core/Src/main.c:892:13:MX_GPIO_Init	48	static
../Core/Src/main.c:955:6:Error_Handler	4	static,ignoring_inline_asm
