../Core/Src/main.c:129:6:HAL_ADC_ConvCpltCallback	16	static
../Core/Src/main.c:137:6:AFE_Offset_LDAC_Init	16	static
../Core/Src/main.c:149:6:AFE_Gain	24	static
../Core/Src/main.c:168:6:AFE_Offset	24	static
../Core/Src/main.c:182:5:roundToNearest5	24	static
../Core/Src/main.c:199:5:main	14472	static
../Core/Src/main.c:406:6:SystemClock_Config	88	static
../Core/Src/main.c:453:13:MX_ADC1_Init	56	static
../Core/Src/main.c:521:13:MX_COMP3_Init	8	static
../Core/Src/main.c:553:13:MX_CRC_Init	8	static
../Core/Src/main.c:587:13:MX_DAC1_Init	56	static
../Core/Src/main.c:634:13:MX_I2C1_Init	8	static
../Core/Src/main.c:682:13:MX_SPI3_Init	8	static
../Core/Src/main.c:722:13:MX_TIM2_Init	56	static
../Core/Src/main.c:784:13:MX_TIM3_Init	40	static
../Core/Src/main.c:829:13:MX_TIM6_Init	24	static
../Core/Src/main.c:867:13:MX_TIM7_Init	24	static
../Core/Src/main.c:905:13:MX_USART2_UART_Init	8	static
../Core/Src/main.c:951:13:MX_DMA_Init	24	static
../Core/Src/main.c:977:13:MX_GPIO_Init	48	static
../Core/Src/main.c:1040:6:Error_Handler	4	static,ignoring_inline_asm
