../Core/Src/main.c:135:6:HAL_ADC_ConvCpltCallback	16	static
../Core/Src/main.c:144:6:send_ad9834	16	static
../Core/Src/main.c:150:6:send_ad9833	16	static
../Core/Src/main.c:156:6:AFE_Offset_LDAC_Init	16	static
../Core/Src/main.c:168:6:AFE_Gain	24	static
../Core/Src/main.c:187:6:AFE_Offset	24	static
../Core/Src/main.c:201:5:roundToNearest5	24	static
../Core/Src/main.c:354:5:main	14488	static
../Core/Src/main.c:574:6:SystemClock_Config	88	static
../Core/Src/main.c:621:13:MX_ADC1_Init	56	static
../Core/Src/main.c:689:13:MX_COMP3_Init	8	static
../Core/Src/main.c:721:13:MX_CRC_Init	8	static
../Core/Src/main.c:755:13:MX_DAC1_Init	56	static
../Core/Src/main.c:802:13:MX_I2C1_Init	8	static
../Core/Src/main.c:850:13:MX_SPI3_Init	8	static
../Core/Src/main.c:890:13:MX_TIM2_Init	56	static
../Core/Src/main.c:952:13:MX_TIM3_Init	40	static
../Core/Src/main.c:997:13:MX_TIM6_Init	24	static
../Core/Src/main.c:1035:13:MX_TIM7_Init	24	static
../Core/Src/main.c:1073:13:MX_USART2_UART_Init	8	static
../Core/Src/main.c:1119:13:MX_DMA_Init	24	static
../Core/Src/main.c:1145:13:MX_GPIO_Init	48	static
../Core/Src/main.c:1213:6:Error_Handler	4	static,ignoring_inline_asm
