Archive member included to satisfy reference by file (symbol)

C:\Users\linyixin\Documents\GitHub\NUEDC\EZ_simulation_2\Drivers\CMSIS\Lib\GCC\libarm_cortexM4lf_math.a(arm_max_f32.o)
                              ./Core/Src/measure.o (arm_max_f32)
C:\Users\linyixin\Documents\GitHub\NUEDC\EZ_simulation_2\Drivers\CMSIS\Lib\GCC\libarm_cortexM4lf_math.a(arm_rfft_fast_init_f32.o)
                              ./Core/Src/measure.o (arm_rfft_1024_fast_init_f32)
C:\Users\linyixin\Documents\GitHub\NUEDC\EZ_simulation_2\Drivers\CMSIS\Lib\GCC\libarm_cortexM4lf_math.a(arm_rfft_fast_f32.o)
                              ./Core/Src/measure.o (arm_rfft_fast_f32)
C:\Users\linyixin\Documents\GitHub\NUEDC\EZ_simulation_2\Drivers\CMSIS\Lib\GCC\libarm_cortexM4lf_math.a(arm_cfft_f32.o)
                              C:\Users\linyixin\Documents\GitHub\NUEDC\EZ_simulation_2\Drivers\CMSIS\Lib\GCC\libarm_cortexM4lf_math.a(arm_rfft_fast_f32.o) (arm_cfft_f32)
C:\Users\linyixin\Documents\GitHub\NUEDC\EZ_simulation_2\Drivers\CMSIS\Lib\GCC\libarm_cortexM4lf_math.a(arm_bitreversal2.o)
                              C:\Users\linyixin\Documents\GitHub\NUEDC\EZ_simulation_2\Drivers\CMSIS\Lib\GCC\libarm_cortexM4lf_math.a(arm_cfft_f32.o) (arm_bitreversal_32)
C:\Users\linyixin\Documents\GitHub\NUEDC\EZ_simulation_2\Drivers\CMSIS\Lib\GCC\libarm_cortexM4lf_math.a(arm_cmplx_mag_squared_f32.o)
                              ./Core/Src/measure.o (arm_cmplx_mag_squared_f32)
C:\Users\linyixin\Documents\GitHub\NUEDC\EZ_simulation_2\Drivers\CMSIS\Lib\GCC\libarm_cortexM4lf_math.a(arm_cmplx_mag_f32.o)
                              ./Core/Src/measure.o (arm_cmplx_mag_f32)
C:\Users\linyixin\Documents\GitHub\NUEDC\EZ_simulation_2\Drivers\CMSIS\Lib\GCC\libarm_cortexM4lf_math.a(arm_sin_f32.o)
                              ./Core/Src/measure.o (arm_sin_f32)
C:\Users\linyixin\Documents\GitHub\NUEDC\EZ_simulation_2\Drivers\CMSIS\Lib\GCC\libarm_cortexM4lf_math.a(arm_cos_f32.o)
                              ./Core/Src/main.o (arm_cos_f32)
C:\Users\linyixin\Documents\GitHub\NUEDC\EZ_simulation_2\Drivers\CMSIS\Lib\GCC\libarm_cortexM4lf_math.a(arm_common_tables.o)
                              C:\Users\linyixin\Documents\GitHub\NUEDC\EZ_simulation_2\Drivers\CMSIS\Lib\GCC\libarm_cortexM4lf_math.a(arm_sin_f32.o) (sinTable_f32)
C:\Users\linyixin\Documents\GitHub\NUEDC\EZ_simulation_2\Drivers\CMSIS\Lib\GCC\libarm_cortexM4lf_math.a(arm_cfft_radix8_f32.o)
                              C:\Users\linyixin\Documents\GitHub\NUEDC\EZ_simulation_2\Drivers\CMSIS\Lib\GCC\libarm_cortexM4lf_math.a(arm_cfft_f32.o) (arm_radix8_butterfly_f32)
C:/ST/STM32CubeIDE_1.15.1/STM32CubeIDE/plugins/com.st.stm32cube.ide.mcu.externaltools.gnu-tools-for-stm32.12.3.rel1.win32_1.0.200.202406191623/tools/bin/../lib/gcc/arm-none-eabi/12.3.1/../../../../arm-none-eabi/lib/thumb/v7e-m+fp/hard\libstdc++_nano.a(del_ops.o)
                              ./Core/Src/uart_reg.o (operator delete(void*, unsigned int))
C:/ST/STM32CubeIDE_1.15.1/STM32CubeIDE/plugins/com.st.stm32cube.ide.mcu.externaltools.gnu-tools-for-stm32.12.3.rel1.win32_1.0.200.202406191623/tools/bin/../lib/gcc/arm-none-eabi/12.3.1/../../../../arm-none-eabi/lib/thumb/v7e-m+fp/hard\libstdc++_nano.a(new_op.o)
                              ./Core/Src/uart_reg.o (operator new(unsigned int))
C:/ST/STM32CubeIDE_1.15.1/STM32CubeIDE/plugins/com.st.stm32cube.ide.mcu.externaltools.gnu-tools-for-stm32.12.3.rel1.win32_1.0.200.202406191623/tools/bin/../lib/gcc/arm-none-eabi/12.3.1/../../../../arm-none-eabi/lib/thumb/v7e-m+fp/hard\libstdc++_nano.a(allocator-inst.o)
                              ./Core/Src/uart_reg.o (std::allocator<char>::allocator())
C:/ST/STM32CubeIDE_1.15.1/STM32CubeIDE/plugins/com.st.stm32cube.ide.mcu.externaltools.gnu-tools-for-stm32.12.3.rel1.win32_1.0.200.202406191623/tools/bin/../lib/gcc/arm-none-eabi/12.3.1/../../../../arm-none-eabi/lib/thumb/v7e-m+fp/hard\libstdc++_nano.a(tree.o)
                              ./Core/Src/uart_reg.o (std::_Rb_tree_increment(std::_Rb_tree_node_base*))
C:/ST/STM32CubeIDE_1.15.1/STM32CubeIDE/plugins/com.st.stm32cube.ide.mcu.externaltools.gnu-tools-for-stm32.12.3.rel1.win32_1.0.200.202406191623/tools/bin/../lib/gcc/arm-none-eabi/12.3.1/../../../../arm-none-eabi/lib/thumb/v7e-m+fp/hard\libstdc++_nano.a(functexcept.o)
                              ./Core/Src/uart_reg.o (std::__throw_bad_alloc())
C:/ST/STM32CubeIDE_1.15.1/STM32CubeIDE/plugins/com.st.stm32cube.ide.mcu.externaltools.gnu-tools-for-stm32.12.3.rel1.win32_1.0.200.202406191623/tools/bin/../lib/gcc/arm-none-eabi/12.3.1/../../../../arm-none-eabi/lib/thumb/v7e-m+fp/hard\libstdc++_nano.a(string-inst.o)
                              ./Core/Src/uart_reg.o (std::__cxx11::basic_string<char, std::char_traits<char>, std::allocator<char> >::_M_data(char*))
[...]
Memory Configuration

Name             Origin             Length             Attributes
RAM              0x20000000         0x00020000         xrw
FLASH            0x08000000         0x00080000         xr
*default*        0x00000000         0xffffffff

Linker script and memory map

LOAD C:/ST/STM32CubeIDE_1.15.1/STM32CubeIDE/plugins/com.st.stm32cube.ide.mcu.externaltools.gnu-tools-for-stm32.12.3.rel1.win32_1.0.200.202406191623/tools/bin/../lib/gcc/arm-none-eabi/12.3.1/thumb/v7e-m+fp/hard/crti.o
LOAD C:/ST/STM32CubeIDE_1.15.1/STM32CubeIDE/plugins/com.st.stm32cube.ide.mcu.externaltools.gnu-tools-for-stm32.12.3.rel1.win32_1.0.200.202406191623/tools/bin/../lib/gcc/arm-none-eabi/12.3.1/thumb/v7e-m+fp/hard/crtbegin.o
LOAD C:/ST/STM32CubeIDE_1.15.1/STM32CubeIDE/plugins/com.st.stm32cube.ide.mcu.externaltools.gnu-tools-for-stm32.12.3.rel1.win32_1.0.200.202406191623/tools/bin/../lib/gcc/arm-none-eabi/12.3.1/../../../../arm-none-eabi/lib/thumb/v7e-m+fp/hard/crt0.o
LOAD ./Core/Src/fitting.o
LOAD ./Core/Src/main.o
LOAD ./Core/Src/measure.o
LOAD ./Core/Src/stm32g4xx_hal_msp.o
LOAD ./Core/Src/stm32g4xx_it.o
LOAD ./Core/Src/syscalls.o
LOAD ./Core/Src/sysmem.o
LOAD ./Core/Src/system_stm32g4xx.o
LOAD ./Core/Src/uart_reg.o
LOAD ./Core/Startup/startup_stm32g474retx.o
LOAD ./Drivers/STM32G4xx_HAL_Driver/Src/stm32g4xx_hal.o
LOAD ./Drivers/STM32G4xx_HAL_Driver/Src/stm32g4xx_hal_adc.o
LOAD ./Drivers/STM32G4xx_HAL_Driver/Src/stm32g4xx_hal_adc_ex.o
LOAD ./Drivers/STM32G4xx_HAL_Driver/Src/stm32g4xx_hal_comp.o
LOAD ./Drivers/STM32G4xx_HAL_Driver/Src/stm32g4xx_hal_cortex.o
LOAD ./Drivers/STM32G4xx_HAL_Driver/Src/stm32g4xx_hal_crc.o
LOAD ./Drivers/STM32G4xx_HAL_Driver/Src/stm32g4xx_hal_crc_ex.o
LOAD ./Drivers/STM32G4xx_HAL_Driver/Src/stm32g4xx_hal_dac.o
LOAD ./Drivers/STM32G4xx_HAL_Driver/Src/stm32g4xx_hal_dac_ex.o
LOAD ./Drivers/STM32G4xx_HAL_Driver/Src/stm32g4xx_hal_dma.o
LOAD ./Drivers/STM32G4xx_HAL_Driver/Src/stm32g4xx_hal_dma_ex.o
LOAD ./Drivers/STM32G4xx_HAL_Driver/Src/stm32g4xx_hal_exti.o
LOAD ./Drivers/STM32G4xx_HAL_Driver/Src/stm32g4xx_hal_flash.o
LOAD ./Drivers/STM32G4xx_HAL_Driver/Src/stm32g4xx_hal_flash_ex.o
LOAD ./Drivers/STM32G4xx_HAL_Driver/Src/stm32g4xx_hal_flash_ramfunc.o
LOAD ./Drivers/STM32G4xx_HAL_Driver/Src/stm32g4xx_hal_gpio.o
LOAD ./Drivers/STM32G4xx_HAL_Driver/Src/stm32g4xx_hal_i2c.o
LOAD ./Drivers/STM32G4xx_HAL_Driver/Src/stm32g4xx_hal_i2c_ex.o
LOAD ./Drivers/STM32G4xx_HAL_Driver/Src/stm32g4xx_hal_pwr.o
LOAD ./Drivers/STM32G4xx_HAL_Driver/Src/stm32g4xx_hal_pwr_ex.o
LOAD ./Drivers/STM32G4xx_HAL_Driver/Src/stm32g4xx_hal_rcc.o
LOAD ./Drivers/STM32G4xx_HAL_Driver/Src/stm32g4xx_hal_rcc_ex.o
LOAD ./Drivers/STM32G4xx_HAL_Driver/Src/stm32g4xx_hal_spi.o
LOAD ./Drivers/STM32G4xx_HAL_Driver/Src/stm32g4xx_hal_spi_ex.o
LOAD ./Drivers/STM32G4xx_HAL_Driver/Src/stm32g4xx_hal_tim.o
LOAD ./Drivers/STM32G4xx_HAL_Driver/Src/stm32g4xx_hal_tim_ex.o
LOAD ./Drivers/STM32G4xx_HAL_Driver/Src/stm32g4xx_hal_uart.o
LOAD ./Drivers/STM32G4xx_HAL_Driver/Src/stm32g4xx_hal_uart_ex.o
LOAD ./Drivers/STM32G4xx_HAL_Driver/Src/stm32g4xx_ll_adc.o
LOAD C:\Users\linyixin\Documents\GitHub\NUEDC\EZ_simulation_2\Drivers\CMSIS\Lib\GCC\libarm_cortexM4lf_math.a
START GROUP
LOAD C:/ST/STM32CubeIDE_1.15.1/STM32CubeIDE/plugins/com.st.stm32cube.ide.mcu.externaltools.gnu-tools-for-stm32.12.3.rel1.win32_1.0.200.202406191623/tools/bin/../lib/gcc/arm-none-eabi/12.3.1/../../../../arm-none-eabi/lib/thumb/v7e-m+fp/hard\libstdc++_nano.a
LOAD C:/ST/STM32CubeIDE_1.15.1/STM32CubeIDE/plugins/com.st.stm32cube.ide.mcu.externaltools.gnu-tools-for-stm32.12.3.rel1.win32_1.0.200.202406191623/tools/bin/../lib/gcc/arm-none-eabi/12.3.1/../../../../arm-none-eabi/lib/thumb/v7e-m+fp/hard\libsupc++_nano.a
END GROUP
LOAD C:/ST/STM32CubeIDE_1.15.1/STM32CubeIDE/plugins/com.st.stm32cube.ide.mcu.externaltools.gnu-tools-for-stm32.12.3.rel1.win32_1.0.200.202406191623/tools/bin/../lib/gcc/arm-none-eabi/12.3.1/../../../../arm-none-eabi/lib/thumb/v7e-m+fp/hard\libstdc++_nano.a
LOAD C:/ST/STM32CubeIDE_1.15.1/STM32CubeIDE/plugins/com.st.stm32cube.ide.mcu.externaltools.gnu-tools-for-stm32.12.3.rel1.win32_1.0.200.202406191623/tools/bin/../lib/gcc/arm-none-eabi/12.3.1/../../../../arm-none-eabi/lib/thumb/v7e-m+fp/hard\libm.a
LOAD C:/ST/STM32CubeIDE_1.15.1/STM32CubeIDE/plugins/com.st.stm32cube.ide.mcu.externaltools.gnu-tools-for-stm32.12.3.rel1.win32_1.0.200.202406191623/tools/bin/../lib/gcc/arm-none-eabi/12.3.1/../../../../arm-none-eabi/lib/thumb/v7e-m+fp/hard\libc_nano.a
START GROUP
LOAD C:/ST/STM32CubeIDE_1.15.1/STM32CubeIDE/plugins/com.st.stm32cube.ide.mcu.externaltools.gnu-tools-for-stm32.12.3.rel1.win32_1.0.200.202406191623/tools/bin/../lib/gcc/arm-none-eabi/12.3.1/thumb/v7e-m+fp/hard\libgcc.a
LOAD C:/ST/STM32CubeIDE_1.15.1/STM32CubeIDE/plugins/com.st.stm32cube.ide.mcu.externaltools.gnu-tools-for-stm32.12.3.rel1.win32_1.0.200.202406191623/tools/bin/../lib/gcc/arm-none-eabi/12.3.1/../../../../arm-none-eabi/lib/thumb/v7e-m+fp/hard\libc_nano.a
END GROUP
START GROUP
LOAD C:/ST/STM32CubeIDE_1.15.1/STM32CubeIDE/plugins/com.st.stm32cube.ide.mcu.externaltools.gnu-tools-for-stm32.12.3.rel1.win32_1.0.200.202406191623/tools/bin/../lib/gcc/arm-none-eabi/12.3.1/thumb/v7e-m+fp/hard\libgcc.a
LOAD C:/ST/STM32CubeIDE_1.15.1/STM32CubeIDE/plugins/com.st.stm32cube.ide.mcu.externaltools.gnu-tools-for-stm32.12.3.rel1.win32_1.0.200.202406191623/tools/bin/../lib/gcc/arm-none-eabi/12.3.1/../../../../arm-none-eabi/lib/thumb/v7e-m+fp/hard\libc_nano.a
LOAD C:/ST/STM32CubeIDE_1.15.1/STM32CubeIDE/plugins/com.st.stm32cube.ide.mcu.externaltools.gnu-tools-for-stm32.12.3.rel1.win32_1.0.200.202406191623/tools/bin/../lib/gcc/arm-none-eabi/12.3.1/../../../../arm-none-eabi/lib/thumb/v7e-m+fp/hard\libnosys.a
END GROUP
START GROUP
LOAD C:/ST/STM32CubeIDE_1.15.1/STM32CubeIDE/plugins/com.st.stm32cube.ide.mcu.externaltools.gnu-tools-for-stm32.12.3.rel1.win32_1.0.200.202406191623/tools/bin/../lib/gcc/arm-none-eabi/12.3.1/thumb/v7e-m+fp/hard\libgcc.a
LOAD C:/ST/STM32CubeIDE_1.15.1/STM32CubeIDE/plugins/com.st.stm32cube.ide.mcu.externaltools.gnu-tools-for-stm32.12.3.rel1.win32_1.0.200.202406191623/tools/bin/../lib/gcc/arm-none-eabi/12.3.1/../../../../arm-none-eabi/lib/thumb/v7e-m+fp/hard\libc_nano.a
LOAD C:/ST/STM32CubeIDE_1.15.1/STM32CubeIDE/plugins/com.st.stm32cube.ide.mcu.externaltools.gnu-tools-for-stm32.12.3.rel1.win32_1.0.200.202406191623/tools/bin/../lib/gcc/arm-none-eabi/12.3.1/../../../../arm-none-eabi/lib/thumb/v7e-m+fp/hard\libnosys.a
END GROUP
LOAD C:/ST/STM32CubeIDE_1.15.1/STM32CubeIDE/plugins/com.st.stm32cube.ide.mcu.externaltools.gnu-tools-for-stm32.12.3.rel1.win32_1.0.200.202406191623/tools/bin/../lib/gcc/arm-none-eabi/12.3.1/thumb/v7e-m+fp/hard/crtend.o
LOAD C:/ST/STM32CubeIDE_1.15.1/STM32CubeIDE/plugins/com.st.stm32cube.ide.mcu.externaltools.gnu-tools-for-stm32.12.3.rel1.win32_1.0.200.202406191623/tools/bin/../lib/gcc/arm-none-eabi/12.3.1/thumb/v7e-m+fp/hard/crtn.o
                0x20020000                        _estack = (ORIGIN (RAM) + LENGTH (RAM))
                0x00000200                        _Min_Heap_Size = 0x200
                0x00000400                        _Min_Stack_Size = 0x400

.isr_vector     0x08000000      0x1d8
                0x08000000                        . = ALIGN (0x4)
 *(.isr_vector)
 .isr_vector    0x08000000      0x1d8 ./Core/Startup/startup_stm32g474retx.o
                0x08000000                g_pfnVectors
                0x080001d8                        . = ALIGN (0x4)

.text           0x080001d8     0xbfd8
                0x080001d8                        . = ALIGN (0x4)
 *(.text)
 .text          0x080001d8       0x40 C:/ST/STM32CubeIDE_1.15.1/STM32CubeIDE/plugins/com.st.stm32cube.ide.mcu.externaltools.gnu-tools-for-stm32.12.3.rel1.win32_1.0.200.202406191623/tools/bin/../lib/gcc/arm-none-eabi/12.3.1/thumb/v7e-m+fp/hard/crtbegin.o
 .text          0x08000218      0x378 C:/ST/STM32CubeIDE_1.15.1/STM32CubeIDE/plugins/com.st.stm32cube.ide.mcu.externaltools.gnu-tools-for-stm32.12.3.rel1.win32_1.0.200.202406191623/tools/bin/../lib/gcc/arm-none-eabi/12.3.1/thumb/v7e-m+fp/hard\libgcc.a(_arm_addsubdf3.o)
                0x08000218                __aeabi_drsub
                0x08000220                __aeabi_dsub
                0x08000220                __subdf3
                0x08000224                __aeabi_dadd
                0x08000224                __adddf3
                0x0800049c                __floatunsidf
                0x0800049c                __aeabi_ui2d
                0x080004bc                __floatsidf
                0x080004bc                __aeabi_i2d
                0x080004e0                __aeabi_f2d
                0x080004e0                __extendsfdf2
                0x08000524                __floatundidf
                0x08000524                __aeabi_ul2d
                0x08000534                __floatdidf
                0x08000534                __aeabi_l2d
 .text          0x08000590      0x424 C:/ST/STM32CubeIDE_1.15.1/STM32CubeIDE/plugins/com.st.stm32cube.ide.mcu.externaltools.gnu-tools-for-stm32.12.3.rel1.win32_1.0.200.202406191623/tools/bin/../lib/gcc/arm-none-eabi/12.3.1/thumb/v7e-m+fp/hard\libgcc.a(_arm_muldivdf3.o)
                0x08000590                __aeabi_dmul
                0x08000590                __muldf3
                0x080007e4                __divdf3
                0x080007e4                __aeabi_ddiv
 .text          0x080009b4       0x50 C:/ST/STM32CubeIDE_1.15.1/STM32CubeIDE/plugins/com.st.stm32cube.ide.mcu.externaltools.gnu-tools-for-stm32.12.3.rel1.win32_1.0.200.202406191623/tools/bin/../lib/gcc/arm-none-eabi/12.3.1/thumb/v7e-m+fp/hard\libgcc.a(_arm_fixdfsi.o)
                0x080009b4                __aeabi_d2iz
                0x080009b4                __fixdfsi
 .text          0x08000a04       0xa0 C:/ST/STM32CubeIDE_1.15.1/STM32CubeIDE/plugins/com.st.stm32cube.ide.mcu.externaltools.gnu-tools-for-stm32.12.3.rel1.win32_1.0.200.202406191623/tools/bin/../lib/gcc/arm-none-eabi/12.3.1/thumb/v7e-m+fp/hard\libgcc.a(_arm_truncdfsf2.o)
                0x08000a04                __truncdfsf2
                0x08000a04                __aeabi_d2f
 .text          0x08000aa4       0x30 C:/ST/STM32CubeIDE_1.15.1/STM32CubeIDE/plugins/com.st.stm32cube.ide.mcu.externaltools.gnu-tools-for-stm32.12.3.rel1.win32_1.0.200.202406191623/tools/bin/../lib/gcc/arm-none-eabi/12.3.1/thumb/v7e-m+fp/hard\libgcc.a(_aeabi_uldivmod.o)
                0x08000aa4                __aeabi_uldivmod
 .text          0x08000ad4      0x2bc C:/ST/STM32CubeIDE_1.15.1/STM32CubeIDE/plugins/com.st.stm32cube.ide.mcu.externaltools.gnu-tools-for-stm32.12.3.rel1.win32_1.0.200.202406191623/tools/bin/../lib/gcc/arm-none-eabi/12.3.1/thumb/v7e-m+fp/hard\libgcc.a(_udivmoddi4.o)
                0x08000ad4                __udivmoddi4
 .text          0x08000d90        0x4 C:/ST/STM32CubeIDE_1.15.1/STM32CubeIDE/plugins/com.st.stm32cube.ide.mcu.externaltools.gnu-tools-for-stm32.12.3.rel1.win32_1.0.200.202406191623/tools/bin/../lib/gcc/arm-none-eabi/12.3.1/thumb/v7e-m+fp/hard\libgcc.a(_dvmd_tls.o)
                0x08000d90                __aeabi_idiv0
                0x08000d90                __aeabi_ldiv0
 *(.text*)
 .text.HAL_ADC_ConvCpltCallback
                0x08000d94       0x38 ./Core/Src/main.o
                0x08000d94                HAL_ADC_ConvCpltCallback
 .text.AFE_Offset_LDAC_Init
                0x08000dcc       0x40 ./Core/Src/main.o
                0x08000dcc                AFE_Offset_LDAC_Init
 .text.AFE_Gain
                0x08000e0c       0x80 ./Core/Src/main.o
                0x08000e0c                AFE_Gain
 .text.AFE_Offset
                0x08000e8c       0x60 ./Core/Src/main.o
                0x08000e8c                AFE_Offset
 .text.roundToNearest5
                0x08000eec       0x48 ./Core/Src/main.o
                0x08000eec                roundToNearest5
 *fill*         0x08000f34        0x4 
 .text.main     0x08000f38      0xaec ./Core/Src/main.o
                0x08000f38                main
 .text.SystemClock_Config
                0x08001a24       0xa4 ./Core/Src/main.o
                0x08001a24                SystemClock_Config
 .text.MX_ADC1_Init
                0x08001ac8       0xf0 ./Core/Src/main.o
 .text.MX_COMP3_Init
                0x08001bb8       0x4c ./Core/Src/main.o
 .text.MX_CRC_Init
                0x08001c04       0x58 ./Core/Src/main.o
 .text.MX_DAC1_Init
                0x08001c5c       0x74 ./Core/Src/main.o
 .text.MX_I2C1_Init
                0x08001cd0       0x80 ./Core/Src/main.o
 .text.MX_SPI3_Init
                0x08001d50       0x7c ./Core/Src/main.o
 .text.MX_TIM2_Init
                0x08001dcc       0xf4 ./Core/Src/main.o
 .text.MX_TIM3_Init
                0x08001ec0       0x9c ./Core/Src/main.o
 .text.MX_TIM6_Init
                0x08001f5c       0x6c ./Core/Src/main.o
 .text.MX_TIM7_Init
                0x08001fc8       0x6c ./Core/Src/main.o
 .text.MX_USART2_UART_Init
                0x08002034       0x98 ./Core/Src/main.o
 .text.MX_DMA_Init
                0x080020cc       0x8c ./Core/Src/main.o
 .text.MX_GPIO_Init
                0x08002158      0x148 ./Core/Src/main.o
 .text.Error_Handler
                0x080022a0        0xc ./Core/Src/main.o
                0x080022a0                Error_Handler
 .text.make_8to16
                0x080022ac       0x6a ./Core/Src/measure.o
                0x080022ac                make_8to16
 *fill*         0x08002316        0x2 
 .text.samp     0x08002318       0x3c ./Core/Src/measure.o
                0x08002318                samp
 .text.set_sm_freq
                0x08002354       0x3c ./Core/Src/measure.o
                0x08002354                set_sm_freq
 .text.int_to_float
                0x08002390       0x4a ./Core/Src/measure.o
                0x08002390                int_to_float
 .text.fft_transfer
                0x080023da       0x38 ./Core/Src/measure.o
                0x080023da                fft_transfer
 *fill*         0x08002412        0x2 
 .text.HAL_MspInit
                0x08002414       0x48 ./Core/Src/stm32g4xx_hal_msp.o
                0x08002414                HAL_MspInit
 .text.HAL_ADC_MspInit
                0x0800245c      0x104 ./Core/Src/stm32g4xx_hal_msp.o
                0x0800245c                HAL_ADC_MspInit
 .text.HAL_COMP_MspInit
                0x08002560       0xa0 ./Core/Src/stm32g4xx_hal_msp.o
                0x08002560                HAL_COMP_MspInit
 .text.HAL_CRC_MspInit
                0x08002600       0x40 ./Core/Src/stm32g4xx_hal_msp.o
                0x08002600                HAL_CRC_MspInit
 .text.HAL_DAC_MspInit
                0x08002640       0x40 ./Core/Src/stm32g4xx_hal_msp.o
                0x08002640                HAL_DAC_MspInit
 .text.HAL_I2C_MspInit
                0x08002680       0xec ./Core/Src/stm32g4xx_hal_msp.o
                0x08002680                HAL_I2C_MspInit
 .text.HAL_SPI_MspInit
                0x0800276c       0x88 ./Core/Src/stm32g4xx_hal_msp.o
                0x0800276c                HAL_SPI_MspInit
 .text.HAL_TIM_Base_MspInit
                0x080027f4      0x110 ./Core/Src/stm32g4xx_hal_msp.o
                0x080027f4                HAL_TIM_Base_MspInit
 .text.HAL_UART_MspInit
                0x08002904      0x11c ./Core/Src/stm32g4xx_hal_msp.o
                0x08002904                HAL_UART_MspInit
 .text.NMI_Handler
                0x08002a20        0x8 ./Core/Src/stm32g4xx_it.o
                0x08002a20                NMI_Handler
 .text.HardFault_Handler
                0x08002a28        0x8 ./Core/Src/stm32g4xx_it.o
                0x08002a28                HardFault_Handler
 .text.MemManage_Handler
                0x08002a30        0x8 ./Core/Src/stm32g4xx_it.o
                0x08002a30                MemManage_Handler
 .text.BusFault_Handler
                0x08002a38        0x8 ./Core/Src/stm32g4xx_it.o
                0x08002a38                BusFault_Handler
 .text.UsageFault_Handler
                0x08002a40        0x8 ./Core/Src/stm32g4xx_it.o
                0x08002a40                UsageFault_Handler
 .text.SVC_Handler
                0x08002a48        0xe ./Core/Src/stm32g4xx_it.o
                0x08002a48                SVC_Handler
 .text.DebugMon_Handler
                0x08002a56        0xe ./Core/Src/stm32g4xx_it.o
                0x08002a56                DebugMon_Handler
 .text.PendSV_Handler
                0x08002a64        0xe ./Core/Src/stm32g4xx_it.o
                0x08002a64                PendSV_Handler
 .text.SysTick_Handler
                0x08002a72        0xc ./Core/Src/stm32g4xx_it.o
                0x08002a72                SysTick_Handler
 *fill*         0x08002a7e        0x2 
 .text.DMA1_Channel1_IRQHandler
                0x08002a80       0x14 ./Core/Src/stm32g4xx_it.o
                0x08002a80                DMA1_Channel1_IRQHandler
 .text.DMA1_Channel2_IRQHandler
                0x08002a94       0x14 ./Core/Src/stm32g4xx_it.o
                0x08002a94                DMA1_Channel2_IRQHandler
 .text.USART2_IRQHandler
                0x08002aa8       0x14 ./Core/Src/stm32g4xx_it.o
                0x08002aa8                USART2_IRQHandler
 .text.DMA2_Channel8_IRQHandler
                0x08002abc       0x14 ./Core/Src/stm32g4xx_it.o
                0x08002abc                DMA2_Channel8_IRQHandler
 .text._getpid  0x08002ad0       0x10 ./Core/Src/syscalls.o
                0x08002ad0                _getpid
 .text._kill    0x08002ae0       0x20 ./Core/Src/syscalls.o
                0x08002ae0                _kill
 .text._exit    0x08002b00       0x16 ./Core/Src/syscalls.o
                0x08002b00                _exit
 *fill*         0x08002b16        0x2 
 .text._sbrk    0x08002b18       0x6c ./Core/Src/sysmem.o
                0x08002b18                _sbrk
 .text.SystemInit
                0x08002b84       0x24 ./Core/Src/system_stm32g4xx.o
                0x08002b84                SystemInit
 .text._ZNSt11char_traitsIcE6assignERcRKc
                0x08002ba8       0x1e ./Core/Src/uart_reg.o
                0x08002ba8                std::char_traits<char>::assign(char&, char const&)
 .text._ZNSt15_Rb_tree_headerC2Ev
                0x08002bc6       0x1e ./Core/Src/uart_reg.o
                0x08002bc6                std::_Rb_tree_header::_Rb_tree_header()
                0x08002bc6                std::_Rb_tree_header::_Rb_tree_header()
 .text._ZNSt15_Rb_tree_header8_M_resetEv
                0x08002be4       0x2c ./Core/Src/uart_reg.o
                0x08002be4                std::_Rb_tree_header::_M_reset()
 .text._ZNSt8_Rb_treeINSt7__cxx1112basic_stringIcSt11char_traitsIcESaIcEEESt4pairIKS5_PFvPhjEESt10_Select1stISB_ESt4lessIS5_ESaISB_EE13_Rb_tree_implISF_Lb1EED2Ev
                0x08002c10       0x18 ./Core/Src/uart_reg.o
                0x08002c10                std::_Rb_tree<std::__cxx11::basic_string<char, std::char_traits<char>, std::allocator<char> >, std::pair<std::__cxx11::basic_string<char, std::char_traits<char>, std::allocator<char> > const, void (*)(unsigned char*, unsigned int)>, std::_Select1st<std::pair<std::__cxx11::basic_string<char, std::char_traits<char>, std::allocator<char> > const, void (*)(unsigned char*, unsigned int)> >, std::less<std::__cxx11::basic_string<char, std::char_traits<char>, std::allocator<char> > >, std::allocator<std::pair<std::__cxx11::basic_string<char, std::char_traits<char>, std::allocator<char> > const, void (*)(unsigned char*, unsigned int)> > >::_Rb_tree_impl<std::less<std::__cxx11::basic_string<char, std::char_traits<char>, std::allocator<char> > >, true>::~_Rb_tree_impl()
                0x08002c10                std::_Rb_tree<std::__cxx11::basic_string<char, std::char_traits<char>, std::allocator<char> >, std::pair<std::__cxx11::basic_string<char, std::char_traits<char>, std::allocator<char> > const, void (*)(unsigned char*, unsigned int)>, std::_Select1st<std::pair<std::__cxx11::basic_string<char, std::char_traits<char>, std::allocator<char> > const, void (*)(unsigned char*, unsigned int)> >, std::less<std::__cxx11::basic_string<char, std::char_traits<char>, std::allocator<char> > >, std::allocator<std::pair<std::__cxx11::basic_string<char, std::char_traits<char>, std::allocator<char> > const, void (*)(unsigned char*, unsigned int)> > >::_Rb_tree_impl<std::less<std::__cxx11::basic_string<char, std::char_traits<char>, std::allocator<char> > >, true>::~_Rb_tree_impl()
 .text._ZNSt8_Rb_treeINSt7__cxx1112basic_stringIcSt11char_traitsIcESaIcEEESt4pairIKS5_PFvPhjEESt10_Select1stISB_ESt4lessIS5_ESaISB_EEC2Ev
                0x08002c28       0x1a ./Core/Src/uart_reg.o
                0x08002c28                std::_Rb_tree<std::__cxx11::basic_string<char, std::char_traits<char>, std::allocator<char> >, std::pair<std::__cxx11::basic_string<char, std::char_traits<char>, std::allocator<char> > const, void (*)(unsigned char*, unsigned int)>, std::_Select1st<std::pair<std::__cxx11::basic_string<char, std::char_traits<char>, std::allocator<char> > const, void (*)(unsigned char*, unsigned int)> >, std::less<std::__cxx11::basic_string<char, std::char_traits<char>, std::allocator<char> > >, std::allocator<std::pair<std::__cxx11::basic_string<char, std::char_traits<char>, std::allocator<char> > const, void (*)(unsigned char*, unsigned int)> > >::_Rb_tree()
                0x08002c28                std::_Rb_tree<std::__cxx11::basic_string<char, std::char_traits<char>, std::allocator<char> >, std::pair<std::__cxx11::basic_string<char, std::char_traits<char>, std::allocator<char> > const, void (*)(unsigned char*, unsigned int)>, std::_Select1st<std::pair<std::__cxx11::basic_string<char, std::char_traits<char>, std::allocator<char> > const, void (*)(unsigned char*, unsigned int)> >, std::less<std::__cxx11::basic_string<char, std::char_traits<char>, std::allocator<char> > >, std::allocator<std::pair<std::__cxx11::basic_string<char, std::char_traits<char>, std::allocator<char> > const, void (*)(unsigned char*, unsigned int)> > >::_Rb_tree()
 .text._ZNSt3mapINSt7__cxx1112basic_stringIcSt11char_traitsIcESaIcEEEPFvPhjESt4lessIS5_ESaISt4pairIKS5_S8_EEEC2Ev
                0x08002c42       0x1a ./Core/Src/uart_reg.o
                0x08002c42                std::map<std::__cxx11::basic_string<char, std::char_traits<char>, std::allocator<char> >, void (*)(unsigned char*, unsigned int), std::less<std::__cxx11::basic_string<char, std::char_traits<char>, std::allocator<char> > >, std::allocator<std::pair<std::__cxx11::basic_string<char, std::char_traits<char>, std::allocator<char> > const, void (*)(unsigned char*, unsigned int)> > >::map()
                0x08002c42                std::map<std::__cxx11::basic_string<char, std::char_traits<char>, std::allocator<char> >, void (*)(unsigned char*, unsigned int), std::less<std::__cxx11::basic_string<char, std::char_traits<char>, std::allocator<char> > >, std::allocator<std::pair<std::__cxx11::basic_string<char, std::char_traits<char>, std::allocator<char> > const, void (*)(unsigned char*, unsigned int)> > >::map()
 .text._ZL12uart_managerPhS_
                0x08002c5c      0x180 ./Core/Src/uart_reg.o
 .text.HAL_UARTEx_RxEventCallback
                0x08002ddc       0x60 ./Core/Src/uart_reg.o
                0x08002ddc                HAL_UARTEx_RxEventCallback
 .text._ZL18uart_receive_startv
                0x08002e3c       0x38 ./Core/Src/uart_reg.o
 .text._ZNSt8_Rb_treeINSt7__cxx1112basic_stringIcSt11char_traitsIcESaIcEEESt4pairIKS5_PFvPhjEESt10_Select1stISB_ESt4lessIS5_ESaISB_EE13_Rb_tree_implISF_Lb1EEC2Ev
                0x08002e74       0x2a ./Core/Src/uart_reg.o
                0x08002e74                std::_Rb_tree<std::__cxx11::basic_string<char, std::char_traits<char>, std::allocator<char> >, std::pair<std::__cxx11::basic_string<char, std::char_traits<char>, std::allocator<char> > const, void (*)(unsigned char*, unsigned int)>, std::_Select1st<std::pair<std::__cxx11::basic_string<char, std::char_traits<char>, std::allocator<char> > const, void (*)(unsigned char*, unsigned int)> >, std::less<std::__cxx11::basic_string<char, std::char_traits<char>, std::allocator<char> > >, std::allocator<std::pair<std::__cxx11::basic_string<char, std::char_traits<char>, std::allocator<char> > const, void (*)(unsigned char*, unsigned int)> > >::_Rb_tree_impl<std::less<std::__cxx11::basic_string<char, std::char_traits<char>, std::allocator<char> > >, true>::_Rb_tree_impl()
                0x08002e74                std::_Rb_tree<std::__cxx11::basic_string<char, std::char_traits<char>, std::allocator<char> >, std::pair<std::__cxx11::basic_string<char, std::char_traits<char>, std::allocator<char> > const, void (*)(unsigned char*, unsigned int)>, std::_Select1st<std::pair<std::__cxx11::basic_string<char, std::char_traits<char>, std::allocator<char> > const, void (*)(unsigned char*, unsigned int)> >, std::less<std::__cxx11::basic_string<char, std::char_traits<char>, std::allocator<char> > >, std::allocator<std::pair<std::__cxx11::basic_string<char, std::char_traits<char>, std::allocator<char> > const, void (*)(unsigned char*, unsigned int)> > >::_Rb_tree_impl<std::less<std::__cxx11::basic_string<char, std::char_traits<char>, std::allocator<char> > >, true>::_Rb_tree_impl()
 .text._ZNSaISt13_Rb_tree_nodeISt4pairIKNSt7__cxx1112basic_stringIcSt11char_traitsIcESaIcEEEPFvPhjEEEED2Ev
                0x08002e9e       0x18 ./Core/Src/uart_reg.o
                0x08002e9e                std::allocator<std::_Rb_tree_node<std::pair<std::__cxx11::basic_string<char, std::char_traits<char>, std::allocator<char> > const, void (*)(unsigned char*, unsigned int)> > >::~allocator()
                0x08002e9e                std::allocator<std::_Rb_tree_node<std::pair<std::__cxx11::basic_string<char, std::char_traits<char>, std::allocator<char> > const, void (*)(unsigned char*, unsigned int)> > >::~allocator()
 .text._ZNSt8_Rb_treeINSt7__cxx1112basic_stringIcSt11char_traitsIcESaIcEEESt4pairIKS5_PFvPhjEESt10_Select1stISB_ESt4lessIS5_ESaISB_EED2Ev
                0x08002eb6       0x2a ./Core/Src/uart_reg.o
                0x08002eb6                std::_Rb_tree<std::__cxx11::basic_string<char, std::char_traits<char>, std::allocator<char> >, std::pair<std::__cxx11::basic_string<char, std::char_traits<char>, std::allocator<char> > const, void (*)(unsigned char*, unsigned int)>, std::_Select1st<std::pair<std::__cxx11::basic_string<char, std::char_traits<char>, std::allocator<char> > const, void (*)(unsigned char*, unsigned int)> >, std::less<std::__cxx11::basic_string<char, std::char_traits<char>, std::allocator<char> > >, std::allocator<std::pair<std::__cxx11::basic_string<char, std::char_traits<char>, std::allocator<char> > const, void (*)(unsigned char*, unsigned int)> > >::~_Rb_tree()
                0x08002eb6                std::_Rb_tree<std::__cxx11::basic_string<char, std::char_traits<char>, std::allocator<char> >, std::pair<std::__cxx11::basic_string<char, std::char_traits<char>, std::allocator<char> > const, void (*)(unsigned char*, unsigned int)>, std::_Select1st<std::pair<std::__cxx11::basic_string<char, std::char_traits<char>, std::allocator<char> > const, void (*)(unsigned char*, unsigned int)> >, std::less<std::__cxx11::basic_string<char, std::char_traits<char>, std::allocator<char> > >, std::allocator<std::pair<std::__cxx11::basic_string<char, std::char_traits<char>, std::allocator<char> > const, void (*)(unsigned char*, unsigned int)> > >::~_Rb_tree()
 .text._ZNSt7__cxx1112basic_stringIcSt11char_traitsIcESaIcEEC2IPhvEET_S7_RKS3_
                0x08002ee0       0x4a ./Core/Src/uart_reg.o
                0x08002ee0                std::__cxx11::basic_string<char, std::char_traits<char>, std::allocator<char> >::basic_string<unsigned char*, void>(unsigned char*, unsigned char*, std::allocator<char> const&)
                0x08002ee0                std::__cxx11::basic_string<char, std::char_traits<char>, std::allocator<char> >::basic_string<unsigned char*, void>(unsigned char*, unsigned char*, std::allocator<char> const&)
 .text._ZNSt3mapINSt7__cxx1112basic_stringIcSt11char_traitsIcESaIcEEEPFvPhjESt4lessIS5_ESaISt4pairIKS5_S8_EEE4findERSC_
                0x08002f2a       0x1e ./Core/Src/uart_reg.o
                0x08002f2a                std::map<std::__cxx11::basic_string<char, std::char_traits<char>, std::allocator<char> >, void (*)(unsigned char*, unsigned int), std::less<std::__cxx11::basic_string<char, std::char_traits<char>, std::allocator<char> > >, std::allocator<std::pair<std::__cxx11::basic_string<char, std::char_traits<char>, std::allocator<char> > const, void (*)(unsigned char*, unsigned int)> > >::find(std::__cxx11::basic_string<char, std::char_traits<char>, std::allocator<char> > const&)
 .text._ZNSt3mapINSt7__cxx1112basic_stringIcSt11char_traitsIcESaIcEEEPFvPhjESt4lessIS5_ESaISt4pairIKS5_S8_EEE3endEv
                0x08002f48       0x1a ./Core/Src/uart_reg.o
                0x08002f48                std::map<std::__cxx11::basic_string<char, std::char_traits<char>, std::allocator<char> >, void (*)(unsigned char*, unsigned int), std::less<std::__cxx11::basic_string<char, std::char_traits<char>, std::allocator<char> > >, std::allocator<std::pair<std::__cxx11::basic_string<char, std::char_traits<char>, std::allocator<char> > const, void (*)(unsigned char*, unsigned int)> > >::end()
 .text._ZStneRKSt17_Rb_tree_iteratorISt4pairIKNSt7__cxx1112basic_stringIcSt11char_traitsIcESaIcEEEPFvPhjEEESE_
                0x08002f62       0x28 ./Core/Src/uart_reg.o
                0x08002f62                std::operator!=(std::_Rb_tree_iterator<std::pair<std::__cxx11::basic_string<char, std::char_traits<char>, std::allocator<char> > const, void (*)(unsigned char*, unsigned int)> > const&, std::_Rb_tree_iterator<std::pair<std::__cxx11::basic_string<char, std::char_traits<char>, std::allocator<char> > const, void (*)(unsigned char*, unsigned int)> > const&)
 .text._ZNKSt17_Rb_tree_iteratorISt4pairIKNSt7__cxx1112basic_stringIcSt11char_traitsIcESaIcEEEPFvPhjEEEptEv
                0x08002f8a       0x1c ./Core/Src/uart_reg.o
                0x08002f8a                std::_Rb_tree_iterator<std::pair<std::__cxx11::basic_string<char, std::char_traits<char>, std::allocator<char> > const, void (*)(unsigned char*, unsigned int)> >::operator->() const
 .text._ZNSaISt13_Rb_tree_nodeISt4pairIKNSt7__cxx1112basic_stringIcSt11char_traitsIcESaIcEEEPFvPhjEEEEC2Ev
                0x08002fa6       0x18 ./Core/Src/uart_reg.o
                0x08002fa6                std::allocator<std::_Rb_tree_node<std::pair<std::__cxx11::basic_string<char, std::char_traits<char>, std::allocator<char> > const, void (*)(unsigned char*, unsigned int)> > >::allocator()
                0x08002fa6                std::allocator<std::_Rb_tree_node<std::pair<std::__cxx11::basic_string<char, std::char_traits<char>, std::allocator<char> > const, void (*)(unsigned char*, unsigned int)> > >::allocator()
 .text._ZNSt20_Rb_tree_key_compareISt4lessINSt7__cxx1112basic_stringIcSt11char_traitsIcESaIcEEEEEC2Ev
                0x08002fbe       0x16 ./Core/Src/uart_reg.o
                0x08002fbe                std::_Rb_tree_key_compare<std::less<std::__cxx11::basic_string<char, std::char_traits<char>, std::allocator<char> > > >::_Rb_tree_key_compare()
                0x08002fbe                std::_Rb_tree_key_compare<std::less<std::__cxx11::basic_string<char, std::char_traits<char>, std::allocator<char> > > >::_Rb_tree_key_compare()
 .text._ZNSt15__new_allocatorISt13_Rb_tree_nodeISt4pairIKNSt7__cxx1112basic_stringIcSt11char_traitsIcESaIcEEEPFvPhjEEEED2Ev
                0x08002fd4       0x16 ./Core/Src/uart_reg.o
                0x08002fd4                std::__new_allocator<std::_Rb_tree_node<std::pair<std::__cxx11::basic_string<char, std::char_traits<char>, std::allocator<char> > const, void (*)(unsigned char*, unsigned int)> > >::~__new_allocator()
                0x08002fd4                std::__new_allocator<std::_Rb_tree_node<std::pair<std::__cxx11::basic_string<char, std::char_traits<char>, std::allocator<char> > const, void (*)(unsigned char*, unsigned int)> > >::~__new_allocator()
 .text._ZNSt8_Rb_treeINSt7__cxx1112basic_stringIcSt11char_traitsIcESaIcEEESt4pairIKS5_PFvPhjEESt10_Select1stISB_ESt4lessIS5_ESaISB_EE8_M_eraseEPSt13_Rb_tree_nodeISB_E
                0x08002fea       0x40 ./Core/Src/uart_reg.o
                0x08002fea                std::_Rb_tree<std::__cxx11::basic_string<char, std::char_traits<char>, std::allocator<char> >, std::pair<std::__cxx11::basic_string<char, std::char_traits<char>, std::allocator<char> > const, void (*)(unsigned char*, unsigned int)>, std::_Select1st<std::pair<std::__cxx11::basic_string<char, std::char_traits<char>, std::allocator<char> > const, void (*)(unsigned char*, unsigned int)> >, std::less<std::__cxx11::basic_string<char, std::char_traits<char>, std::allocator<char> > >, std::allocator<std::pair<std::__cxx11::basic_string<char, std::char_traits<char>, std::allocator<char> > const, void (*)(unsigned char*, unsigned int)> > >::_M_erase(std::_Rb_tree_node<std::pair<std::__cxx11::basic_string<char, std::char_traits<char>, std::allocator<char> > const, void (*)(unsigned char*, unsigned int)> >*)
 .text._ZNSt8_Rb_treeINSt7__cxx1112basic_stringIcSt11char_traitsIcESaIcEEESt4pairIKS5_PFvPhjEESt10_Select1stISB_ESt4lessIS5_ESaISB_EE8_M_beginEv
                0x0800302a       0x18 ./Core/Src/uart_reg.o
                0x0800302a                std::_Rb_tree<std::__cxx11::basic_string<char, std::char_traits<char>, std::allocator<char> >, std::pair<std::__cxx11::basic_string<char, std::char_traits<char>, std::allocator<char> > const, void (*)(unsigned char*, unsigned int)>, std::_Select1st<std::pair<std::__cxx11::basic_string<char, std::char_traits<char>, std::allocator<char> > const, void (*)(unsigned char*, unsigned int)> >, std::less<std::__cxx11::basic_string<char, std::char_traits<char>, std::allocator<char> > >, std::allocator<std::pair<std::__cxx11::basic_string<char, std::char_traits<char>, std::allocator<char> > const, void (*)(unsigned char*, unsigned int)> > >::_M_begin()
 .text._ZSteqRKSt17_Rb_tree_iteratorISt4pairIKNSt7__cxx1112basic_stringIcSt11char_traitsIcESaIcEEEPFvPhjEEESE_
                0x08003042       0x28 ./Core/Src/uart_reg.o
                0x08003042                std::operator==(std::_Rb_tree_iterator<std::pair<std::__cxx11::basic_string<char, std::char_traits<char>, std::allocator<char> > const, void (*)(unsigned char*, unsigned int)> > const&, std::_Rb_tree_iterator<std::pair<std::__cxx11::basic_string<char, std::char_traits<char>, std::allocator<char> > const, void (*)(unsigned char*, unsigned int)> > const&)
 .text._ZNKSt4lessINSt7__cxx1112basic_stringIcSt11char_traitsIcESaIcEEEEclERKS5_S8_
                0x0800306a       0x1e ./Core/Src/uart_reg.o
                0x0800306a                std::less<std::__cxx11::basic_string<char, std::char_traits<char>, std::allocator<char> > >::operator()(std::__cxx11::basic_string<char, std::char_traits<char>, std::allocator<char> > const&, std::__cxx11::basic_string<char, std::char_traits<char>, std::allocator<char> > const&) const
 .text._ZSt19__iterator_categoryIPhENSt15iterator_traitsIT_E17iterator_categoryERKS2_
                0x08003088       0x16 ./Core/Src/uart_reg.o
                0x08003088                std::iterator_traits<unsigned char*>::iterator_category std::__iterator_category<unsigned char*>(unsigned char* const&)
 .text._ZZNSt7__cxx1112basic_stringIcSt11char_traitsIcESaIcEE12_M_constructIPhEEvT_S7_St20forward_iterator_tagEN6_GuardC2EPS4_
                0x0800309e       0x1e ./Core/Src/uart_reg.o
                0x0800309e                std::__cxx11::basic_string<char, std::char_traits<char>, std::allocator<char> >::_M_construct<unsigned char*>(unsigned char*, unsigned char*, std::forward_iterator_tag)::_Guard::_Guard(std::__cxx11::basic_string<char, std::char_traits<char>, std::allocator<char> >*)
                0x0800309e                std::__cxx11::basic_string<char, std::char_traits<char>, std::allocator<char> >::_M_construct<unsigned char*>(unsigned char*, unsigned char*, std::forward_iterator_tag)::_Guard::_Guard(std::__cxx11::basic_string<char, std::char_traits<char>, std::allocator<char> >*)
 .text._ZZNSt7__cxx1112basic_stringIcSt11char_traitsIcESaIcEE12_M_constructIPhEEvT_S7_St20forward_iterator_tagEN6_GuardD2Ev
                0x080030bc       0x24 ./Core/Src/uart_reg.o
                0x080030bc                std::__cxx11::basic_string<char, std::char_traits<char>, std::allocator<char> >::_M_construct<unsigned char*>(unsigned char*, unsigned char*, std::forward_iterator_tag)::_Guard::~_Guard()
                0x080030bc                std::__cxx11::basic_string<char, std::char_traits<char>, std::allocator<char> >::_M_construct<unsigned char*>(unsigned char*, unsigned char*, std::forward_iterator_tag)::_Guard::~_Guard()
 .text._ZNSt7__cxx1112basic_stringIcSt11char_traitsIcESaIcEE12_M_constructIPhEEvT_S7_St20forward_iterator_tag
                0x080030e0       0x8c ./Core/Src/uart_reg.o
                0x080030e0                void std::__cxx11::basic_string<char, std::char_traits<char>, std::allocator<char> >::_M_construct<unsigned char*>(unsigned char*, unsigned char*, std::forward_iterator_tag)
 .text._ZNSt8_Rb_treeINSt7__cxx1112basic_stringIcSt11char_traitsIcESaIcEEESt4pairIKS5_PFvPhjEESt10_Select1stISB_ESt4lessIS5_ESaISB_EE4findERS7_
                0x0800316c       0x78 ./Core/Src/uart_reg.o
                0x0800316c                std::_Rb_tree<std::__cxx11::basic_string<char, std::char_traits<char>, std::allocator<char> >, std::pair<std::__cxx11::basic_string<char, std::char_traits<char>, std::allocator<char> > const, void (*)(unsigned char*, unsigned int)>, std::_Select1st<std::pair<std::__cxx11::basic_string<char, std::char_traits<char>, std::allocator<char> > const, void (*)(unsigned char*, unsigned int)> >, std::less<std::__cxx11::basic_string<char, std::char_traits<char>, std::allocator<char> > >, std::allocator<std::pair<std::__cxx11::basic_string<char, std::char_traits<char>, std::allocator<char> > const, void (*)(unsigned char*, unsigned int)> > >::find(std::__cxx11::basic_string<char, std::char_traits<char>, std::allocator<char> > const&)
 .text._ZNSt8_Rb_treeINSt7__cxx1112basic_stringIcSt11char_traitsIcESaIcEEESt4pairIKS5_PFvPhjEESt10_Select1stISB_ESt4lessIS5_ESaISB_EE3endEv
                0x080031e4       0x22 ./Core/Src/uart_reg.o
                0x080031e4                std::_Rb_tree<std::__cxx11::basic_string<char, std::char_traits<char>, std::allocator<char> >, std::pair<std::__cxx11::basic_string<char, std::char_traits<char>, std::allocator<char> > const, void (*)(unsigned char*, unsigned int)>, std::_Select1st<std::pair<std::__cxx11::basic_string<char, std::char_traits<char>, std::allocator<char> > const, void (*)(unsigned char*, unsigned int)> >, std::less<std::__cxx11::basic_string<char, std::char_traits<char>, std::allocator<char> > >, std::allocator<std::pair<std::__cxx11::basic_string<char, std::char_traits<char>, std::allocator<char> > const, void (*)(unsigned char*, unsigned int)> > >::end()
 .text._ZNSt13_Rb_tree_nodeISt4pairIKNSt7__cxx1112basic_stringIcSt11char_traitsIcESaIcEEEPFvPhjEEE9_M_valptrEv
                0x08003206       0x1c ./Core/Src/uart_reg.o
                0x08003206                std::_Rb_tree_node<std::pair<std::__cxx11::basic_string<char, std::char_traits<char>, std::allocator<char> > const, void (*)(unsigned char*, unsigned int)> >::_M_valptr()
 .text._ZNSt15__new_allocatorISt13_Rb_tree_nodeISt4pairIKNSt7__cxx1112basic_stringIcSt11char_traitsIcESaIcEEEPFvPhjEEEEC2Ev
                0x08003222       0x16 ./Core/Src/uart_reg.o
                0x08003222                std::__new_allocator<std::_Rb_tree_node<std::pair<std::__cxx11::basic_string<char, std::char_traits<char>, std::allocator<char> > const, void (*)(unsigned char*, unsigned int)> > >::__new_allocator()
                0x08003222                std::__new_allocator<std::_Rb_tree_node<std::pair<std::__cxx11::basic_string<char, std::char_traits<char>, std::allocator<char> > const, void (*)(unsigned char*, unsigned int)> > >::__new_allocator()
 .text._ZNSt8_Rb_treeINSt7__cxx1112basic_stringIcSt11char_traitsIcESaIcEEESt4pairIKS5_PFvPhjEESt10_Select1stISB_ESt4lessIS5_ESaISB_EE8_S_rightEPSt18_Rb_tree_node_base
                0x08003238       0x18 ./Core/Src/uart_reg.o
                0x08003238                std::_Rb_tree<std::__cxx11::basic_string<char, std::char_traits<char>, std::allocator<char> >, std::pair<std::__cxx11::basic_string<char, std::char_traits<char>, std::allocator<char> > const, void (*)(unsigned char*, unsigned int)>, std::_Select1st<std::pair<std::__cxx11::basic_string<char, std::char_traits<char>, std::allocator<char> > const, void (*)(unsigned char*, unsigned int)> >, std::less<std::__cxx11::basic_string<char, std::char_traits<char>, std::allocator<char> > >, std::allocator<std::pair<std::__cxx11::basic_string<char, std::char_traits<char>, std::allocator<char> > const, void (*)(unsigned char*, unsigned int)> > >::_S_right(std::_Rb_tree_node_base*)
 .text._ZNSt8_Rb_treeINSt7__cxx1112basic_stringIcSt11char_traitsIcESaIcEEESt4pairIKS5_PFvPhjEESt10_Select1stISB_ESt4lessIS5_ESaISB_EE7_S_leftEPSt18_Rb_tree_node_base
                0x08003250       0x18 ./Core/Src/uart_reg.o
                0x08003250                std::_Rb_tree<std::__cxx11::basic_string<char, std::char_traits<char>, std::allocator<char> >, std::pair<std::__cxx11::basic_string<char, std::char_traits<char>, std::allocator<char> > const, void (*)(unsigned char*, unsigned int)>, std::_Select1st<std::pair<std::__cxx11::basic_string<char, std::char_traits<char>, std::allocator<char> > const, void (*)(unsigned char*, unsigned int)> >, std::less<std::__cxx11::basic_string<char, std::char_traits<char>, std::allocator<char> > >, std::allocator<std::pair<std::__cxx11::basic_string<char, std::char_traits<char>, std::allocator<char> > const, void (*)(unsigned char*, unsigned int)> > >::_S_left(std::_Rb_tree_node_base*)
 .text._ZNSt8_Rb_treeINSt7__cxx1112basic_stringIcSt11char_traitsIcESaIcEEESt4pairIKS5_PFvPhjEESt10_Select1stISB_ESt4lessIS5_ESaISB_EE12_M_drop_nodeEPSt13_Rb_tree_nodeISB_E
                0x08003268       0x22 ./Core/Src/uart_reg.o
                0x08003268                std::_Rb_tree<std::__cxx11::basic_string<char, std::char_traits<char>, std::allocator<char> >, std::pair<std::__cxx11::basic_string<char, std::char_traits<char>, std::allocator<char> > const, void (*)(unsigned char*, unsigned int)>, std::_Select1st<std::pair<std::__cxx11::basic_string<char, std::char_traits<char>, std::allocator<char> > const, void (*)(unsigned char*, unsigned int)> >, std::less<std::__cxx11::basic_string<char, std::char_traits<char>, std::allocator<char> > >, std::allocator<std::pair<std::__cxx11::basic_string<char, std::char_traits<char>, std::allocator<char> > const, void (*)(unsigned char*, unsigned int)> > >::_M_drop_node(std::_Rb_tree_node<std::pair<std::__cxx11::basic_string<char, std::char_traits<char>, std::allocator<char> > const, void (*)(unsigned char*, unsigned int)> >*)
 .text._ZNKSt8_Rb_treeINSt7__cxx1112basic_stringIcSt11char_traitsIcESaIcEEESt4pairIKS5_PFvPhjEESt10_Select1stISB_ESt4lessIS5_ESaISB_EE9_M_mbeginEv
                0x0800328a       0x18 ./Core/Src/uart_reg.o
                0x0800328a                std::_Rb_tree<std::__cxx11::basic_string<char, std::char_traits<char>, std::allocator<char> >, std::pair<std::__cxx11::basic_string<char, std::char_traits<char>, std::allocator<char> > const, void (*)(unsigned char*, unsigned int)>, std::_Select1st<std::pair<std::__cxx11::basic_string<char, std::char_traits<char>, std::allocator<char> > const, void (*)(unsigned char*, unsigned int)> >, std::less<std::__cxx11::basic_string<char, std::char_traits<char>, std::allocator<char> > >, std::allocator<std::pair<std::__cxx11::basic_string<char, std::char_traits<char>, std::allocator<char> > const, void (*)(unsigned char*, unsigned int)> > >::_M_mbegin() const
 .text._ZStltIcSt11char_traitsIcESaIcEEbRKNSt7__cxx1112basic_stringIT_T0_T1_EESA_
                0x080032a2       0x20 ./Core/Src/uart_reg.o
                0x080032a2                bool std::operator< <char, std::char_traits<char>, std::allocator<char> >(std::__cxx11::basic_string<char, std::char_traits<char>, std::allocator<char> > const&, std::__cxx11::basic_string<char, std::char_traits<char>, std::allocator<char> > const&)
 .text._ZNSt17_Rb_tree_iteratorISt4pairIKNSt7__cxx1112basic_stringIcSt11char_traitsIcESaIcEEEPFvPhjEEEC2EPSt18_Rb_tree_node_base
                0x080032c2       0x1e ./Core/Src/uart_reg.o
                0x080032c2                std::_Rb_tree_iterator<std::pair<std::__cxx11::basic_string<char, std::char_traits<char>, std::allocator<char> > const, void (*)(unsigned char*, unsigned int)> >::_Rb_tree_iterator(std::_Rb_tree_node_base*)
                0x080032c2                std::_Rb_tree_iterator<std::pair<std::__cxx11::basic_string<char, std::char_traits<char>, std::allocator<char> > const, void (*)(unsigned char*, unsigned int)> >::_Rb_tree_iterator(std::_Rb_tree_node_base*)
 .text._ZSt8distanceIPhENSt15iterator_traitsIT_E15difference_typeES2_S2_
                0x080032e0       0x28 ./Core/Src/uart_reg.o
                0x080032e0                std::iterator_traits<unsigned char*>::difference_type std::distance<unsigned char*>(unsigned char*, unsigned char*)
 .text._ZNSt7__cxx1112basic_stringIcSt11char_traitsIcESaIcEE13_S_copy_charsIPhEEvPcT_S8_
                0x08003308       0x3e ./Core/Src/uart_reg.o
                0x08003308                void std::__cxx11::basic_string<char, std::char_traits<char>, std::allocator<char> >::_S_copy_chars<unsigned char*>(char*, unsigned char*, unsigned char*)
 .text._ZNSt8_Rb_treeINSt7__cxx1112basic_stringIcSt11char_traitsIcESaIcEEESt4pairIKS5_PFvPhjEESt10_Select1stISB_ESt4lessIS5_ESaISB_EE6_M_endEv
                0x08003346       0x18 ./Core/Src/uart_reg.o
                0x08003346                std::_Rb_tree<std::__cxx11::basic_string<char, std::char_traits<char>, std::allocator<char> >, std::pair<std::__cxx11::basic_string<char, std::char_traits<char>, std::allocator<char> > const, void (*)(unsigned char*, unsigned int)>, std::_Select1st<std::pair<std::__cxx11::basic_string<char, std::char_traits<char>, std::allocator<char> > const, void (*)(unsigned char*, unsigned int)> >, std::less<std::__cxx11::basic_string<char, std::char_traits<char>, std::allocator<char> > >, std::allocator<std::pair<std::__cxx11::basic_string<char, std::char_traits<char>, std::allocator<char> > const, void (*)(unsigned char*, unsigned int)> > >::_M_end()
 .text._ZNSt8_Rb_treeINSt7__cxx1112basic_stringIcSt11char_traitsIcESaIcEEESt4pairIKS5_PFvPhjEESt10_Select1stISB_ESt4lessIS5_ESaISB_EE14_M_lower_boundEPSt13_Rb_tree_nodeISB_EPSt18_Rb_tree_node_baseRS7_
                0x0800335e       0x62 ./Core/Src/uart_reg.o
                0x0800335e                std::_Rb_tree<std::__cxx11::basic_string<char, std::char_traits<char>, std::allocator<char> >, std::pair<std::__cxx11::basic_string<char, std::char_traits<char>, std::allocator<char> > const, void (*)(unsigned char*, unsigned int)>, std::_Select1st<std::pair<std::__cxx11::basic_string<char, std::char_traits<char>, std::allocator<char> > const, void (*)(unsigned char*, unsigned int)> >, std::less<std::__cxx11::basic_string<char, std::char_traits<char>, std::allocator<char> > >, std::allocator<std::pair<std::__cxx11::basic_string<char, std::char_traits<char>, std::allocator<char> > const, void (*)(unsigned char*, unsigned int)> > >::_M_lower_bound(std::_Rb_tree_node<std::pair<std::__cxx11::basic_string<char, std::char_traits<char>, std::allocator<char> > const, void (*)(unsigned char*, unsigned int)> >*, std::_Rb_tree_node_base*, std::__cxx11::basic_string<char, std::char_traits<char>, std::allocator<char> > const&)
 .text._ZNSt8_Rb_treeINSt7__cxx1112basic_stringIcSt11char_traitsIcESaIcEEESt4pairIKS5_PFvPhjEESt10_Select1stISB_ESt4lessIS5_ESaISB_EE6_S_keyEPKSt18_Rb_tree_node_base
                0x080033c0       0x18 ./Core/Src/uart_reg.o
                0x080033c0                std::_Rb_tree<std::__cxx11::basic_string<char, std::char_traits<char>, std::allocator<char> >, std::pair<std::__cxx11::basic_string<char, std::char_traits<char>, std::allocator<char> > const, void (*)(unsigned char*, unsigned int)>, std::_Select1st<std::pair<std::__cxx11::basic_string<char, std::char_traits<char>, std::allocator<char> > const, void (*)(unsigned char*, unsigned int)> >, std::less<std::__cxx11::basic_string<char, std::char_traits<char>, std::allocator<char> > >, std::allocator<std::pair<std::__cxx11::basic_string<char, std::char_traits<char>, std::allocator<char> > const, void (*)(unsigned char*, unsigned int)> > >::_S_key(std::_Rb_tree_node_base const*)
 .text._ZN9__gnu_cxx16__aligned_membufISt4pairIKNSt7__cxx1112basic_stringIcSt11char_traitsIcESaIcEEEPFvPhjEEE6_M_ptrEv
                0x080033d8       0x18 ./Core/Src/uart_reg.o
                0x080033d8                __gnu_cxx::__aligned_membuf<std::pair<std::__cxx11::basic_string<char, std::char_traits<char>, std::allocator<char> > const, void (*)(unsigned char*, unsigned int)> >::_M_ptr()
 .text._ZNSt8_Rb_treeINSt7__cxx1112basic_stringIcSt11char_traitsIcESaIcEEESt4pairIKS5_PFvPhjEESt10_Select1stISB_ESt4lessIS5_ESaISB_EE15_M_destroy_nodeEPSt13_Rb_tree_nodeISB_E
                0x080033f0       0x2a ./Core/Src/uart_reg.o
                0x080033f0                std::_Rb_tree<std::__cxx11::basic_string<char, std::char_traits<char>, std::allocator<char> >, std::pair<std::__cxx11::basic_string<char, std::char_traits<char>, std::allocator<char> > const, void (*)(unsigned char*, unsigned int)>, std::_Select1st<std::pair<std::__cxx11::basic_string<char, std::char_traits<char>, std::allocator<char> > const, void (*)(unsigned char*, unsigned int)> >, std::less<std::__cxx11::basic_string<char, std::char_traits<char>, std::allocator<char> > >, std::allocator<std::pair<std::__cxx11::basic_string<char, std::char_traits<char>, std::allocator<char> > const, void (*)(unsigned char*, unsigned int)> > >::_M_destroy_node(std::_Rb_tree_node<std::pair<std::__cxx11::basic_string<char, std::char_traits<char>, std::allocator<char> > const, void (*)(unsigned char*, unsigned int)> >*)
 .text._ZNSt8_Rb_treeINSt7__cxx1112basic_stringIcSt11char_traitsIcESaIcEEESt4pairIKS5_PFvPhjEESt10_Select1stISB_ESt4lessIS5_ESaISB_EE11_M_put_nodeEPSt13_Rb_tree_nodeISB_E
                0x0800341a       0x24 ./Core/Src/uart_reg.o
                0x0800341a                std::_Rb_tree<std::__cxx11::basic_string<char, std::char_traits<char>, std::allocator<char> >, std::pair<std::__cxx11::basic_string<char, std::char_traits<char>, std::allocator<char> > const, void (*)(unsigned char*, unsigned int)>, std::_Select1st<std::pair<std::__cxx11::basic_string<char, std::char_traits<char>, std::allocator<char> > const, void (*)(unsigned char*, unsigned int)> >, std::less<std::__cxx11::basic_string<char, std::char_traits<char>, std::allocator<char> > >, std::allocator<std::pair<std::__cxx11::basic_string<char, std::char_traits<char>, std::allocator<char> > const, void (*)(unsigned char*, unsigned int)> > >::_M_put_node(std::_Rb_tree_node<std::pair<std::__cxx11::basic_string<char, std::char_traits<char>, std::allocator<char> > const, void (*)(unsigned char*, unsigned int)> >*)
 .text._ZNSt8_Rb_treeINSt7__cxx1112basic_stringIcSt11char_traitsIcESaIcEEESt4pairIKS5_PFvPhjEESt10_Select1stISB_ESt4lessIS5_ESaISB_EE6_S_keyEPKSt13_Rb_tree_nodeISB_E
                0x0800343e       0x26 ./Core/Src/uart_reg.o
                0x0800343e                std::_Rb_tree<std::__cxx11::basic_string<char, std::char_traits<char>, std::allocator<char> >, std::pair<std::__cxx11::basic_string<char, std::char_traits<char>, std::allocator<char> > const, void (*)(unsigned char*, unsigned int)>, std::_Select1st<std::pair<std::__cxx11::basic_string<char, std::char_traits<char>, std::allocator<char> > const, void (*)(unsigned char*, unsigned int)> >, std::less<std::__cxx11::basic_string<char, std::char_traits<char>, std::allocator<char> > >, std::allocator<std::pair<std::__cxx11::basic_string<char, std::char_traits<char>, std::allocator<char> > const, void (*)(unsigned char*, unsigned int)> > >::_S_key(std::_Rb_tree_node<std::pair<std::__cxx11::basic_string<char, std::char_traits<char>, std::allocator<char> > const, void (*)(unsigned char*, unsigned int)> > const*)
 .text._ZSt10__distanceIPhENSt15iterator_traitsIT_E15difference_typeES2_S2_St26random_access_iterator_tag
                0x08003464       0x1e ./Core/Src/uart_reg.o
                0x08003464                std::iterator_traits<unsigned char*>::difference_type std::__distance<unsigned char*>(unsigned char*, unsigned char*, std::random_access_iterator_tag)
 .text._ZN9__gnu_cxx16__aligned_membufISt4pairIKNSt7__cxx1112basic_stringIcSt11char_traitsIcESaIcEEEPFvPhjEEE7_M_addrEv
                0x08003482       0x16 ./Core/Src/uart_reg.o
                0x08003482                __gnu_cxx::__aligned_membuf<std::pair<std::__cxx11::basic_string<char, std::char_traits<char>, std::allocator<char> > const, void (*)(unsigned char*, unsigned int)> >::_M_addr()
 .text._ZNSt8_Rb_treeINSt7__cxx1112basic_stringIcSt11char_traitsIcESaIcEEESt4pairIKS5_PFvPhjEESt10_Select1stISB_ESt4lessIS5_ESaISB_EE21_M_get_Node_allocatorEv
                0x08003498       0x16 ./Core/Src/uart_reg.o
                0x08003498                std::_Rb_tree<std::__cxx11::basic_string<char, std::char_traits<char>, std::allocator<char> >, std::pair<std::__cxx11::basic_string<char, std::char_traits<char>, std::allocator<char> > const, void (*)(unsigned char*, unsigned int)>, std::_Select1st<std::pair<std::__cxx11::basic_string<char, std::char_traits<char>, std::allocator<char> > const, void (*)(unsigned char*, unsigned int)> >, std::less<std::__cxx11::basic_string<char, std::char_traits<char>, std::allocator<char> > >, std::allocator<std::pair<std::__cxx11::basic_string<char, std::char_traits<char>, std::allocator<char> > const, void (*)(unsigned char*, unsigned int)> > >::_M_get_Node_allocator()
 .text._ZNSt16allocator_traitsISaISt13_Rb_tree_nodeISt4pairIKNSt7__cxx1112basic_stringIcSt11char_traitsIcESaIcEEEPFvPhjEEEEE7destroyISC_EEvRSE_PT_
                0x080034ae       0x1a ./Core/Src/uart_reg.o
                0x080034ae                void std::allocator_traits<std::allocator<std::_Rb_tree_node<std::pair<std::__cxx11::basic_string<char, std::char_traits<char>, std::allocator<char> > const, void (*)(unsigned char*, unsigned int)> > > >::destroy<std::pair<std::__cxx11::basic_string<char, std::char_traits<char>, std::allocator<char> > const, void (*)(unsigned char*, unsigned int)> >(std::allocator<std::_Rb_tree_node<std::pair<std::__cxx11::basic_string<char, std::char_traits<char>, std::allocator<char> > const, void (*)(unsigned char*, unsigned int)> > >&, std::pair<std::__cxx11::basic_string<char, std::char_traits<char>, std::allocator<char> > const, void (*)(unsigned char*, unsigned int)>*)
 .text._ZNSt16allocator_traitsISaISt13_Rb_tree_nodeISt4pairIKNSt7__cxx1112basic_stringIcSt11char_traitsIcESaIcEEEPFvPhjEEEEE10deallocateERSE_PSD_j
                0x080034c8       0x1e ./Core/Src/uart_reg.o
                0x080034c8                std::allocator_traits<std::allocator<std::_Rb_tree_node<std::pair<std::__cxx11::basic_string<char, std::char_traits<char>, std::allocator<char> > const, void (*)(unsigned char*, unsigned int)> > > >::deallocate(std::allocator<std::_Rb_tree_node<std::pair<std::__cxx11::basic_string<char, std::char_traits<char>, std::allocator<char> > const, void (*)(unsigned char*, unsigned int)> > >&, std::_Rb_tree_node<std::pair<std::__cxx11::basic_string<char, std::char_traits<char>, std::allocator<char> > const, void (*)(unsigned char*, unsigned int)> >*, unsigned int)
 .text._ZNKSt13_Rb_tree_nodeISt4pairIKNSt7__cxx1112basic_stringIcSt11char_traitsIcESaIcEEEPFvPhjEEE9_M_valptrEv
                0x080034e6       0x1c ./Core/Src/uart_reg.o
                0x080034e6                std::_Rb_tree_node<std::pair<std::__cxx11::basic_string<char, std::char_traits<char>, std::allocator<char> > const, void (*)(unsigned char*, unsigned int)> >::_M_valptr() const
 .text._ZNKSt10_Select1stISt4pairIKNSt7__cxx1112basic_stringIcSt11char_traitsIcESaIcEEEPFvPhjEEEclERKSB_
                0x08003502       0x18 ./Core/Src/uart_reg.o
                0x08003502                std::_Select1st<std::pair<std::__cxx11::basic_string<char, std::char_traits<char>, std::allocator<char> > const, void (*)(unsigned char*, unsigned int)> >::operator()(std::pair<std::__cxx11::basic_string<char, std::char_traits<char>, std::allocator<char> > const, void (*)(unsigned char*, unsigned int)> const&) const
 .text._ZNSt4pairIKNSt7__cxx1112basic_stringIcSt11char_traitsIcESaIcEEEPFvPhjEED2Ev
                0x0800351a       0x1a ./Core/Src/uart_reg.o
                0x0800351a                std::pair<std::__cxx11::basic_string<char, std::char_traits<char>, std::allocator<char> > const, void (*)(unsigned char*, unsigned int)>::~pair()
                0x0800351a                std::pair<std::__cxx11::basic_string<char, std::char_traits<char>, std::allocator<char> > const, void (*)(unsigned char*, unsigned int)>::~pair()
 .text._ZNSt15__new_allocatorISt13_Rb_tree_nodeISt4pairIKNSt7__cxx1112basic_stringIcSt11char_traitsIcESaIcEEEPFvPhjEEEE7destroyISC_EEvPT_
                0x08003534       0x18 ./Core/Src/uart_reg.o
                0x08003534                void std::__new_allocator<std::_Rb_tree_node<std::pair<std::__cxx11::basic_string<char, std::char_traits<char>, std::allocator<char> > const, void (*)(unsigned char*, unsigned int)> > >::destroy<std::pair<std::__cxx11::basic_string<char, std::char_traits<char>, std::allocator<char> > const, void (*)(unsigned char*, unsigned int)> >(std::pair<std::__cxx11::basic_string<char, std::char_traits<char>, std::allocator<char> > const, void (*)(unsigned char*, unsigned int)>*)
 .text._ZNSt15__new_allocatorISt13_Rb_tree_nodeISt4pairIKNSt7__cxx1112basic_stringIcSt11char_traitsIcESaIcEEEPFvPhjEEEE10deallocateEPSD_j
                0x0800354c       0x24 ./Core/Src/uart_reg.o
                0x0800354c                std::__new_allocator<std::_Rb_tree_node<std::pair<std::__cxx11::basic_string<char, std::char_traits<char>, std::allocator<char> > const, void (*)(unsigned char*, unsigned int)> > >::deallocate(std::_Rb_tree_node<std::pair<std::__cxx11::basic_string<char, std::char_traits<char>, std::allocator<char> > const, void (*)(unsigned char*, unsigned int)> >*, unsigned int)
 .text._ZNK9__gnu_cxx16__aligned_membufISt4pairIKNSt7__cxx1112basic_stringIcSt11char_traitsIcESaIcEEEPFvPhjEEE6_M_ptrEv
                0x08003570       0x18 ./Core/Src/uart_reg.o
                0x08003570                __gnu_cxx::__aligned_membuf<std::pair<std::__cxx11::basic_string<char, std::char_traits<char>, std::allocator<char> > const, void (*)(unsigned char*, unsigned int)> >::_M_ptr() const
 .text._ZNK9__gnu_cxx16__aligned_membufISt4pairIKNSt7__cxx1112basic_stringIcSt11char_traitsIcESaIcEEEPFvPhjEEE7_M_addrEv
                0x08003588       0x16 ./Core/Src/uart_reg.o
                0x08003588                __gnu_cxx::__aligned_membuf<std::pair<std::__cxx11::basic_string<char, std::char_traits<char>, std::allocator<char> > const, void (*)(unsigned char*, unsigned int)> >::_M_addr() const
 .text._ZNSt3mapINSt7__cxx1112basic_stringIcSt11char_traitsIcESaIcEEEPFvPhjESt4lessIS5_ESaISt4pairIKS5_S8_EEED2Ev
                0x0800359e       0x1a ./Core/Src/uart_reg.o
                0x0800359e                std::map<std::__cxx11::basic_string<char, std::char_traits<char>, std::allocator<char> >, void (*)(unsigned char*, unsigned int), std::less<std::__cxx11::basic_string<char, std::char_traits<char>, std::allocator<char> > >, std::allocator<std::pair<std::__cxx11::basic_string<char, std::char_traits<char>, std::allocator<char> > const, void (*)(unsigned char*, unsigned int)> > >::~map()
                0x0800359e                std::map<std::__cxx11::basic_string<char, std::char_traits<char>, std::allocator<char> >, void (*)(unsigned char*, unsigned int), std::less<std::__cxx11::basic_string<char, std::char_traits<char>, std::allocator<char> > >, std::allocator<std::pair<std::__cxx11::basic_string<char, std::char_traits<char>, std::allocator<char> > const, void (*)(unsigned char*, unsigned int)> > >::~map()
 .text._Z41__static_initialization_and_destruction_0ii
                0x080035b8       0x44 ./Core/Src/uart_reg.o
 .text._GLOBAL__sub_I_huart_reg
                0x080035fc       0x10 ./Core/Src/uart_reg.o
 .text._GLOBAL__sub_D_huart_reg
                0x0800360c       0x10 ./Core/Src/uart_reg.o
 .text.Reset_Handler
                0x0800361c       0x50 ./Core/Startup/startup_stm32g474retx.o
                0x0800361c                Reset_Handler
 .text.Default_Handler
                0x0800366c        0x2 ./Core/Startup/startup_stm32g474retx.o
                0x0800366c                RTC_Alarm_IRQHandler
                0x0800366c                EXTI2_IRQHandler
                0x0800366c                TIM8_TRG_COM_IRQHandler
                0x0800366c                TIM8_CC_IRQHandler
                0x0800366c                HRTIM1_Master_IRQHandler
                0x0800366c                SPI4_IRQHandler
                0x0800366c                FDCAN3_IT0_IRQHandler
                0x0800366c                TIM1_CC_IRQHandler
                0x0800366c                HRTIM1_FLT_IRQHandler
                0x0800366c                HRTIM1_TIMF_IRQHandler
                0x0800366c                USB_HP_IRQHandler
                0x0800366c                CORDIC_IRQHandler
                0x0800366c                HRTIM1_TIMD_IRQHandler
                0x0800366c                EXTI3_IRQHandler
                0x0800366c                I2C3_ER_IRQHandler
                0x0800366c                EXTI0_IRQHandler
                0x0800366c                I2C2_EV_IRQHandler
                0x0800366c                FPU_IRQHandler
                0x0800366c                FDCAN1_IT1_IRQHandler
                0x0800366c                TIM1_UP_TIM16_IRQHandler
                0x0800366c                ADC1_2_IRQHandler
                0x0800366c                HRTIM1_TIME_IRQHandler
                0x0800366c                SPI1_IRQHandler
                0x0800366c                TIM6_DAC_IRQHandler
                0x0800366c                HRTIM1_TIMC_IRQHandler
                0x0800366c                TIM8_UP_IRQHandler
                0x0800366c                DMA2_Channel2_IRQHandler
                0x0800366c                DMA1_Channel4_IRQHandler
                0x0800366c                TIM20_TRG_COM_IRQHandler
                0x0800366c                USART3_IRQHandler
                0x0800366c                DMA1_Channel7_IRQHandler
                0x0800366c                UART5_IRQHandler
                0x0800366c                ADC3_IRQHandler
                0x0800366c                TIM4_IRQHandler
                0x0800366c                DMA2_Channel1_IRQHandler
                0x0800366c                QUADSPI_IRQHandler
                0x0800366c                I2C1_EV_IRQHandler
                0x0800366c                DMA1_Channel6_IRQHandler
                0x0800366c                UART4_IRQHandler
                0x0800366c                DMA2_Channel4_IRQHandler
                0x0800366c                TIM3_IRQHandler
                0x0800366c                RCC_IRQHandler
                0x0800366c                TIM20_UP_IRQHandler
                0x0800366c                Default_Handler
                0x0800366c                DMA2_Channel7_IRQHandler
                0x0800366c                RTC_TAMP_LSECSS_IRQHandler
                0x0800366c                FMAC_IRQHandler
                0x0800366c                EXTI15_10_IRQHandler
                0x0800366c                DMA1_Channel8_IRQHandler
                0x0800366c                HRTIM1_TIMA_IRQHandler
                0x0800366c                TIM7_DAC_IRQHandler
                0x0800366c                FDCAN3_IT1_IRQHandler
                0x0800366c                TIM5_IRQHandler
                0x0800366c                UCPD1_IRQHandler
                0x0800366c                I2C3_EV_IRQHandler
                0x0800366c                EXTI9_5_IRQHandler
                0x0800366c                RTC_WKUP_IRQHandler
                0x0800366c                PVD_PVM_IRQHandler
                0x0800366c                SPI2_IRQHandler
                0x0800366c                ADC5_IRQHandler
                0x0800366c                DMA2_Channel5_IRQHandler
                0x0800366c                CRS_IRQHandler
                0x0800366c                DMA1_Channel5_IRQHandler
                0x0800366c                USB_LP_IRQHandler
                0x0800366c                EXTI4_IRQHandler
                0x0800366c                RNG_IRQHandler
                0x0800366c                HRTIM1_TIMB_IRQHandler
                0x0800366c                TIM1_TRG_COM_TIM17_IRQHandler
                0x0800366c                FDCAN2_IT1_IRQHandler
                0x0800366c                DMA1_Channel3_IRQHandler
                0x0800366c                ADC4_IRQHandler
                0x0800366c                WWDG_IRQHandler
                0x0800366c                I2C4_EV_IRQHandler
                0x0800366c                FDCAN2_IT0_IRQHandler
                0x0800366c                LPUART1_IRQHandler
                0x0800366c                DMA2_Channel6_IRQHandler
                0x0800366c                FDCAN1_IT0_IRQHandler
                0x0800366c                TIM2_IRQHandler
                0x0800366c                COMP7_IRQHandler
                0x0800366c                COMP1_2_3_IRQHandler
                0x0800366c                EXTI1_IRQHandler
                0x0800366c                COMP4_5_6_IRQHandler
                0x0800366c                TIM20_BRK_IRQHandler
                0x0800366c                I2C2_ER_IRQHandler
                0x0800366c                TIM8_BRK_IRQHandler
                0x0800366c                FLASH_IRQHandler
                0x0800366c                TIM20_CC_IRQHandler
                0x0800366c                USART1_IRQHandler
                0x0800366c                SPI3_IRQHandler
                0x0800366c                I2C1_ER_IRQHandler
                0x0800366c                FMC_IRQHandler
                0x0800366c                LPTIM1_IRQHandler
                0x0800366c                DMAMUX_OVR_IRQHandler
                0x0800366c                I2C4_ER_IRQHandler
                0x0800366c                USBWakeUp_IRQHandler
                0x0800366c                SAI1_IRQHandler
                0x0800366c                DMA2_Channel3_IRQHandler
                0x0800366c                TIM1_BRK_TIM15_IRQHandler
 .text.HAL_Init
                0x0800366e       0x30 ./Drivers/STM32G4xx_HAL_Driver/Src/stm32g4xx_hal.o
                0x0800366e                HAL_Init
 *fill*         0x0800369e        0x2 
 .text.HAL_InitTick
                0x080036a0       0x74 ./Drivers/STM32G4xx_HAL_Driver/Src/stm32g4xx_hal.o
                0x080036a0                HAL_InitTick
 .text.HAL_IncTick
                0x08003714       0x24 ./Drivers/STM32G4xx_HAL_Driver/Src/stm32g4xx_hal.o
                0x08003714                HAL_IncTick
 .text.HAL_GetTick
                0x08003738       0x18 ./Drivers/STM32G4xx_HAL_Driver/Src/stm32g4xx_hal.o
                0x08003738                HAL_GetTick
 .text.LL_ADC_SetCommonClock
                0x08003750       0x26 ./Drivers/STM32G4xx_HAL_Driver/Src/stm32g4xx_hal_adc.o
 .text.LL_ADC_SetCommonPathInternalCh
                0x08003776       0x26 ./Drivers/STM32G4xx_HAL_Driver/Src/stm32g4xx_hal_adc.o
 .text.LL_ADC_GetCommonPathInternalCh
                0x0800379c       0x1c ./Drivers/STM32G4xx_HAL_Driver/Src/stm32g4xx_hal_adc.o
 .text.LL_ADC_SetOffset
                0x080037b8       0x48 ./Drivers/STM32G4xx_HAL_Driver/Src/stm32g4xx_hal_adc.o
 .text.LL_ADC_GetOffsetChannel
                0x08003800       0x2c ./Drivers/STM32G4xx_HAL_Driver/Src/stm32g4xx_hal_adc.o
 .text.LL_ADC_SetOffsetState
                0x0800382c       0x36 ./Drivers/STM32G4xx_HAL_Driver/Src/stm32g4xx_hal_adc.o
 .text.LL_ADC_SetOffsetSign
                0x08003862       0x36 ./Drivers/STM32G4xx_HAL_Driver/Src/stm32g4xx_hal_adc.o
 .text.LL_ADC_SetOffsetSaturation
                0x08003898       0x36 ./Drivers/STM32G4xx_HAL_Driver/Src/stm32g4xx_hal_adc.o
 .text.LL_ADC_SetSamplingTimeCommonConfig
                0x080038ce       0x26 ./Drivers/STM32G4xx_HAL_Driver/Src/stm32g4xx_hal_adc.o
 .text.LL_ADC_REG_IsTriggerSourceSWStart
                0x080038f4       0x26 ./Drivers/STM32G4xx_HAL_Driver/Src/stm32g4xx_hal_adc.o
 .text.LL_ADC_REG_SetSequencerRanks
                0x0800391a       0x58 ./Drivers/STM32G4xx_HAL_Driver/Src/stm32g4xx_hal_adc.o
 .text.LL_ADC_SetChannelSamplingTime
                0x08003972       0x56 ./Drivers/STM32G4xx_HAL_Driver/Src/stm32g4xx_hal_adc.o
 .text.LL_ADC_SetChannelSingleDiff
                0x080039c8       0x48 ./Drivers/STM32G4xx_HAL_Driver/Src/stm32g4xx_hal_adc.o
 .text.LL_ADC_GetMultimode
                0x08003a10       0x1c ./Drivers/STM32G4xx_HAL_Driver/Src/stm32g4xx_hal_adc.o
 .text.LL_ADC_DisableDeepPowerDown
                0x08003a2c       0x24 ./Drivers/STM32G4xx_HAL_Driver/Src/stm32g4xx_hal_adc.o
 .text.LL_ADC_IsDeepPowerDownEnabled
                0x08003a50       0x28 ./Drivers/STM32G4xx_HAL_Driver/Src/stm32g4xx_hal_adc.o
 .text.LL_ADC_EnableInternalRegulator
                0x08003a78       0x28 ./Drivers/STM32G4xx_HAL_Driver/Src/stm32g4xx_hal_adc.o
 .text.LL_ADC_IsInternalRegulatorEnabled
                0x08003aa0       0x28 ./Drivers/STM32G4xx_HAL_Driver/Src/stm32g4xx_hal_adc.o
 .text.LL_ADC_Enable
                0x08003ac8       0x28 ./Drivers/STM32G4xx_HAL_Driver/Src/stm32g4xx_hal_adc.o
 .text.LL_ADC_Disable
                0x08003af0       0x28 ./Drivers/STM32G4xx_HAL_Driver/Src/stm32g4xx_hal_adc.o
 .text.LL_ADC_IsEnabled
                0x08003b18       0x26 ./Drivers/STM32G4xx_HAL_Driver/Src/stm32g4xx_hal_adc.o
 .text.LL_ADC_IsDisableOngoing
                0x08003b3e       0x26 ./Drivers/STM32G4xx_HAL_Driver/Src/stm32g4xx_hal_adc.o
 .text.LL_ADC_REG_StartConversion
                0x08003b64       0x28 ./Drivers/STM32G4xx_HAL_Driver/Src/stm32g4xx_hal_adc.o
 .text.LL_ADC_REG_StopConversion
                0x08003b8c       0x28 ./Drivers/STM32G4xx_HAL_Driver/Src/stm32g4xx_hal_adc.o
 .text.LL_ADC_REG_IsConversionOngoing
                0x08003bb4       0x26 ./Drivers/STM32G4xx_HAL_Driver/Src/stm32g4xx_hal_adc.o
 .text.LL_ADC_INJ_StopConversion
                0x08003bda       0x28 ./Drivers/STM32G4xx_HAL_Driver/Src/stm32g4xx_hal_adc.o
 .text.LL_ADC_INJ_IsConversionOngoing
                0x08003c02       0x26 ./Drivers/STM32G4xx_HAL_Driver/Src/stm32g4xx_hal_adc.o
 .text.HAL_ADC_Init
                0x08003c28      0x378 ./Drivers/STM32G4xx_HAL_Driver/Src/stm32g4xx_hal_adc.o
                0x08003c28                HAL_ADC_Init
 .text.HAL_ADC_Start_DMA
                0x08003fa0      0x1a8 ./Drivers/STM32G4xx_HAL_Driver/Src/stm32g4xx_hal_adc.o
                0x08003fa0                HAL_ADC_Start_DMA
 .text.HAL_ADC_Stop_DMA
                0x08004148       0xc2 ./Drivers/STM32G4xx_HAL_Driver/Src/stm32g4xx_hal_adc.o
                0x08004148                HAL_ADC_Stop_DMA
 .text.HAL_ADC_ConvHalfCpltCallback
                0x0800420a       0x14 ./Drivers/STM32G4xx_HAL_Driver/Src/stm32g4xx_hal_adc.o
                0x0800420a                HAL_ADC_ConvHalfCpltCallback
 .text.HAL_ADC_ErrorCallback
                0x0800421e       0x14 ./Drivers/STM32G4xx_HAL_Driver/Src/stm32g4xx_hal_adc.o
                0x0800421e                HAL_ADC_ErrorCallback
 *fill*         0x08004232        0x2 
 .text.HAL_ADC_ConfigChannel
                0x08004234      0x880 ./Drivers/STM32G4xx_HAL_Driver/Src/stm32g4xx_hal_adc.o
                0x08004234                HAL_ADC_ConfigChannel
 .text.ADC_ConversionStop
                0x08004ab4      0x178 ./Drivers/STM32G4xx_HAL_Driver/Src/stm32g4xx_hal_adc.o
                0x08004ab4                ADC_ConversionStop
 .text.ADC_Enable
                0x08004c2c      0x12c ./Drivers/STM32G4xx_HAL_Driver/Src/stm32g4xx_hal_adc.o
                0x08004c2c                ADC_Enable
 .text.ADC_Disable
                0x08004d58       0xbe ./Drivers/STM32G4xx_HAL_Driver/Src/stm32g4xx_hal_adc.o
                0x08004d58                ADC_Disable
 .text.ADC_DMAConvCplt
                0x08004e16       0xd8 ./Drivers/STM32G4xx_HAL_Driver/Src/stm32g4xx_hal_adc.o
                0x08004e16                ADC_DMAConvCplt
 .text.ADC_DMAHalfConvCplt
                0x08004eee       0x1c ./Drivers/STM32G4xx_HAL_Driver/Src/stm32g4xx_hal_adc.o
                0x08004eee                ADC_DMAHalfConvCplt
 .text.ADC_DMAError
                0x08004f0a       0x34 ./Drivers/STM32G4xx_HAL_Driver/Src/stm32g4xx_hal_adc.o
                0x08004f0a                ADC_DMAError
 .text.LL_ADC_IsEnabled
                0x08004f3e       0x26 ./Drivers/STM32G4xx_HAL_Driver/Src/stm32g4xx_hal_adc_ex.o
 .text.LL_ADC_REG_IsConversionOngoing
                0x08004f64       0x26 ./Drivers/STM32G4xx_HAL_Driver/Src/stm32g4xx_hal_adc_ex.o
 *fill*         0x08004f8a        0x2 
 .text.HAL_ADCEx_MultiModeConfigChannel
                0x08004f8c      0x210 ./Drivers/STM32G4xx_HAL_Driver/Src/stm32g4xx_hal_adc_ex.o
                0x08004f8c                HAL_ADCEx_MultiModeConfigChannel
 .text.LL_EXTI_EnableIT_0_31
                0x0800519c       0x24 ./Drivers/STM32G4xx_HAL_Driver/Src/stm32g4xx_hal_comp.o
 .text.LL_EXTI_EnableIT_32_63
                0x080051c0       0x24 ./Drivers/STM32G4xx_HAL_Driver/Src/stm32g4xx_hal_comp.o
 .text.LL_EXTI_DisableIT_0_31
                0x080051e4       0x28 ./Drivers/STM32G4xx_HAL_Driver/Src/stm32g4xx_hal_comp.o
 .text.LL_EXTI_DisableIT_32_63
                0x0800520c       0x28 ./Drivers/STM32G4xx_HAL_Driver/Src/stm32g4xx_hal_comp.o
 .text.LL_EXTI_EnableEvent_0_31
                0x08005234       0x24 ./Drivers/STM32G4xx_HAL_Driver/Src/stm32g4xx_hal_comp.o
 .text.LL_EXTI_EnableEvent_32_63
                0x08005258       0x24 ./Drivers/STM32G4xx_HAL_Driver/Src/stm32g4xx_hal_comp.o
 .text.LL_EXTI_DisableEvent_0_31
                0x0800527c       0x28 ./Drivers/STM32G4xx_HAL_Driver/Src/stm32g4xx_hal_comp.o
 .text.LL_EXTI_DisableEvent_32_63
                0x080052a4       0x28 ./Drivers/STM32G4xx_HAL_Driver/Src/stm32g4xx_hal_comp.o
 .text.LL_EXTI_EnableRisingTrig_0_31
                0x080052cc       0x24 ./Drivers/STM32G4xx_HAL_Driver/Src/stm32g4xx_hal_comp.o
 .text.LL_EXTI_EnableRisingTrig_32_63
                0x080052f0       0x24 ./Drivers/STM32G4xx_HAL_Driver/Src/stm32g4xx_hal_comp.o
 .text.LL_EXTI_DisableRisingTrig_0_31
                0x08005314       0x28 ./Drivers/STM32G4xx_HAL_Driver/Src/stm32g4xx_hal_comp.o
 .text.LL_EXTI_DisableRisingTrig_32_63
                0x0800533c       0x28 ./Drivers/STM32G4xx_HAL_Driver/Src/stm32g4xx_hal_comp.o
 .text.LL_EXTI_EnableFallingTrig_0_31
                0x08005364       0x24 ./Drivers/STM32G4xx_HAL_Driver/Src/stm32g4xx_hal_comp.o
 .text.LL_EXTI_EnableFallingTrig_32_63
                0x08005388       0x24 ./Drivers/STM32G4xx_HAL_Driver/Src/stm32g4xx_hal_comp.o
 .text.LL_EXTI_DisableFallingTrig_0_31
                0x080053ac       0x28 ./Drivers/STM32G4xx_HAL_Driver/Src/stm32g4xx_hal_comp.o
 .text.LL_EXTI_DisableFallingTrig_32_63
                0x080053d4       0x28 ./Drivers/STM32G4xx_HAL_Driver/Src/stm32g4xx_hal_comp.o
 .text.LL_EXTI_ClearFlag_0_31
                0x080053fc       0x20 ./Drivers/STM32G4xx_HAL_Driver/Src/stm32g4xx_hal_comp.o
 .text.LL_EXTI_ClearFlag_32_63
                0x0800541c       0x20 ./Drivers/STM32G4xx_HAL_Driver/Src/stm32g4xx_hal_comp.o
 .text.HAL_COMP_Init
                0x0800543c      0x334 ./Drivers/STM32G4xx_HAL_Driver/Src/stm32g4xx_hal_comp.o
                0x0800543c                HAL_COMP_Init
 .text.__NVIC_SetPriorityGrouping
                0x08005770       0x48 ./Drivers/STM32G4xx_HAL_Driver/Src/stm32g4xx_hal_cortex.o
 .text.__NVIC_GetPriorityGrouping
                0x080057b8       0x1c ./Drivers/STM32G4xx_HAL_Driver/Src/stm32g4xx_hal_cortex.o
 .text.__NVIC_EnableIRQ
                0x080057d4       0x3c ./Drivers/STM32G4xx_HAL_Driver/Src/stm32g4xx_hal_cortex.o
 .text.__NVIC_SetPriority
                0x08005810       0x54 ./Drivers/STM32G4xx_HAL_Driver/Src/stm32g4xx_hal_cortex.o
 .text.NVIC_EncodePriority
                0x08005864       0x66 ./Drivers/STM32G4xx_HAL_Driver/Src/stm32g4xx_hal_cortex.o
 *fill*         0x080058ca        0x2 
 .text.SysTick_Config
                0x080058cc       0x44 ./Drivers/STM32G4xx_HAL_Driver/Src/stm32g4xx_hal_cortex.o
 .text.HAL_NVIC_SetPriorityGrouping
                0x08005910       0x16 ./Drivers/STM32G4xx_HAL_Driver/Src/stm32g4xx_hal_cortex.o
                0x08005910                HAL_NVIC_SetPriorityGrouping
 .text.HAL_NVIC_SetPriority
                0x08005926       0x34 ./Drivers/STM32G4xx_HAL_Driver/Src/stm32g4xx_hal_cortex.o
                0x08005926                HAL_NVIC_SetPriority
 .text.HAL_NVIC_EnableIRQ
                0x0800595a       0x1c ./Drivers/STM32G4xx_HAL_Driver/Src/stm32g4xx_hal_cortex.o
                0x0800595a                HAL_NVIC_EnableIRQ
 .text.HAL_SYSTICK_Config
                0x08005976       0x18 ./Drivers/STM32G4xx_HAL_Driver/Src/stm32g4xx_hal_cortex.o
                0x08005976                HAL_SYSTICK_Config
 *fill*         0x0800598e        0x2 
 .text.HAL_CRC_Init
                0x08005990       0xc8 ./Drivers/STM32G4xx_HAL_Driver/Src/stm32g4xx_hal_crc.o
                0x08005990                HAL_CRC_Init
 .text.HAL_CRC_Calculate
                0x08005a58       0x98 ./Drivers/STM32G4xx_HAL_Driver/Src/stm32g4xx_hal_crc.o
                0x08005a58                HAL_CRC_Calculate
 .text.CRC_Handle_8
                0x08005af0      0x11c ./Drivers/STM32G4xx_HAL_Driver/Src/stm32g4xx_hal_crc.o
 .text.CRC_Handle_16
                0x08005c0c       0x74 ./Drivers/STM32G4xx_HAL_Driver/Src/stm32g4xx_hal_crc.o
 .text.HAL_CRCEx_Polynomial_Set
                0x08005c80      0x11c ./Drivers/STM32G4xx_HAL_Driver/Src/stm32g4xx_hal_crc_ex.o
                0x08005c80                HAL_CRCEx_Polynomial_Set
 .text.HAL_DAC_Init
                0x08005d9c       0x44 ./Drivers/STM32G4xx_HAL_Driver/Src/stm32g4xx_hal_dac.o
                0x08005d9c                HAL_DAC_Init
 .text.HAL_DAC_ConfigChannel
                0x08005de0      0x370 ./Drivers/STM32G4xx_HAL_Driver/Src/stm32g4xx_hal_dac.o
                0x08005de0                HAL_DAC_ConfigChannel
 .text.HAL_DMA_Init
                0x08006150      0x150 ./Drivers/STM32G4xx_HAL_Driver/Src/stm32g4xx_hal_dma.o
                0x08006150                HAL_DMA_Init
 .text.HAL_DMA_Start_IT
                0x080062a0       0xf6 ./Drivers/STM32G4xx_HAL_Driver/Src/stm32g4xx_hal_dma.o
                0x080062a0                HAL_DMA_Start_IT
 .text.HAL_DMA_Abort
                0x08006396       0xb2 ./Drivers/STM32G4xx_HAL_Driver/Src/stm32g4xx_hal_dma.o
                0x08006396                HAL_DMA_Abort
 .text.HAL_DMA_Abort_IT
                0x08006448       0xce ./Drivers/STM32G4xx_HAL_Driver/Src/stm32g4xx_hal_dma.o
                0x08006448                HAL_DMA_Abort_IT
 .text.HAL_DMA_IRQHandler
                0x08006516      0x15e ./Drivers/STM32G4xx_HAL_Driver/Src/stm32g4xx_hal_dma.o
                0x08006516                HAL_DMA_IRQHandler
 .text.DMA_SetConfig
                0x08006674       0x7c ./Drivers/STM32G4xx_HAL_Driver/Src/stm32g4xx_hal_dma.o
 .text.DMA_CalcDMAMUXChannelBaseAndMask
                0x080066f0       0x7c ./Drivers/STM32G4xx_HAL_Driver/Src/stm32g4xx_hal_dma.o
 .text.DMA_CalcDMAMUXRequestGenBaseAndMask
                0x0800676c       0x48 ./Drivers/STM32G4xx_HAL_Driver/Src/stm32g4xx_hal_dma.o
 .text.HAL_GPIO_Init
                0x080067b4      0x304 ./Drivers/STM32G4xx_HAL_Driver/Src/stm32g4xx_hal_gpio.o
                0x080067b4                HAL_GPIO_Init
 .text.HAL_GPIO_WritePin
                0x08006ab8       0x30 ./Drivers/STM32G4xx_HAL_Driver/Src/stm32g4xx_hal_gpio.o
                0x08006ab8                HAL_GPIO_WritePin
 .text.HAL_I2C_Init
                0x08006ae8      0x136 ./Drivers/STM32G4xx_HAL_Driver/Src/stm32g4xx_hal_i2c.o
                0x08006ae8                HAL_I2C_Init
 .text.HAL_I2CEx_ConfigAnalogFilter
                0x08006c1e       0x96 ./Drivers/STM32G4xx_HAL_Driver/Src/stm32g4xx_hal_i2c_ex.o
                0x08006c1e                HAL_I2CEx_ConfigAnalogFilter
 .text.HAL_I2CEx_ConfigDigitalFilter
                0x08006cb4       0x98 ./Drivers/STM32G4xx_HAL_Driver/Src/stm32g4xx_hal_i2c_ex.o
                0x08006cb4                HAL_I2CEx_ConfigDigitalFilter
 .text.HAL_PWREx_ControlVoltageScaling
                0x08006d4c      0x148 ./Drivers/STM32G4xx_HAL_Driver/Src/stm32g4xx_hal_pwr_ex.o
                0x08006d4c                HAL_PWREx_ControlVoltageScaling
 .text.HAL_PWREx_DisableUCPDDeadBattery
                0x08006e94       0x20 ./Drivers/STM32G4xx_HAL_Driver/Src/stm32g4xx_hal_pwr_ex.o
                0x08006e94                HAL_PWREx_DisableUCPDDeadBattery
 .text.HAL_RCC_OscConfig
                0x08006eb4      0x624 ./Drivers/STM32G4xx_HAL_Driver/Src/stm32g4xx_hal_rcc.o
                0x08006eb4                HAL_RCC_OscConfig
 .text.HAL_RCC_ClockConfig
                0x080074d8      0x278 ./Drivers/STM32G4xx_HAL_Driver/Src/stm32g4xx_hal_rcc.o
                0x080074d8                HAL_RCC_ClockConfig
 .text.HAL_RCC_MCOConfig
                0x08007750       0x8c ./Drivers/STM32G4xx_HAL_Driver/Src/stm32g4xx_hal_rcc.o
                0x08007750                HAL_RCC_MCOConfig
 .text.HAL_RCC_GetSysClockFreq
                0x080077dc       0xc4 ./Drivers/STM32G4xx_HAL_Driver/Src/stm32g4xx_hal_rcc.o
                0x080077dc                HAL_RCC_GetSysClockFreq
 .text.HAL_RCC_GetHCLKFreq
                0x080078a0       0x18 ./Drivers/STM32G4xx_HAL_Driver/Src/stm32g4xx_hal_rcc.o
                0x080078a0                HAL_RCC_GetHCLKFreq
 .text.HAL_RCC_GetPCLK1Freq
                0x080078b8       0x2c ./Drivers/STM32G4xx_HAL_Driver/Src/stm32g4xx_hal_rcc.o
                0x080078b8                HAL_RCC_GetPCLK1Freq
 .text.HAL_RCC_GetPCLK2Freq
                0x080078e4       0x2c ./Drivers/STM32G4xx_HAL_Driver/Src/stm32g4xx_hal_rcc.o
                0x080078e4                HAL_RCC_GetPCLK2Freq
 .text.RCC_GetSysClockFreqFromPLLSource
                0x08007910       0x8c ./Drivers/STM32G4xx_HAL_Driver/Src/stm32g4xx_hal_rcc.o
 .text.HAL_RCCEx_PeriphCLKConfig
                0x0800799c      0x49c ./Drivers/STM32G4xx_HAL_Driver/Src/stm32g4xx_hal_rcc_ex.o
                0x0800799c                HAL_RCCEx_PeriphCLKConfig
 .text.HAL_SPI_Init
                0x08007e38      0x156 ./Drivers/STM32G4xx_HAL_Driver/Src/stm32g4xx_hal_spi.o
                0x08007e38                HAL_SPI_Init
 .text.HAL_SPI_Transmit
                0x08007f8e      0x2ea ./Drivers/STM32G4xx_HAL_Driver/Src/stm32g4xx_hal_spi.o
                0x08007f8e                HAL_SPI_Transmit
 .text.SPI_WaitFlagStateUntilTimeout
                0x08008278      0x110 ./Drivers/STM32G4xx_HAL_Driver/Src/stm32g4xx_hal_spi.o
 .text.SPI_WaitFifoStateUntilTimeout
                0x08008388      0x12c ./Drivers/STM32G4xx_HAL_Driver/Src/stm32g4xx_hal_spi.o
 .text.SPI_EndRxTxTransaction
                0x080084b4       0x8c ./Drivers/STM32G4xx_HAL_Driver/Src/stm32g4xx_hal_spi.o
 .text.HAL_TIM_Base_Init
                0x08008540       0xae ./Drivers/STM32G4xx_HAL_Driver/Src/stm32g4xx_hal_tim.o
                0x08008540                HAL_TIM_Base_Init
 *fill*         0x080085ee        0x2 
 .text.HAL_TIM_Base_Start
                0x080085f0       0xe0 ./Drivers/STM32G4xx_HAL_Driver/Src/stm32g4xx_hal_tim.o
                0x080085f0                HAL_TIM_Base_Start
 .text.HAL_TIM_Base_Stop
                0x080086d0       0x4e ./Drivers/STM32G4xx_HAL_Driver/Src/stm32g4xx_hal_tim.o
                0x080086d0                HAL_TIM_Base_Stop
 .text.HAL_TIM_IC_Init
                0x0800871e       0xae ./Drivers/STM32G4xx_HAL_Driver/Src/stm32g4xx_hal_tim.o
                0x0800871e                HAL_TIM_IC_Init
 .text.HAL_TIM_IC_MspInit
                0x080087cc       0x14 ./Drivers/STM32G4xx_HAL_Driver/Src/stm32g4xx_hal_tim.o
                0x080087cc                HAL_TIM_IC_MspInit
 .text.HAL_TIM_IC_ConfigChannel
                0x080087e0      0x138 ./Drivers/STM32G4xx_HAL_Driver/Src/stm32g4xx_hal_tim.o
                0x080087e0                HAL_TIM_IC_ConfigChannel
 .text.HAL_TIM_ConfigClockSource
                0x08008918      0x22c ./Drivers/STM32G4xx_HAL_Driver/Src/stm32g4xx_hal_tim.o
                0x08008918                HAL_TIM_ConfigClockSource
 .text.TIM_Base_SetConfig
                0x08008b44      0x168 ./Drivers/STM32G4xx_HAL_Driver/Src/stm32g4xx_hal_tim.o
                0x08008b44                TIM_Base_SetConfig
 .text.TIM_TI1_SetConfig
                0x08008cac       0xe8 ./Drivers/STM32G4xx_HAL_Driver/Src/stm32g4xx_hal_tim.o
                0x08008cac                TIM_TI1_SetConfig
 .text.TIM_TI1_ConfigInputStage
                0x08008d94       0x5e ./Drivers/STM32G4xx_HAL_Driver/Src/stm32g4xx_hal_tim.o
 .text.TIM_TI2_SetConfig
                0x08008df2       0x7a ./Drivers/STM32G4xx_HAL_Driver/Src/stm32g4xx_hal_tim.o
 .text.TIM_TI2_ConfigInputStage
                0x08008e6c       0x60 ./Drivers/STM32G4xx_HAL_Driver/Src/stm32g4xx_hal_tim.o
 .text.TIM_TI3_SetConfig
                0x08008ecc       0x78 ./Drivers/STM32G4xx_HAL_Driver/Src/stm32g4xx_hal_tim.o
 .text.TIM_TI4_SetConfig
                0x08008f44       0x7a ./Drivers/STM32G4xx_HAL_Driver/Src/stm32g4xx_hal_tim.o
 .text.TIM_ITRx_SetConfig
                0x08008fbe       0x3a ./Drivers/STM32G4xx_HAL_Driver/Src/stm32g4xx_hal_tim.o
 .text.TIM_ETR_SetConfig
                0x08008ff8       0x40 ./Drivers/STM32G4xx_HAL_Driver/Src/stm32g4xx_hal_tim.o
                0x08008ff8                TIM_ETR_SetConfig
 .text.HAL_TIMEx_MasterConfigSynchronization
                0x08009038      0x12c ./Drivers/STM32G4xx_HAL_Driver/Src/stm32g4xx_hal_tim_ex.o
                0x08009038                HAL_TIMEx_MasterConfigSynchronization
 .text.HAL_TIMEx_TISelection
                0x08009164      0x11c ./Drivers/STM32G4xx_HAL_Driver/Src/stm32g4xx_hal_tim_ex.o
                0x08009164                HAL_TIMEx_TISelection
 .text.HAL_UART_Init
                0x08009280       0xa0 ./Drivers/STM32G4xx_HAL_Driver/Src/stm32g4xx_hal_uart.o
                0x08009280                HAL_UART_Init
 .text.HAL_UART_IRQHandler
                0x08009320      0x684 ./Drivers/STM32G4xx_HAL_Driver/Src/stm32g4xx_hal_uart.o
                0x08009320                HAL_UART_IRQHandler
 .text.HAL_UART_TxCpltCallback
                0x080099a4       0x14 ./Drivers/STM32G4xx_HAL_Driver/Src/stm32g4xx_hal_uart.o
                0x080099a4                HAL_UART_TxCpltCallback
 .text.HAL_UART_RxCpltCallback
                0x080099b8       0x14 ./Drivers/STM32G4xx_HAL_Driver/Src/stm32g4xx_hal_uart.o
                0x080099b8                HAL_UART_RxCpltCallback
 .text.HAL_UART_RxHalfCpltCallback
                0x080099cc       0x14 ./Drivers/STM32G4xx_HAL_Driver/Src/stm32g4xx_hal_uart.o
                0x080099cc                HAL_UART_RxHalfCpltCallback
 .text.HAL_UART_ErrorCallback
                0x080099e0       0x14 ./Drivers/STM32G4xx_HAL_Driver/Src/stm32g4xx_hal_uart.o
                0x080099e0                HAL_UART_ErrorCallback
 .text.UART_SetConfig
                0x080099f4      0x5f8 ./Drivers/STM32G4xx_HAL_Driver/Src/stm32g4xx_hal_uart.o
                0x080099f4                UART_SetConfig
 .text.UART_AdvFeatureConfig
                0x08009fec      0x144 ./Drivers/STM32G4xx_HAL_Driver/Src/stm32g4xx_hal_uart.o
                0x08009fec                UART_AdvFeatureConfig
 .text.UART_CheckIdleState
                0x0800a130      0x154 ./Drivers/STM32G4xx_HAL_Driver/Src/stm32g4xx_hal_uart.o
                0x0800a130                UART_CheckIdleState
 .text.UART_WaitOnFlagUntilTimeout
                0x0800a284       0xda ./Drivers/STM32G4xx_HAL_Driver/Src/stm32g4xx_hal_uart.o
                0x0800a284                UART_WaitOnFlagUntilTimeout
 *fill*         0x0800a35e        0x2 
 .text.UART_Start_Receive_DMA
                0x0800a360      0x14c ./Drivers/STM32G4xx_HAL_Driver/Src/stm32g4xx_hal_uart.o
                0x0800a360                UART_Start_Receive_DMA
 .text.UART_EndTxTransfer
                0x0800a4ac       0x82 ./Drivers/STM32G4xx_HAL_Driver/Src/stm32g4xx_hal_uart.o
 .text.UART_EndRxTransfer
                0x0800a52e       0xcc ./Drivers/STM32G4xx_HAL_Driver/Src/stm32g4xx_hal_uart.o
 .text.UART_DMAReceiveCplt
                0x0800a5fa      0x12c ./Drivers/STM32G4xx_HAL_Driver/Src/stm32g4xx_hal_uart.o
 .text.UART_DMARxHalfCplt
                0x0800a726       0x3e ./Drivers/STM32G4xx_HAL_Driver/Src/stm32g4xx_hal_uart.o
 .text.UART_DMAError
                0x0800a764       0x80 ./Drivers/STM32G4xx_HAL_Driver/Src/stm32g4xx_hal_uart.o
 .text.UART_DMAAbortOnError
                0x0800a7e4       0x2c ./Drivers/STM32G4xx_HAL_Driver/Src/stm32g4xx_hal_uart.o
 .text.UART_EndTransmit_IT
                0x0800a810       0x56 ./Drivers/STM32G4xx_HAL_Driver/Src/stm32g4xx_hal_uart.o
 .text.HAL_UARTEx_WakeupCallback
                0x0800a866       0x14 ./Drivers/STM32G4xx_HAL_Driver/Src/stm32g4xx_hal_uart_ex.o
                0x0800a866                HAL_UARTEx_WakeupCallback
 .text.HAL_UARTEx_RxFifoFullCallback
                0x0800a87a       0x14 ./Drivers/STM32G4xx_HAL_Driver/Src/stm32g4xx_hal_uart_ex.o
                0x0800a87a                HAL_UARTEx_RxFifoFullCallback
 .text.HAL_UARTEx_TxFifoEmptyCallback
                0x0800a88e       0x14 ./Drivers/STM32G4xx_HAL_Driver/Src/stm32g4xx_hal_uart_ex.o
                0x0800a88e                HAL_UARTEx_TxFifoEmptyCallback
 .text.HAL_UARTEx_DisableFifoMode
                0x0800a8a2       0x72 ./Drivers/STM32G4xx_HAL_Driver/Src/stm32g4xx_hal_uart_ex.o
                0x0800a8a2                HAL_UARTEx_DisableFifoMode
 .text.HAL_UARTEx_SetTxFifoThreshold
                0x0800a914       0x7c ./Drivers/STM32G4xx_HAL_Driver/Src/stm32g4xx_hal_uart_ex.o
                0x0800a914                HAL_UARTEx_SetTxFifoThreshold
 .text.HAL_UARTEx_SetRxFifoThreshold
                0x0800a990       0x7c ./Drivers/STM32G4xx_HAL_Driver/Src/stm32g4xx_hal_uart_ex.o
                0x0800a990                HAL_UARTEx_SetRxFifoThreshold
 .text.HAL_UARTEx_ReceiveToIdle_DMA
                0x0800aa0c       0xa8 ./Drivers/STM32G4xx_HAL_Driver/Src/stm32g4xx_hal_uart_ex.o
                0x0800aa0c                HAL_UARTEx_ReceiveToIdle_DMA
 .text.UARTEx_SetNbDataToProcess
                0x0800aab4       0x9c ./Drivers/STM32G4xx_HAL_Driver/Src/stm32g4xx_hal_uart_ex.o
 .text.arm_rfft_1024_fast_init_f32
                0x0800ab50       0x3c C:\Users\linyixin\Documents\GitHub\NUEDC\EZ_simulation_2\Drivers\CMSIS\Lib\GCC\libarm_cortexM4lf_math.a(arm_rfft_fast_init_f32.o)
                0x0800ab50                arm_rfft_1024_fast_init_f32
 .text.stage_rfft_f32
                0x0800ab8c       0xb4 C:\Users\linyixin\Documents\GitHub\NUEDC\EZ_simulation_2\Drivers\CMSIS\Lib\GCC\libarm_cortexM4lf_math.a(arm_rfft_fast_f32.o)
                0x0800ab8c                stage_rfft_f32
 .text.merge_rfft_f32
                0x0800ac40       0xac C:\Users\linyixin\Documents\GitHub\NUEDC\EZ_simulation_2\Drivers\CMSIS\Lib\GCC\libarm_cortexM4lf_math.a(arm_rfft_fast_f32.o)
                0x0800ac40                merge_rfft_f32
 .text.arm_rfft_fast_f32
                0x0800acec       0x40 C:\Users\linyixin\Documents\GitHub\NUEDC\EZ_simulation_2\Drivers\CMSIS\Lib\GCC\libarm_cortexM4lf_math.a(arm_rfft_fast_f32.o)
                0x0800acec                arm_rfft_fast_f32
 .text.arm_cfft_radix8by2_f32
                0x0800ad2c      0x1a0 C:\Users\linyixin\Documents\GitHub\NUEDC\EZ_simulation_2\Drivers\CMSIS\Lib\GCC\libarm_cortexM4lf_math.a(arm_cfft_f32.o)
                0x0800ad2c                arm_cfft_radix8by2_f32
 .text.arm_cfft_radix8by4_f32
                0x0800aecc      0x4ac C:\Users\linyixin\Documents\GitHub\NUEDC\EZ_simulation_2\Drivers\CMSIS\Lib\GCC\libarm_cortexM4lf_math.a(arm_cfft_f32.o)
                0x0800aecc                arm_cfft_radix8by4_f32
 .text.arm_cfft_f32
                0x0800b378       0xf0 C:\Users\linyixin\Documents\GitHub\NUEDC\EZ_simulation_2\Drivers\CMSIS\Lib\GCC\libarm_cortexM4lf_math.a(arm_cfft_f32.o)
                0x0800b378                arm_cfft_f32
 .text.arm_bitreversal_32
                0x0800b468       0x40 C:\Users\linyixin\Documents\GitHub\NUEDC\EZ_simulation_2\Drivers\CMSIS\Lib\GCC\libarm_cortexM4lf_math.a(arm_bitreversal2.o)
                0x0800b468                arm_bitreversal_32
 .text.arm_cmplx_mag_f32
                0x0800b4a8      0x248 C:\Users\linyixin\Documents\GitHub\NUEDC\EZ_simulation_2\Drivers\CMSIS\Lib\GCC\libarm_cortexM4lf_math.a(arm_cmplx_mag_f32.o)
                0x0800b4a8                arm_cmplx_mag_f32
 .text.arm_cos_f32
                0x0800b6f0       0x94 C:\Users\linyixin\Documents\GitHub\NUEDC\EZ_simulation_2\Drivers\CMSIS\Lib\GCC\libarm_cortexM4lf_math.a(arm_cos_f32.o)
                0x0800b6f0                arm_cos_f32
 .text.arm_radix8_butterfly_f32
                0x0800b784      0x580 C:\Users\linyixin\Documents\GitHub\NUEDC\EZ_simulation_2\Drivers\CMSIS\Lib\GCC\libarm_cortexM4lf_math.a(arm_cfft_radix8_f32.o)
                0x0800b784                arm_radix8_butterfly_f32
 .text._ZdlPvj  0x0800bd04        0x4 C:/ST/STM32CubeIDE_1.15.1/STM32CubeIDE/plugins/com.st.stm32cube.ide.mcu.externaltools.gnu-tools-for-stm32.12.3.rel1.win32_1.0.200.202406191623/tools/bin/../lib/gcc/arm-none-eabi/12.3.1/../../../../arm-none-eabi/lib/thumb/v7e-m+fp/hard\libstdc++_nano.a(del_ops.o)
                0x0800bd04                operator delete(void*, unsigned int)
 .text._Znwj    0x0800bd08       0x22 C:/ST/STM32CubeIDE_1.15.1/STM32CubeIDE/plugins/com.st.stm32cube.ide.mcu.externaltools.gnu-tools-for-stm32.12.3.rel1.win32_1.0.200.202406191623/tools/bin/../lib/gcc/arm-none-eabi/12.3.1/../../../../arm-none-eabi/lib/thumb/v7e-m+fp/hard\libstdc++_nano.a(new_op.o)
                0x0800bd08                operator new(unsigned int)