../Core/Src/main.c:120:6:AD9959_WriteData	24	static
../Core/Src/main.c:157:6:Write_CFTW0	24	static
../Core/Src/main.c:168:6:AD9959_Set_Freq	24	static
../Core/Src/main.c:176:6:Write_ACR	24	static
../Core/Src/main.c:186:6:AD9959_Set_Ampl	32	static
../Core/Src/main.c:193:6:Write_CPOW0	24	static
../Core/Src/main.c:201:6:AD9959_Set_Phase	24	static
../Core/Src/main.c:209:6:AD9959_Init	16	static
../Core/Src/main.c:219:6:IntReset	8	static
../Core/Src/main.c:227:6:Intserve	8	static
../Core/Src/main.c:242:6:IO_Update	8	static
../Core/Src/main.c:256:6:set_dac	80	static
../Core/Src/main.c:297:5:main	56	static
../Core/Src/main.c:646:6:SystemClock_Config	88	static
../Core/Src/main.c:692:13:MX_DAC3_Init	56	static
../Core/Src/main.c:746:13:MX_OPAMP3_Init	8	static
../Core/Src/main.c:778:13:MX_OPAMP6_Init	8	static
../Core/Src/main.c:810:13:MX_SPI1_Init	8	static
../Core/Src/main.c:850:13:MX_TIM8_Init	56	static
../Core/Src/main.c:901:13:MX_TIM15_Init	40	static
../Core/Src/main.c:945:13:MX_DMA_Init	16	static
../Core/Src/main.c:964:13:MX_GPIO_Init	48	static
../Core/Src/main.c:1027:6:Error_Handler	4	static,ignoring_inline_asm
