../Core/Src/main.c:122:6:AD9959_WriteData	6
../Core/Src/main.c:159:6:Write_CFTW0	1
../Core/Src/main.c:170:6:AD9959_Set_Freq	1
../Core/Src/main.c:178:6:Write_ACR	1
../Core/Src/main.c:188:6:AD9959_Set_Ampl	3
../Core/Src/main.c:198:6:Write_CPOW0	1
../Core/Src/main.c:206:6:AD9959_Set_Phase	1
../Core/Src/main.c:214:6:AD9959_Init	1
../Core/Src/main.c:224:6:IntReset	1
../Core/Src/main.c:232:6:Intserve	1
../Core/Src/main.c:247:6:IO_Update	1
../Core/Src/main.c:261:6:set_dac	5
../Core/Src/main.c:302:5:main	56
../Core/Src/main.c:654:6:SystemClock_Config	3
../Core/Src/main.c:700:13:MX_DAC3_Init	4
../Core/Src/main.c:754:13:MX_OPAMP3_Init	2
../Core/Src/main.c:786:13:MX_OPAMP6_Init	2
../Core/Src/main.c:818:13:MX_SPI1_Init	2
../Core/Src/main.c:858:13:MX_TIM8_Init	3
../Core/Src/main.c:909:13:MX_TIM15_Init	4
../Core/Src/main.c:953:13:MX_DMA_Init	1
../Core/Src/main.c:972:13:MX_GPIO_Init	1
../Core/Src/main.c:1035:6:Error_Handler	1
