../Core/Src/main.c:116:6:AD9959_WriteData	24	static
../Core/Src/main.c:153:6:Write_CFTW0	24	static
../Core/Src/main.c:164:6:AD9959_Set_Freq	24	static
../Core/Src/main.c:172:6:Write_ACR	24	static
../Core/Src/main.c:182:6:AD9959_Set_Ampl	24	static
../Core/Src/main.c:189:6:Write_CPOW0	24	static
../Core/Src/main.c:197:6:AD9959_Set_Phase	24	static
../Core/Src/main.c:205:6:AD9959_Init	16	static
../Core/Src/main.c:215:6:IntReset	8	static
../Core/Src/main.c:223:6:Intserve	8	static
../Core/Src/main.c:238:6:IO_Update	8	static
../Core/Src/main.c:251:6:set_dac	80	static
../Core/Src/main.c:292:5:main	56	static
../Core/Src/main.c:589:6:SystemClock_Config	88	static
../Core/Src/main.c:635:13:MX_DAC3_Init	56	static
../Core/Src/main.c:689:13:MX_OPAMP3_Init	8	static
../Core/Src/main.c:721:13:MX_OPAMP6_Init	8	static
../Core/Src/main.c:753:13:MX_SPI1_Init	8	static
../Core/Src/main.c:793:13:MX_TIM8_Init	56	static
../Core/Src/main.c:844:13:MX_TIM15_Init	40	static
../Core/Src/main.c:888:13:MX_DMA_Init	16	static
../Core/Src/main.c:907:13:MX_GPIO_Init	48	static
../Core/Src/main.c:970:6:Error_Handler	4	static,ignoring_inline_asm
