../Core/Src/main.c:116:6:AD9959_WriteData	6
../Core/Src/main.c:153:6:Write_CFTW0	1
../Core/Src/main.c:164:6:AD9959_Set_Freq	1
../Core/Src/main.c:172:6:Write_ACR	1
../Core/Src/main.c:182:6:AD9959_Set_Ampl	1
../Core/Src/main.c:189:6:Write_CPOW0	1
../Core/Src/main.c:197:6:AD9959_Set_Phase	1
../Core/Src/main.c:205:6:AD9959_Init	1
../Core/Src/main.c:215:6:IntReset	1
../Core/Src/main.c:223:6:Intserve	1
../Core/Src/main.c:238:6:IO_Update	1
../Core/Src/main.c:252:6:set_dac	5
../Core/Src/main.c:293:5:main	48
../Core/Src/main.c:629:6:SystemClock_Config	3
../Core/Src/main.c:675:13:MX_DAC3_Init	4
../Core/Src/main.c:729:13:MX_OPAMP3_Init	2
../Core/Src/main.c:761:13:MX_OPAMP6_Init	2
../Core/Src/main.c:793:13:MX_SPI1_Init	2
../Core/Src/main.c:833:13:MX_TIM8_Init	3
../Core/Src/main.c:884:13:MX_TIM15_Init	4
../Core/Src/main.c:928:13:MX_DMA_Init	1
../Core/Src/main.c:947:13:MX_GPIO_Init	1
../Core/Src/main.c:1010:6:Error_Handler	1
