../Core/Src/tft18.c:12126:6:hsp_tft18_init	8	static
../Core/Src/tft18.c:12180:16:hsp_spi_write_byte	16	static
../Core/Src/tft18.c:12185:6:hsp_tft18_write_cmd	16	static
../Core/Src/tft18.c:12191:6:hsp_tft18_write_byte	16	static
../Core/Src/tft18.c:12197:6:hsp_tft18_write_2byte	16	static
../Core/Src/tft18.c:12211:6:hsp_tft18_set_region	24	static
../Core/Src/tft18.c:12224:6:hsp_tft18_clear	24	static
../Core/Src/tft18.c:12243:6:hsp_tft18_set_xy	16	static
../Core/Src/tft18.c:12254:6:hsp_tft18_draw_pixel	16	static
../Core/Src/tft18.c:12260:6:hsp_tft18_test_color	16	static
../Core/Src/tft18.c:12283:6:hsp_tft18_show_char	32	static
../Core/Src/tft18.c:12304:6:hsp_tft18_show_char_color	32	static
../Core/Src/tft18.c:12325:6:hsp_tft18_show_str	24	static
../Core/Src/tft18.c:12337:6:hsp_tft18_show_str_color	48	static
../Core/Src/tft18.c:12349:6:hsp_tft18_show_char16	32	static
../Core/Src/tft18.c:12382:6:hsp_tft18_show_char24	32	static
../Core/Src/tft18.c:12427:6:hsp_tft18_show_int8	24	static
../Core/Src/tft18.c:12451:6:hsp_tft18_show_int8_color	40	static
../Core/Src/tft18.c:12475:6:hsp_tft18_show_uint8	24	static
../Core/Src/tft18.c:12492:6:hsp_tft18_show_uint8_color	40	static
../Core/Src/tft18.c:12510:6:hsp_tft18_show_int16	24	static
../Core/Src/tft18.c:12536:6:hsp_tft18_show_int16_color	40	static
../Core/Src/tft18.c:12562:6:hsp_tft18_show_uint16	24	static
../Core/Src/tft18.c:12582:6:hsp_tft18_show_uint16_color	40	static
../Core/Src/tft18.c:12601:6:hsp_tft18_draw_line_h	32	static
../Core/Src/tft18.c:12612:6:hsp_tft18_draw_line_v	32	static
../Core/Src/tft18.c:12623:6:hsp_tft18_draw_frame	24	static
../Core/Src/tft18.c:12635:6:hsp_tft18_draw_block	32	static
../Core/Src/tft18.c:12654:6:hsp_tft18_draw_menu_cursor	32	static
../Core/Src/tft18.c:12682:6:hsp_tft18_draw_image	24	static
../Core/Src/tft18.c:12698:6:hsp_tft18_draw_image_dma	24	static
