../Core/Src/main.c:109:8:getHead	4	static
../Core/Src/main.c:117:5:isEmpty	4	static
../Core/Src/main.c:126:6:setxdigit	40	static
../Core/Src/main.c:155:6:getFirstFourDigits	24	static
../Core/Src/main.c:168:9:get_char	16	static
../Core/Src/main.c:203:6:close	16	static
../Core/Src/main.c:218:6:keep_char	16	static
../Core/Src/main.c:239:15:jac_read_pin	24	static
../Core/Src/main.c:256:6:show_4char	16	static
../Core/Src/main.c:275:6:push	16	static
../Core/Src/main.c:282:6:pop	4	static
../Core/Src/main.c:291:9:get	8	static
../Core/Src/main.c:296:6:calculate	48	static
../Core/Src/main.c:352:5:precedence	16	static
../Core/Src/main.c:366:8:calresult	48	static
../Core/Src/main.c:389:6:show_result	16	static
../Core/Src/main.c:413:6:doCalculate	8	static
../Core/Src/main.c:421:6:state_check	16	static
../Core/Src/main.c:442:5:main	8	static
../Core/Src/main.c:491:6:SystemClock_Config	88	static
../Core/Src/main.c:532:13:MX_GPIO_Init	48	static
../Core/Src/main.c:607:6:Error_Handler	4	static,ignoring_inline_asm
